192.168.33.143 - - [08/Oct/2018:12:33:18 -0400] "GET /wp-content/plugins/contact-form-7/includes/css/styles.css?ver=5.0.3 HTTP/1.1" 200 992 "http://dev.avessoc.org.ve/avessoc-registro-paciente/?preview=true" "Mozilla/5.0 (Windows NT 6.1; Win64; x64) AppleWebKit/537.36 (KHTML, like Gecko) Chrome/69.0.3497.100 Safari/537.36"
192.168.33.143 - - [08/Oct/2018:12:33:18 -0400] "GET /wp-content/themes/hestia/assets/bootstrap/css/bootstrap.min.css?ver=1.0.1 HTTP/1.1" 200 13333 "http://dev.avessoc.org.ve/avessoc-registro-paciente/?preview=true" "Mozilla/5.0 (Windows NT 6.1; Win64; x64) AppleWebKit/537.36 (KHTML, like Gecko) Chrome/69.0.3497.100 Safari/537.36"
192.168.33.143 - - [08/Oct/2018:12:33:18 -0400] "GET /wp-content/plugins/livemesh-siteorigin-widgets/assets/css/lsow-frontend.css?ver=2.3 HTTP/1.1" 200 4158 "http://dev.avessoc.org.ve/avessoc-registro-paciente/?preview=true" "Mozilla/5.0 (Windows NT 6.1; Win64; x64) AppleWebKit/537.36 (KHTML, like Gecko) Chrome/69.0.3497.100 Safari/537.36"
192.168.33.143 - - [08/Oct/2018:12:33:18 -0400] "GET /wp-content/plugins/wordfence/css/wordfenceBox.1533058343.css?ver=7.1.10 HTTP/1.1" 200 2154 "http://dev.avessoc.org.ve/avessoc-registro-paciente/?preview=true" "Mozilla/5.0 (Windows NT 6.1; Win64; x64) AppleWebKit/537.36 (KHTML, like Gecko) Chrome/69.0.3497.100 Safari/537.36"
192.168.33.143 - - [08/Oct/2018:12:33:18 -0400] "GET /wp-content/themes/hestia-child/style.css?ver=4.9.8 HTTP/1.1" 200 613 "http://dev.avessoc.org.ve/avessoc-registro-paciente/?preview=true" "Mozilla/5.0 (Windows NT 6.1; Win64; x64) AppleWebKit/537.36 (KHTML, like Gecko) Chrome/69.0.3497.100 Safari/537.36"
192.168.33.143 - - [08/Oct/2018:12:33:18 -0400] "GET /wp-content/plugins/livemesh-siteorigin-widgets/assets/css/icomoon.css?ver=2.3 HTTP/1.1" 200 2436 "http://dev.avessoc.org.ve/avessoc-registro-paciente/?preview=true" "Mozilla/5.0 (Windows NT 6.1; Win64; x64) AppleWebKit/537.36 (KHTML, like Gecko) Chrome/69.0.3497.100 Safari/537.36"
192.168.33.143 - - [08/Oct/2018:12:33:18 -0400] "GET /wp-content/themes/hestia/assets/css/font-sizes.css?ver=1.1.83 HTTP/1.1" 200 1274 "http://dev.avessoc.org.ve/avessoc-registro-paciente/?preview=true" "Mozilla/5.0 (Windows NT 6.1; Win64; x64) AppleWebKit/537.36 (KHTML, like Gecko) Chrome/69.0.3497.100 Safari/537.36"
192.168.33.143 - - [08/Oct/2018:12:33:18 -0400] "GET /wp-content/plugins/livemesh-siteorigin-widgets/assets/css/animate.css?ver=2.3 HTTP/1.1" 200 18011 "http://dev.avessoc.org.ve/avessoc-registro-paciente/?preview=true" "Mozilla/5.0 (Windows NT 6.1; Win64; x64) AppleWebKit/537.36 (KHTML, like Gecko) Chrome/69.0.3497.100 Safari/537.36"
192.168.33.143 - - [08/Oct/2018:12:33:18 -0400] "GET /wp-content/plugins/elementor/assets/lib/font-awesome/css/font-awesome.min.css?ver=4.7.0 HTTP/1.1" 200 7374 "http://dev.avessoc.org.ve/avessoc-registro-paciente/?preview=true" "Mozilla/5.0 (Windows NT 6.1; Win64; x64) AppleWebKit/537.36 (KHTML, like Gecko) Chrome/69.0.3497.100 Safari/537.36"
192.168.33.143 - - [08/Oct/2018:12:33:18 -0400] "GET /wp-content/themes/hestia-child/style.css?ver=1.1.83 HTTP/1.1" 200 613 "http://dev.avessoc.org.ve/avessoc-registro-paciente/?preview=true" "Mozilla/5.0 (Windows NT 6.1; Win64; x64) AppleWebKit/537.36 (KHTML, like Gecko) Chrome/69.0.3497.100 Safari/537.36"
192.168.33.143 - - [08/Oct/2018:12:33:18 -0400] "GET /wp-content/plugins/authorizer/css/authorizer-public.css?ver=2.8.0 HTTP/1.1" 200 307 "http://dev.avessoc.org.ve/avessoc-registro-paciente/?preview=true" "Mozilla/5.0 (Windows NT 6.1; Win64; x64) AppleWebKit/537.36 (KHTML, like Gecko) Chrome/69.0.3497.100 Safari/537.36"
192.168.33.143 - - [08/Oct/2018:12:33:18 -0400] "GET /wp-content/themes/hestia-child/css/new-styles.css?ver=1.0.0 HTTP/1.1" 200 2124 "http://dev.avessoc.org.ve/avessoc-registro-paciente/?preview=true" "Mozilla/5.0 (Windows NT 6.1; Win64; x64) AppleWebKit/537.36 (KHTML, like Gecko) Chrome/69.0.3497.100 Safari/537.36"
192.168.33.143 - - [08/Oct/2018:12:33:18 -0400] "GET /wp-content/plugins/pirate-forms/public/js/custom-spam.js?ver=4.9.8 HTTP/1.1" 200 833 "http://dev.avessoc.org.ve/avessoc-registro-paciente/?preview=true" "Mozilla/5.0 (Windows NT 6.1; Win64; x64) AppleWebKit/537.36 (KHTML, like Gecko) Chrome/69.0.3497.100 Safari/537.36"
192.168.33.143 - - [08/Oct/2018:12:33:18 -0400] "GET /wp-includes/js/jquery/jquery-migrate.min.js?ver=1.4.1 HTTP/1.1" 200 4349 "http://dev.avessoc.org.ve/avessoc-registro-paciente/?preview=true" "Mozilla/5.0 (Windows NT 6.1; Win64; x64) AppleWebKit/537.36 (KHTML, like Gecko) Chrome/69.0.3497.100 Safari/537.36"
192.168.33.143 - - [08/Oct/2018:12:33:18 -0400] "GET /wp-includes/js/wp-emoji-release.min.js?ver=4.9.8 HTTP/1.1" 200 4717 "http://dev.avessoc.org.ve/avessoc-registro-paciente/?preview=true" "Mozilla/5.0 (Windows NT 6.1; Win64; x64) AppleWebKit/537.36 (KHTML, like Gecko) Chrome/69.0.3497.100 Safari/537.36"
192.168.33.143 - - [08/Oct/2018:12:33:18 -0400] "GET /wp-includes/js/jquery/jquery.js?ver=1.12.4 HTTP/1.1" 200 34102 "http://dev.avessoc.org.ve/avessoc-registro-paciente/?preview=true" "Mozilla/5.0 (Windows NT 6.1; Win64; x64) AppleWebKit/537.36 (KHTML, like Gecko) Chrome/69.0.3497.100 Safari/537.36"
192.168.33.143 - - [08/Oct/2018:12:33:18 -0400] "GET /wp-content/plugins/authorizer/js/authorizer-public.js?ver=2.8.0 HTTP/1.1" 200 804 "http://dev.avessoc.org.ve/avessoc-registro-paciente/?preview=true" "Mozilla/5.0 (Windows NT 6.1; Win64; x64) AppleWebKit/537.36 (KHTML, like Gecko) Chrome/69.0.3497.100 Safari/537.36"
192.168.33.143 - - [08/Oct/2018:12:33:18 -0400] "GET /wp-content/uploads/2017/06/cropped-Logo-Avessoc-peque.png HTTP/1.1" 200 30212 "http://dev.avessoc.org.ve/avessoc-registro-paciente/?preview=true" "Mozilla/5.0 (Windows NT 6.1; Win64; x64) AppleWebKit/537.36 (KHTML, like Gecko) Chrome/69.0.3497.100 Safari/537.36"
192.168.33.143 - - [08/Oct/2018:12:33:18 -0400] "GET /wp-content/plugins/wordfence/js/admin.ajaxWatcher.1533058343.js?ver=7.1.10 HTTP/1.1" 200 5998 "http://dev.avessoc.org.ve/avessoc-registro-paciente/?preview=true" "Mozilla/5.0 (Windows NT 6.1; Win64; x64) AppleWebKit/537.36 (KHTML, like Gecko) Chrome/69.0.3497.100 Safari/537.36"
192.168.33.143 - - [08/Oct/2018:12:33:18 -0400] "GET /wp-content/themes/hestia/style.css HTTP/1.1" 200 29509 "http://dev.avessoc.org.ve/avessoc-registro-paciente/?preview=true" "Mozilla/5.0 (Windows NT 6.1; Win64; x64) AppleWebKit/537.36 (KHTML, like Gecko) Chrome/69.0.3497.100 Safari/537.36"
192.168.33.143 - - [08/Oct/2018:12:33:18 -0400] "GET /wp-content/plugins/elementor/assets/lib/font-awesome/fonts/fontawesome-webfont.woff2?v=4.7.0 HTTP/1.1" 200 77411 "http://dev.avessoc.org.ve/wp-content/plugins/elementor/assets/lib/font-awesome/css/font-awesome.min.css?ver=4.7.0" "Mozilla/5.0 (Windows NT 6.1; Win64; x64) AppleWebKit/537.36 (KHTML, like Gecko) Chrome/69.0.3497.100 Safari/537.36"
192.168.33.143 - - [08/Oct/2018:12:33:18 -0400] "GET /wp-content/uploads/2017/06/cropped-Logo-Avessoc-ico-32x32.png HTTP/1.1" 200 5108 "http://dev.avessoc.org.ve/avessoc-registro-paciente/?preview=true" "Mozilla/5.0 (Windows NT 6.1; Win64; x64) AppleWebKit/537.36 (KHTML, like Gecko) Chrome/69.0.3497.100 Safari/537.36"
192.168.33.143 - - [08/Oct/2018:12:33:30 -0400] "POST /wp-admin/admin-ajax.php?_fs_blog_admin=true HTTP/1.1" 200 594 "http://dev.avessoc.org.ve/wp-admin/edit.php?post_type=page" "Mozilla/5.0 (Windows NT 6.1; Win64; x64) AppleWebKit/537.36 (KHTML, like Gecko) Chrome/69.0.3497.100 Safari/537.36"
200.2.12.146 - - [08/Oct/2018:12:33:46 -0400] "POST /wp-admin/admin-ajax.php?_fs_blog_admin=true HTTP/1.1" 200 523 "http://dev.avessoc.org.ve/wp-admin/admin.php?page=smart-slider-3&nextendcontroller=sliders&nextendaction=embed" "Mozilla/5.0 (X11; Linux x86_64; rv:62.0) Gecko/20100101 Firefox/62.0"
192.168.33.143 - - [08/Oct/2018:12:35:31 -0400] "POST /wp-admin/admin-ajax.php?_fs_blog_admin=true HTTP/1.1" 200 594 "http://dev.avessoc.org.ve/wp-admin/edit.php?post_type=page" "Mozilla/5.0 (Windows NT 6.1; Win64; x64) AppleWebKit/537.36 (KHTML, like Gecko) Chrome/69.0.3497.100 Safari/537.36"
192.168.33.143 - - [08/Oct/2018:12:35:43 -0400] "GET /avessoc-registro-paciente/?preview=true HTTP/1.1" 200 36634 "http://dev.avessoc.org.ve/wp-admin/post.php?post=2344&action=edit" "Mozilla/5.0 (Windows NT 6.1; Win64; x64) AppleWebKit/537.36 (KHTML, like Gecko) Chrome/69.0.3497.100 Safari/537.36"
192.168.33.143 - - [08/Oct/2018:12:35:45 -0400] "GET /wp-includes/css/admin-bar.min.css?ver=4.9.8 HTTP/1.1" 200 4232 "http://dev.avessoc.org.ve/avessoc-registro-paciente/?preview=true" "Mozilla/5.0 (Windows NT 6.1; Win64; x64) AppleWebKit/537.36 (KHTML, like Gecko) Chrome/69.0.3497.100 Safari/537.36"
192.168.33.143 - - [08/Oct/2018:12:35:45 -0400] "GET /wp-includes/css/dashicons.min.css?ver=4.9.8 HTTP/1.1" 200 28967 "http://dev.avessoc.org.ve/avessoc-registro-paciente/?preview=true" "Mozilla/5.0 (Windows NT 6.1; Win64; x64) AppleWebKit/537.36 (KHTML, like Gecko) Chrome/69.0.3497.100 Safari/537.36"
192.168.33.143 - - [08/Oct/2018:12:35:45 -0400] "GET /wp-content/themes/hestia/assets/css/font-sizes.css?ver=1.1.83 HTTP/1.1" 200 1274 "http://dev.avessoc.org.ve/avessoc-registro-paciente/?preview=true" "Mozilla/5.0 (Windows NT 6.1; Win64; x64) AppleWebKit/537.36 (KHTML, like Gecko) Chrome/69.0.3497.100 Safari/537.36"
192.168.33.143 - - [08/Oct/2018:12:35:45 -0400] "GET /wp-content/plugins/contact-form-7/includes/css/styles.css?ver=5.0.3 HTTP/1.1" 200 992 "http://dev.avessoc.org.ve/avessoc-registro-paciente/?preview=true" "Mozilla/5.0 (Windows NT 6.1; Win64; x64) AppleWebKit/537.36 (KHTML, like Gecko) Chrome/69.0.3497.100 Safari/537.36"
192.168.33.143 - - [08/Oct/2018:12:35:45 -0400] "GET /wp-content/themes/hestia/assets/bootstrap/css/bootstrap.min.css?ver=1.0.1 HTTP/1.1" 200 13333 "http://dev.avessoc.org.ve/avessoc-registro-paciente/?preview=true" "Mozilla/5.0 (Windows NT 6.1; Win64; x64) AppleWebKit/537.36 (KHTML, like Gecko) Chrome/69.0.3497.100 Safari/537.36"
192.168.33.143 - - [08/Oct/2018:12:35:45 -0400] "GET /wp-content/plugins/livemesh-siteorigin-widgets/assets/css/lsow-frontend.css?ver=2.3 HTTP/1.1" 200 4158 "http://dev.avessoc.org.ve/avessoc-registro-paciente/?preview=true" "Mozilla/5.0 (Windows NT 6.1; Win64; x64) AppleWebKit/537.36 (KHTML, like Gecko) Chrome/69.0.3497.100 Safari/537.36"
192.168.33.143 - - [08/Oct/2018:12:35:45 -0400] "GET /wp-content/plugins/livemesh-siteorigin-widgets/assets/css/icomoon.css?ver=2.3 HTTP/1.1" 200 2436 "http://dev.avessoc.org.ve/avessoc-registro-paciente/?preview=true" "Mozilla/5.0 (Windows NT 6.1; Win64; x64) AppleWebKit/537.36 (KHTML, like Gecko) Chrome/69.0.3497.100 Safari/537.36"
192.168.33.143 - - [08/Oct/2018:12:35:45 -0400] "GET /wp-content/themes/hestia-child/style.css?ver=4.9.8 HTTP/1.1" 200 613 "http://dev.avessoc.org.ve/avessoc-registro-paciente/?preview=true" "Mozilla/5.0 (Windows NT 6.1; Win64; x64) AppleWebKit/537.36 (KHTML, like Gecko) Chrome/69.0.3497.100 Safari/537.36"
192.168.33.143 - - [08/Oct/2018:12:35:45 -0400] "GET /wp-content/plugins/wordfence/css/wordfenceBox.1533058343.css?ver=7.1.10 HTTP/1.1" 200 2154 "http://dev.avessoc.org.ve/avessoc-registro-paciente/?preview=true" "Mozilla/5.0 (Windows NT 6.1; Win64; x64) AppleWebKit/537.36 (KHTML, like Gecko) Chrome/69.0.3497.100 Safari/537.36"
192.168.33.143 - - [08/Oct/2018:12:35:45 -0400] "GET /wp-content/plugins/livemesh-siteorigin-widgets/assets/css/animate.css?ver=2.3 HTTP/1.1" 200 18011 "http://dev.avessoc.org.ve/avessoc-registro-paciente/?preview=true" "Mozilla/5.0 (Windows NT 6.1; Win64; x64) AppleWebKit/537.36 (KHTML, like Gecko) Chrome/69.0.3497.100 Safari/537.36"
192.168.33.143 - - [08/Oct/2018:12:35:45 -0400] "GET /wp-content/themes/hestia-child/css/new-styles.css?ver=1.0.0 HTTP/1.1" 200 2124 "http://dev.avessoc.org.ve/avessoc-registro-paciente/?preview=true" "Mozilla/5.0 (Windows NT 6.1; Win64; x64) AppleWebKit/537.36 (KHTML, like Gecko) Chrome/69.0.3497.100 Safari/537.36"
192.168.33.143 - - [08/Oct/2018:12:35:45 -0400] "GET /wp-content/plugins/authorizer/css/authorizer-public.css?ver=2.8.0 HTTP/1.1" 200 307 "http://dev.avessoc.org.ve/avessoc-registro-paciente/?preview=true" "Mozilla/5.0 (Windows NT 6.1; Win64; x64) AppleWebKit/537.36 (KHTML, like Gecko) Chrome/69.0.3497.100 Safari/537.36"
192.168.33.143 - - [08/Oct/2018:12:35:45 -0400] "GET /wp-content/plugins/elementor/assets/lib/font-awesome/css/font-awesome.min.css?ver=4.7.0 HTTP/1.1" 200 7374 "http://dev.avessoc.org.ve/avessoc-registro-paciente/?preview=true" "Mozilla/5.0 (Windows NT 6.1; Win64; x64) AppleWebKit/537.36 (KHTML, like Gecko) Chrome/69.0.3497.100 Safari/537.36"
192.168.33.143 - - [08/Oct/2018:12:35:45 -0400] "GET /wp-content/themes/hestia-child/style.css?ver=1.1.83 HTTP/1.1" 200 613 "http://dev.avessoc.org.ve/avessoc-registro-paciente/?preview=true" "Mozilla/5.0 (Windows NT 6.1; Win64; x64) AppleWebKit/537.36 (KHTML, like Gecko) Chrome/69.0.3497.100 Safari/537.36"
192.168.33.143 - - [08/Oct/2018:12:35:45 -0400] "GET /wp-includes/js/jquery/jquery-migrate.min.js?ver=1.4.1 HTTP/1.1" 200 4349 "http://dev.avessoc.org.ve/avessoc-registro-paciente/?preview=true" "Mozilla/5.0 (Windows NT 6.1; Win64; x64) AppleWebKit/537.36 (KHTML, like Gecko) Chrome/69.0.3497.100 Safari/537.36"
192.168.33.143 - - [08/Oct/2018:12:35:45 -0400] "GET /wp-content/plugins/pirate-forms/public/js/custom-spam.js?ver=4.9.8 HTTP/1.1" 200 833 "http://dev.avessoc.org.ve/avessoc-registro-paciente/?preview=true" "Mozilla/5.0 (Windows NT 6.1; Win64; x64) AppleWebKit/537.36 (KHTML, like Gecko) Chrome/69.0.3497.100 Safari/537.36"
192.168.33.143 - - [08/Oct/2018:12:35:45 -0400] "GET /wp-content/plugins/wordfence/js/admin.ajaxWatcher.1533058343.js?ver=7.1.10 HTTP/1.1" 200 5998 "http://dev.avessoc.org.ve/avessoc-registro-paciente/?preview=true" "Mozilla/5.0 (Windows NT 6.1; Win64; x64) AppleWebKit/537.36 (KHTML, like Gecko) Chrome/69.0.3497.100 Safari/537.36"
192.168.33.143 - - [08/Oct/2018:12:35:45 -0400] "GET /wp-includes/js/wp-emoji-release.min.js?ver=4.9.8 HTTP/1.1" 200 4717 "http://dev.avessoc.org.ve/avessoc-registro-paciente/?preview=true" "Mozilla/5.0 (Windows NT 6.1; Win64; x64) AppleWebKit/537.36 (KHTML, like Gecko) Chrome/69.0.3497.100 Safari/537.36"
192.168.33.143 - - [08/Oct/2018:12:35:45 -0400] "GET /wp-content/plugins/authorizer/js/authorizer-public.js?ver=2.8.0 HTTP/1.1" 200 804 "http://dev.avessoc.org.ve/avessoc-registro-paciente/?preview=true" "Mozilla/5.0 (Windows NT 6.1; Win64; x64) AppleWebKit/537.36 (KHTML, like Gecko) Chrome/69.0.3497.100 Safari/537.36"
192.168.33.143 - - [08/Oct/2018:12:35:45 -0400] "GET /wp-content/uploads/2017/06/cropped-Logo-Avessoc-peque.png HTTP/1.1" 200 30212 "http://dev.avessoc.org.ve/avessoc-registro-paciente/?preview=true" "Mozilla/5.0 (Windows NT 6.1; Win64; x64) AppleWebKit/537.36 (KHTML, like Gecko) Chrome/69.0.3497.100 Safari/537.36"
192.168.33.143 - - [08/Oct/2018:12:35:45 -0400] "GET /wp-content/themes/hestia/style.css HTTP/1.1" 200 29509 "http://dev.avessoc.org.ve/avessoc-registro-paciente/?preview=true" "Mozilla/5.0 (Windows NT 6.1; Win64; x64) AppleWebKit/537.36 (KHTML, like Gecko) Chrome/69.0.3497.100 Safari/537.36"
192.168.33.143 - - [08/Oct/2018:12:35:45 -0400] "GET /wp-includes/js/jquery/jquery.js?ver=1.12.4 HTTP/1.1" 200 34102 "http://dev.avessoc.org.ve/avessoc-registro-paciente/?preview=true" "Mozilla/5.0 (Windows NT 6.1; Win64; x64) AppleWebKit/537.36 (KHTML, like Gecko) Chrome/69.0.3497.100 Safari/537.36"
192.168.33.143 - - [08/Oct/2018:12:35:45 -0400] "GET /wp-content/plugins/elementor/assets/lib/font-awesome/fonts/fontawesome-webfont.woff2?v=4.7.0 HTTP/1.1" 200 77411 "http://dev.avessoc.org.ve/wp-content/plugins/elementor/assets/lib/font-awesome/css/font-awesome.min.css?ver=4.7.0" "Mozilla/5.0 (Windows NT 6.1; Win64; x64) AppleWebKit/537.36 (KHTML, like Gecko) Chrome/69.0.3497.100 Safari/537.36"
200.2.12.146 - - [08/Oct/2018:12:35:46 -0400] "POST /wp-admin/admin-ajax.php?_fs_blog_admin=true HTTP/1.1" 200 523 "http://dev.avessoc.org.ve/wp-admin/admin.php?page=smart-slider-3&nextendcontroller=sliders&nextendaction=embed" "Mozilla/5.0 (X11; Linux x86_64; rv:62.0) Gecko/20100101 Firefox/62.0"
192.168.33.143 - - [08/Oct/2018:12:35:50 -0400] "GET /wp-content/uploads/2017/06/cropped-Logo-Avessoc-ico-32x32.png HTTP/1.1" 200 5109 "http://dev.avessoc.org.ve/avessoc-registro-paciente/?preview=true" "Mozilla/5.0 (Windows NT 6.1; Win64; x64) AppleWebKit/537.36 (KHTML, like Gecko) Chrome/69.0.3497.100 Safari/537.36"
192.168.33.143 - - [08/Oct/2018:12:36:40 -0400] "GET /avessoc-registro-paciente/?preview=true HTTP/1.1" 200 36630 "http://dev.avessoc.org.ve/wp-admin/post.php?post=2344&action=edit" "Mozilla/5.0 (Windows NT 6.1; Win64; x64) AppleWebKit/537.36 (KHTML, like Gecko) Chrome/69.0.3497.100 Safari/537.36"
192.168.33.143 - - [08/Oct/2018:12:36:42 -0400] "GET /wp-includes/css/dashicons.min.css?ver=4.9.8 HTTP/1.1" 200 28967 "http://dev.avessoc.org.ve/avessoc-registro-paciente/?preview=true" "Mozilla/5.0 (Windows NT 6.1; Win64; x64) AppleWebKit/537.36 (KHTML, like Gecko) Chrome/69.0.3497.100 Safari/537.36"
192.168.33.143 - - [08/Oct/2018:12:36:42 -0400] "GET /wp-content/themes/hestia/assets/bootstrap/css/bootstrap.min.css?ver=1.0.1 HTTP/1.1" 200 13333 "http://dev.avessoc.org.ve/avessoc-registro-paciente/?preview=true" "Mozilla/5.0 (Windows NT 6.1; Win64; x64) AppleWebKit/537.36 (KHTML, like Gecko) Chrome/69.0.3497.100 Safari/537.36"
192.168.33.143 - - [08/Oct/2018:12:36:42 -0400] "GET /wp-content/plugins/contact-form-7/includes/css/styles.css?ver=5.0.3 HTTP/1.1" 200 992 "http://dev.avessoc.org.ve/avessoc-registro-paciente/?preview=true" "Mozilla/5.0 (Windows NT 6.1; Win64; x64) AppleWebKit/537.36 (KHTML, like Gecko) Chrome/69.0.3497.100 Safari/537.36"
192.168.33.143 - - [08/Oct/2018:12:36:42 -0400] "GET /wp-content/themes/hestia/assets/css/font-sizes.css?ver=1.1.83 HTTP/1.1" 200 1274 "http://dev.avessoc.org.ve/avessoc-registro-paciente/?preview=true" "Mozilla/5.0 (Windows NT 6.1; Win64; x64) AppleWebKit/537.36 (KHTML, like Gecko) Chrome/69.0.3497.100 Safari/537.36"
192.168.33.143 - - [08/Oct/2018:12:36:42 -0400] "GET /wp-content/plugins/livemesh-siteorigin-widgets/assets/css/icomoon.css?ver=2.3 HTTP/1.1" 200 2436 "http://dev.avessoc.org.ve/avessoc-registro-paciente/?preview=true" "Mozilla/5.0 (Windows NT 6.1; Win64; x64) AppleWebKit/537.36 (KHTML, like Gecko) Chrome/69.0.3497.100 Safari/537.36"
192.168.33.143 - - [08/Oct/2018:12:36:42 -0400] "GET /wp-includes/css/admin-bar.min.css?ver=4.9.8 HTTP/1.1" 200 4232 "http://dev.avessoc.org.ve/avessoc-registro-paciente/?preview=true" "Mozilla/5.0 (Windows NT 6.1; Win64; x64) AppleWebKit/537.36 (KHTML, like Gecko) Chrome/69.0.3497.100 Safari/537.36"
192.168.33.143 - - [08/Oct/2018:12:36:42 -0400] "GET /wp-content/plugins/livemesh-siteorigin-widgets/assets/css/lsow-frontend.css?ver=2.3 HTTP/1.1" 200 4158 "http://dev.avessoc.org.ve/avessoc-registro-paciente/?preview=true" "Mozilla/5.0 (Windows NT 6.1; Win64; x64) AppleWebKit/537.36 (KHTML, like Gecko) Chrome/69.0.3497.100 Safari/537.36"
192.168.33.143 - - [08/Oct/2018:12:36:42 -0400] "GET /wp-content/themes/hestia-child/style.css?ver=4.9.8 HTTP/1.1" 200 613 "http://dev.avessoc.org.ve/avessoc-registro-paciente/?preview=true" "Mozilla/5.0 (Windows NT 6.1; Win64; x64) AppleWebKit/537.36 (KHTML, like Gecko) Chrome/69.0.3497.100 Safari/537.36"
192.168.33.143 - - [08/Oct/2018:12:36:42 -0400] "GET /wp-content/plugins/authorizer/css/authorizer-public.css?ver=2.8.0 HTTP/1.1" 200 307 "http://dev.avessoc.org.ve/avessoc-registro-paciente/?preview=true" "Mozilla/5.0 (Windows NT 6.1; Win64; x64) AppleWebKit/537.36 (KHTML, like Gecko) Chrome/69.0.3497.100 Safari/537.36"
192.168.33.143 - - [08/Oct/2018:12:36:42 -0400] "GET /wp-content/plugins/livemesh-siteorigin-widgets/assets/css/animate.css?ver=2.3 HTTP/1.1" 200 18011 "http://dev.avessoc.org.ve/avessoc-registro-paciente/?preview=true" "Mozilla/5.0 (Windows NT 6.1; Win64; x64) AppleWebKit/537.36 (KHTML, like Gecko) Chrome/69.0.3497.100 Safari/537.36"
192.168.33.143 - - [08/Oct/2018:12:36:42 -0400] "GET /wp-content/plugins/wordfence/css/wordfenceBox.1533058343.css?ver=7.1.10 HTTP/1.1" 200 2154 "http://dev.avessoc.org.ve/avessoc-registro-paciente/?preview=true" "Mozilla/5.0 (Windows NT 6.1; Win64; x64) AppleWebKit/537.36 (KHTML, like Gecko) Chrome/69.0.3497.100 Safari/537.36"
192.168.33.143 - - [08/Oct/2018:12:36:42 -0400] "GET /wp-content/themes/hestia-child/css/new-styles.css?ver=1.0.0 HTTP/1.1" 200 2124 "http://dev.avessoc.org.ve/avessoc-registro-paciente/?preview=true" "Mozilla/5.0 (Windows NT 6.1; Win64; x64) AppleWebKit/537.36 (KHTML, like Gecko) Chrome/69.0.3497.100 Safari/537.36"
192.168.33.143 - - [08/Oct/2018:12:36:42 -0400] "GET /wp-content/themes/hestia-child/style.css?ver=1.1.83 HTTP/1.1" 200 613 "http://dev.avessoc.org.ve/avessoc-registro-paciente/?preview=true" "Mozilla/5.0 (Windows NT 6.1; Win64; x64) AppleWebKit/537.36 (KHTML, like Gecko) Chrome/69.0.3497.100 Safari/537.36"
192.168.33.143 - - [08/Oct/2018:12:36:42 -0400] "GET /wp-content/plugins/elementor/assets/lib/font-awesome/css/font-awesome.min.css?ver=4.7.0 HTTP/1.1" 200 7374 "http://dev.avessoc.org.ve/avessoc-registro-paciente/?preview=true" "Mozilla/5.0 (Windows NT 6.1; Win64; x64) AppleWebKit/537.36 (KHTML, like Gecko) Chrome/69.0.3497.100 Safari/537.36"
192.168.33.143 - - [08/Oct/2018:12:36:42 -0400] "GET /wp-includes/js/jquery/jquery-migrate.min.js?ver=1.4.1 HTTP/1.1" 200 4349 "http://dev.avessoc.org.ve/avessoc-registro-paciente/?preview=true" "Mozilla/5.0 (Windows NT 6.1; Win64; x64) AppleWebKit/537.36 (KHTML, like Gecko) Chrome/69.0.3497.100 Safari/537.36"
192.168.33.143 - - [08/Oct/2018:12:36:42 -0400] "GET /wp-content/plugins/wordfence/js/admin.ajaxWatcher.1533058343.js?ver=7.1.10 HTTP/1.1" 200 5998 "http://dev.avessoc.org.ve/avessoc-registro-paciente/?preview=true" "Mozilla/5.0 (Windows NT 6.1; Win64; x64) AppleWebKit/537.36 (KHTML, like Gecko) Chrome/69.0.3497.100 Safari/537.36"
192.168.33.143 - - [08/Oct/2018:12:36:42 -0400] "GET /wp-content/plugins/pirate-forms/public/js/custom-spam.js?ver=4.9.8 HTTP/1.1" 200 833 "http://dev.avessoc.org.ve/avessoc-registro-paciente/?preview=true" "Mozilla/5.0 (Windows NT 6.1; Win64; x64) AppleWebKit/537.36 (KHTML, like Gecko) Chrome/69.0.3497.100 Safari/537.36"
192.168.33.143 - - [08/Oct/2018:12:36:42 -0400] "GET /wp-includes/js/jquery/jquery.js?ver=1.12.4 HTTP/1.1" 200 34102 "http://dev.avessoc.org.ve/avessoc-registro-paciente/?preview=true" "Mozilla/5.0 (Windows NT 6.1; Win64; x64) AppleWebKit/537.36 (KHTML, like Gecko) Chrome/69.0.3497.100 Safari/537.36"
192.168.33.143 - - [08/Oct/2018:12:36:42 -0400] "GET /wp-content/plugins/authorizer/js/authorizer-public.js?ver=2.8.0 HTTP/1.1" 200 804 "http://dev.avessoc.org.ve/avessoc-registro-paciente/?preview=true" "Mozilla/5.0 (Windows NT 6.1; Win64; x64) AppleWebKit/537.36 (KHTML, like Gecko) Chrome/69.0.3497.100 Safari/537.36"
192.168.33.143 - - [08/Oct/2018:12:36:42 -0400] "GET /wp-content/uploads/2017/06/cropped-Logo-Avessoc-peque.png HTTP/1.1" 200 30212 "http://dev.avessoc.org.ve/avessoc-registro-paciente/?preview=true" "Mozilla/5.0 (Windows NT 6.1; Win64; x64) AppleWebKit/537.36 (KHTML, like Gecko) Chrome/69.0.3497.100 Safari/537.36"
192.168.33.143 - - [08/Oct/2018:12:36:42 -0400] "GET /wp-includes/js/wp-emoji-release.min.js?ver=4.9.8 HTTP/1.1" 200 4717 "http://dev.avessoc.org.ve/avessoc-registro-paciente/?preview=true" "Mozilla/5.0 (Windows NT 6.1; Win64; x64) AppleWebKit/537.36 (KHTML, like Gecko) Chrome/69.0.3497.100 Safari/537.36"
192.168.33.143 - - [08/Oct/2018:12:36:42 -0400] "GET /wp-content/themes/hestia/style.css HTTP/1.1" 200 29509 "http://dev.avessoc.org.ve/avessoc-registro-paciente/?preview=true" "Mozilla/5.0 (Windows NT 6.1; Win64; x64) AppleWebKit/537.36 (KHTML, like Gecko) Chrome/69.0.3497.100 Safari/537.36"
192.168.33.143 - - [08/Oct/2018:12:36:42 -0400] "GET /wp-content/plugins/elementor/assets/lib/font-awesome/fonts/fontawesome-webfont.woff2?v=4.7.0 HTTP/1.1" 200 77411 "http://dev.avessoc.org.ve/wp-content/plugins/elementor/assets/lib/font-awesome/css/font-awesome.min.css?ver=4.7.0" "Mozilla/5.0 (Windows NT 6.1; Win64; x64) AppleWebKit/537.36 (KHTML, like Gecko) Chrome/69.0.3497.100 Safari/537.36"
192.168.33.143 - - [08/Oct/2018:12:36:43 -0400] "GET /wp-content/uploads/2017/06/cropped-Logo-Avessoc-ico-32x32.png HTTP/1.1" 200 5108 "http://dev.avessoc.org.ve/avessoc-registro-paciente/?preview=true" "Mozilla/5.0 (Windows NT 6.1; Win64; x64) AppleWebKit/537.36 (KHTML, like Gecko) Chrome/69.0.3497.100 Safari/537.36"
192.168.33.143 - - [08/Oct/2018:12:37:32 -0400] "POST /wp-admin/admin-ajax.php?_fs_blog_admin=true HTTP/1.1" 200 594 "http://dev.avessoc.org.ve/wp-admin/edit.php?post_type=page" "Mozilla/5.0 (Windows NT 6.1; Win64; x64) AppleWebKit/537.36 (KHTML, like Gecko) Chrome/69.0.3497.100 Safari/537.36"
200.2.12.146 - - [08/Oct/2018:12:37:46 -0400] "POST /wp-admin/admin-ajax.php?_fs_blog_admin=true HTTP/1.1" 200 523 "http://dev.avessoc.org.ve/wp-admin/admin.php?page=smart-slider-3&nextendcontroller=sliders&nextendaction=embed" "Mozilla/5.0 (X11; Linux x86_64; rv:62.0) Gecko/20100101 Firefox/62.0"
192.168.33.143 - - [08/Oct/2018:12:39:33 -0400] "POST /wp-admin/admin-ajax.php?_fs_blog_admin=true HTTP/1.1" 200 594 "http://dev.avessoc.org.ve/wp-admin/edit.php?post_type=page" "Mozilla/5.0 (Windows NT 6.1; Win64; x64) AppleWebKit/537.36 (KHTML, like Gecko) Chrome/69.0.3497.100 Safari/537.36"
200.2.12.146 - - [08/Oct/2018:12:39:46 -0400] "POST /wp-admin/admin-ajax.php?_fs_blog_admin=true HTTP/1.1" 200 523 "http://dev.avessoc.org.ve/wp-admin/admin.php?page=smart-slider-3&nextendcontroller=sliders&nextendaction=embed" "Mozilla/5.0 (X11; Linux x86_64; rv:62.0) Gecko/20100101 Firefox/62.0"
192.168.33.143 - - [08/Oct/2018:12:41:34 -0400] "POST /wp-admin/admin-ajax.php?_fs_blog_admin=true HTTP/1.1" 200 594 "http://dev.avessoc.org.ve/wp-admin/edit.php?post_type=page" "Mozilla/5.0 (Windows NT 6.1; Win64; x64) AppleWebKit/537.36 (KHTML, like Gecko) Chrome/69.0.3497.100 Safari/537.36"
200.2.12.146 - - [08/Oct/2018:12:41:46 -0400] "POST /wp-admin/admin-ajax.php?_fs_blog_admin=true HTTP/1.1" 200 523 "http://dev.avessoc.org.ve/wp-admin/admin.php?page=smart-slider-3&nextendcontroller=sliders&nextendaction=embed" "Mozilla/5.0 (X11; Linux x86_64; rv:62.0) Gecko/20100101 Firefox/62.0"
192.168.33.143 - - [08/Oct/2018:12:43:35 -0400] "POST /wp-admin/admin-ajax.php?_fs_blog_admin=true HTTP/1.1" 200 594 "http://dev.avessoc.org.ve/wp-admin/edit.php?post_type=page" "Mozilla/5.0 (Windows NT 6.1; Win64; x64) AppleWebKit/537.36 (KHTML, like Gecko) Chrome/69.0.3497.100 Safari/537.36"
200.2.12.146 - - [08/Oct/2018:12:43:46 -0400] "POST /wp-admin/admin-ajax.php?_fs_blog_admin=true HTTP/1.1" 200 523 "http://dev.avessoc.org.ve/wp-admin/admin.php?page=smart-slider-3&nextendcontroller=sliders&nextendaction=embed" "Mozilla/5.0 (X11; Linux x86_64; rv:62.0) Gecko/20100101 Firefox/62.0"
192.168.33.143 - - [08/Oct/2018:12:45:35 -0400] "POST /wp-admin/admin-ajax.php?_fs_blog_admin=true HTTP/1.1" 200 594 "http://dev.avessoc.org.ve/wp-admin/edit.php?post_type=page" "Mozilla/5.0 (Windows NT 6.1; Win64; x64) AppleWebKit/537.36 (KHTML, like Gecko) Chrome/69.0.3497.100 Safari/537.36"
200.2.12.146 - - [08/Oct/2018:12:45:46 -0400] "POST /wp-admin/admin-ajax.php?_fs_blog_admin=true HTTP/1.1" 200 523 "http://dev.avessoc.org.ve/wp-admin/admin.php?page=smart-slider-3&nextendcontroller=sliders&nextendaction=embed" "Mozilla/5.0 (X11; Linux x86_64; rv:62.0) Gecko/20100101 Firefox/62.0"
192.168.33.143 - - [08/Oct/2018:12:47:35 -0400] "POST /wp-admin/admin-ajax.php?_fs_blog_admin=true HTTP/1.1" 200 594 "http://dev.avessoc.org.ve/wp-admin/edit.php?post_type=page" "Mozilla/5.0 (Windows NT 6.1; Win64; x64) AppleWebKit/537.36 (KHTML, like Gecko) Chrome/69.0.3497.100 Safari/537.36"
200.2.12.146 - - [08/Oct/2018:12:47:46 -0400] "POST /wp-admin/admin-ajax.php?_fs_blog_admin=true HTTP/1.1" 200 523 "http://dev.avessoc.org.ve/wp-admin/admin.php?page=smart-slider-3&nextendcontroller=sliders&nextendaction=embed" "Mozilla/5.0 (X11; Linux x86_64; rv:62.0) Gecko/20100101 Firefox/62.0"
192.168.33.143 - - [08/Oct/2018:12:48:11 -0400] "POST /wp-admin/admin-ajax.php?_fs_blog_admin=true HTTP/1.1" 200 594 "http://dev.avessoc.org.ve/wp-admin/edit.php?post_type=page" "Mozilla/5.0 (Windows NT 6.1; Win64; x64) AppleWebKit/537.36 (KHTML, like Gecko) Chrome/69.0.3497.100 Safari/537.36"
192.168.33.143 - - [08/Oct/2018:12:48:26 -0400] "POST /wp-admin/admin-ajax.php?_fs_blog_admin=true HTTP/1.1" 200 594 "http://dev.avessoc.org.ve/wp-admin/edit.php?post_type=page" "Mozilla/5.0 (Windows NT 6.1; Win64; x64) AppleWebKit/537.36 (KHTML, like Gecko) Chrome/69.0.3497.100 Safari/537.36"
192.168.33.143 - - [08/Oct/2018:12:48:17 -0400] "GET /wp-admin/post.php?post=2483&action=edit HTTP/1.1" 200 63949 "http://dev.avessoc.org.ve/wp-admin/edit.php?post_type=page" "Mozilla/5.0 (Windows NT 6.1; Win64; x64) AppleWebKit/537.36 (KHTML, like Gecko) Chrome/69.0.3497.100 Safari/537.36"
192.168.33.143 - - [08/Oct/2018:12:48:31 -0400] "GET /wp-admin/admin.php?page=smart-slider-3&nextendcontroller=sliders&nextendaction=embed HTTP/1.1" 200 37702 "http://dev.avessoc.org.ve/wp-admin/post.php?post=2483&action=edit" "Mozilla/5.0 (Windows NT 6.1; Win64; x64) AppleWebKit/537.36 (KHTML, like Gecko) Chrome/69.0.3497.100 Safari/537.36"
192.168.33.143 - - [08/Oct/2018:12:48:46 -0400] "POST /wp-admin/admin-ajax.php?_fs_blog_admin=true HTTP/1.1" 200 670 "http://dev.avessoc.org.ve/wp-admin/post.php?post=2483&action=edit" "Mozilla/5.0 (Windows NT 6.1; Win64; x64) AppleWebKit/537.36 (KHTML, like Gecko) Chrome/69.0.3497.100 Safari/537.36"
192.168.33.143 - - [08/Oct/2018:12:49:01 -0400] "POST /wp-admin/admin-ajax.php?_fs_blog_admin=true HTTP/1.1" 200 670 "http://dev.avessoc.org.ve/wp-admin/post.php?post=2483&action=edit" "Mozilla/5.0 (Windows NT 6.1; Win64; x64) AppleWebKit/537.36 (KHTML, like Gecko) Chrome/69.0.3497.100 Safari/537.36"
192.168.33.143 - - [08/Oct/2018:12:49:16 -0400] "POST /wp-admin/admin-ajax.php?_fs_blog_admin=true HTTP/1.1" 200 670 "http://dev.avessoc.org.ve/wp-admin/post.php?post=2483&action=edit" "Mozilla/5.0 (Windows NT 6.1; Win64; x64) AppleWebKit/537.36 (KHTML, like Gecko) Chrome/69.0.3497.100 Safari/537.36"
192.168.33.143 - - [08/Oct/2018:12:49:31 -0400] "POST /wp-admin/admin-ajax.php?_fs_blog_admin=true HTTP/1.1" 200 670 "http://dev.avessoc.org.ve/wp-admin/post.php?post=2483&action=edit" "Mozilla/5.0 (Windows NT 6.1; Win64; x64) AppleWebKit/537.36 (KHTML, like Gecko) Chrome/69.0.3497.100 Safari/537.36"
192.168.33.143 - - [08/Oct/2018:12:49:34 -0400] "POST /wp-admin/admin-ajax.php?_fs_blog_admin=true HTTP/1.1" 200 617 "http://dev.avessoc.org.ve/wp-admin/admin.php?page=smart-slider-3&nextendcontroller=sliders&nextendaction=embed" "Mozilla/5.0 (Windows NT 6.1; Win64; x64) AppleWebKit/537.36 (KHTML, like Gecko) Chrome/69.0.3497.100 Safari/537.36"
192.168.33.143 - - [08/Oct/2018:12:49:46 -0400] "POST /wp-admin/admin-ajax.php?_fs_blog_admin=true HTTP/1.1" 200 670 "http://dev.avessoc.org.ve/wp-admin/post.php?post=2483&action=edit" "Mozilla/5.0 (Windows NT 6.1; Win64; x64) AppleWebKit/537.36 (KHTML, like Gecko) Chrome/69.0.3497.100 Safari/537.36"
200.2.12.146 - - [08/Oct/2018:12:49:46 -0400] "POST /wp-admin/admin-ajax.php?_fs_blog_admin=true HTTP/1.1" 200 523 "http://dev.avessoc.org.ve/wp-admin/admin.php?page=smart-slider-3&nextendcontroller=sliders&nextendaction=embed" "Mozilla/5.0 (X11; Linux x86_64; rv:62.0) Gecko/20100101 Firefox/62.0"
192.168.33.143 - - [08/Oct/2018:12:50:01 -0400] "POST /wp-admin/admin-ajax.php?_fs_blog_admin=true HTTP/1.1" 200 670 "http://dev.avessoc.org.ve/wp-admin/post.php?post=2483&action=edit" "Mozilla/5.0 (Windows NT 6.1; Win64; x64) AppleWebKit/537.36 (KHTML, like Gecko) Chrome/69.0.3497.100 Safari/537.36"
192.168.33.143 - - [08/Oct/2018:12:50:16 -0400] "POST /wp-admin/admin-ajax.php?_fs_blog_admin=true HTTP/1.1" 200 670 "http://dev.avessoc.org.ve/wp-admin/post.php?post=2483&action=edit" "Mozilla/5.0 (Windows NT 6.1; Win64; x64) AppleWebKit/537.36 (KHTML, like Gecko) Chrome/69.0.3497.100 Safari/537.36"
192.168.33.143 - - [08/Oct/2018:12:50:19 -0400] "POST /wp-admin/admin-ajax.php HTTP/1.1" 200 612 "http://dev.avessoc.org.ve/wp-admin/post.php?post=2483&action=edit" "Mozilla/5.0 (Windows NT 6.1; Win64; x64) AppleWebKit/537.36 (KHTML, like Gecko) Chrome/69.0.3497.100 Safari/537.36"
192.168.33.143 - - [08/Oct/2018:12:50:19 -0400] "POST /wp-admin/admin-ajax.php?_fs_blog_admin=true HTTP/1.1" 200 594 "http://dev.avessoc.org.ve/wp-admin/edit.php?post_type=page" "Mozilla/5.0 (Windows NT 6.1; Win64; x64) AppleWebKit/537.36 (KHTML, like Gecko) Chrome/69.0.3497.100 Safari/537.36"
192.168.33.143 - - [08/Oct/2018:12:50:34 -0400] "POST /wp-admin/admin-ajax.php?_fs_blog_admin=true HTTP/1.1" 200 594 "http://dev.avessoc.org.ve/wp-admin/edit.php?post_type=page" "Mozilla/5.0 (Windows NT 6.1; Win64; x64) AppleWebKit/537.36 (KHTML, like Gecko) Chrome/69.0.3497.100 Safari/537.36"
192.168.33.143 - - [08/Oct/2018:12:50:34 -0400] "GET /wp-admin/edit.php?s=avessoc&post_status=all&post_type=page&_wpnonce=d5d8889ab6&_wp_http_referer=%2Fwp-admin%2Fedit.php%3Fpost_type%3Dpage&action=-1&m=0&paged=1&action2=-1 HTTP/1.1" 302 499 "http://dev.avessoc.org.ve/wp-admin/edit.php?post_type=page" "Mozilla/5.0 (Windows NT 6.1; Win64; x64) AppleWebKit/537.36 (KHTML, like Gecko) Chrome/69.0.3497.100 Safari/537.36"
192.168.33.143 - - [08/Oct/2018:12:50:36 -0400] "GET /wp-admin/edit.php?s=avessoc&post_status=all&post_type=page&action=-1&m=0&paged=1&action2=-1 HTTP/1.1" 200 25347 "http://dev.avessoc.org.ve/wp-admin/edit.php?post_type=page" "Mozilla/5.0 (Windows NT 6.1; Win64; x64) AppleWebKit/537.36 (KHTML, like Gecko) Chrome/69.0.3497.100 Safari/537.36"
192.168.33.143 - - [08/Oct/2018:12:50:38 -0400] "POST /wp-admin/admin-ajax.php?_fs_blog_admin=true HTTP/1.1" 200 617 "http://dev.avessoc.org.ve/wp-admin/edit.php?s=avessoc&post_status=all&post_type=page&action=-1&m=0&paged=1&action2=-1" "Mozilla/5.0 (Windows NT 6.1; Win64; x64) AppleWebKit/537.36 (KHTML, like Gecko) Chrome/69.0.3497.100 Safari/537.36"
192.168.33.143 - - [08/Oct/2018:12:50:49 -0400] "GET /wp-admin/post.php?post=2466&action=edit HTTP/1.1" 200 63650 "http://dev.avessoc.org.ve/wp-admin/edit.php?s=avessoc&post_status=all&post_type=page&action=-1&m=0&paged=1&action2=-1" "Mozilla/5.0 (Windows NT 6.1; Win64; x64) AppleWebKit/537.36 (KHTML, like Gecko) Chrome/69.0.3497.100 Safari/537.36"
192.168.33.143 - - [08/Oct/2018:12:50:52 -0400] "GET /wp-admin/admin.php?page=smart-slider-3&nextendcontroller=sliders&nextendaction=embed HTTP/1.1" 200 37561 "http://dev.avessoc.org.ve/wp-admin/post.php?post=2466&action=edit" "Mozilla/5.0 (Windows NT 6.1; Win64; x64) AppleWebKit/537.36 (KHTML, like Gecko) Chrome/69.0.3497.100 Safari/537.36"
192.168.33.143 - - [08/Oct/2018:12:51:07 -0400] "POST /wp-admin/admin-ajax.php?_fs_blog_admin=true HTTP/1.1" 200 670 "http://dev.avessoc.org.ve/wp-admin/post.php?post=2466&action=edit" "Mozilla/5.0 (Windows NT 6.1; Win64; x64) AppleWebKit/537.36 (KHTML, like Gecko) Chrome/69.0.3497.100 Safari/537.36"
192.168.33.143 - - [08/Oct/2018:12:51:22 -0400] "POST /wp-admin/admin-ajax.php?_fs_blog_admin=true HTTP/1.1" 200 670 "http://dev.avessoc.org.ve/wp-admin/post.php?post=2466&action=edit" "Mozilla/5.0 (Windows NT 6.1; Win64; x64) AppleWebKit/537.36 (KHTML, like Gecko) Chrome/69.0.3497.100 Safari/537.36"
192.168.33.143 - - [08/Oct/2018:12:51:37 -0400] "POST /wp-admin/admin-ajax.php?_fs_blog_admin=true HTTP/1.1" 200 670 "http://dev.avessoc.org.ve/wp-admin/post.php?post=2466&action=edit" "Mozilla/5.0 (Windows NT 6.1; Win64; x64) AppleWebKit/537.36 (KHTML, like Gecko) Chrome/69.0.3497.100 Safari/537.36"
200.2.12.146 - - [08/Oct/2018:12:51:46 -0400] "POST /wp-admin/admin-ajax.php?_fs_blog_admin=true HTTP/1.1" 200 523 "http://dev.avessoc.org.ve/wp-admin/admin.php?page=smart-slider-3&nextendcontroller=sliders&nextendaction=embed" "Mozilla/5.0 (X11; Linux x86_64; rv:62.0) Gecko/20100101 Firefox/62.0"
192.168.33.143 - - [08/Oct/2018:12:51:52 -0400] "POST /wp-admin/admin-ajax.php?_fs_blog_admin=true HTTP/1.1" 200 670 "http://dev.avessoc.org.ve/wp-admin/post.php?post=2466&action=edit" "Mozilla/5.0 (Windows NT 6.1; Win64; x64) AppleWebKit/537.36 (KHTML, like Gecko) Chrome/69.0.3497.100 Safari/537.36"
192.168.33.143 - - [08/Oct/2018:12:51:55 -0400] "POST /wp-admin/admin-ajax.php?_fs_blog_admin=true HTTP/1.1" 200 617 "http://dev.avessoc.org.ve/wp-admin/admin.php?page=smart-slider-3&nextendcontroller=sliders&nextendaction=embed" "Mozilla/5.0 (Windows NT 6.1; Win64; x64) AppleWebKit/537.36 (KHTML, like Gecko) Chrome/69.0.3497.100 Safari/537.36"
192.168.33.143 - - [08/Oct/2018:12:52:07 -0400] "POST /wp-admin/admin-ajax.php?_fs_blog_admin=true HTTP/1.1" 200 670 "http://dev.avessoc.org.ve/wp-admin/post.php?post=2466&action=edit" "Mozilla/5.0 (Windows NT 6.1; Win64; x64) AppleWebKit/537.36 (KHTML, like Gecko) Chrome/69.0.3497.100 Safari/537.36"
192.168.33.143 - - [08/Oct/2018:12:52:22 -0400] "POST /wp-admin/admin-ajax.php?_fs_blog_admin=true HTTP/1.1" 200 670 "http://dev.avessoc.org.ve/wp-admin/post.php?post=2466&action=edit" "Mozilla/5.0 (Windows NT 6.1; Win64; x64) AppleWebKit/537.36 (KHTML, like Gecko) Chrome/69.0.3497.100 Safari/537.36"
192.168.33.143 - - [08/Oct/2018:12:52:30 -0400] "POST /wp-admin/admin-ajax.php HTTP/1.1" 200 613 "http://dev.avessoc.org.ve/wp-admin/post.php?post=2466&action=edit" "Mozilla/5.0 (Windows NT 6.1; Win64; x64) AppleWebKit/537.36 (KHTML, like Gecko) Chrome/69.0.3497.100 Safari/537.36"
192.168.33.143 - - [08/Oct/2018:12:52:30 -0400] "POST /wp-admin/admin-ajax.php?_fs_blog_admin=true HTTP/1.1" 200 618 "http://dev.avessoc.org.ve/wp-admin/edit.php?s=avessoc&post_status=all&post_type=page&action=-1&m=0&paged=1&action2=-1" "Mozilla/5.0 (Windows NT 6.1; Win64; x64) AppleWebKit/537.36 (KHTML, like Gecko) Chrome/69.0.3497.100 Safari/537.36"
192.168.33.143 - - [08/Oct/2018:12:52:36 -0400] "GET /wp-admin/post.php?post=2470&action=edit HTTP/1.1" 200 64018 "http://dev.avessoc.org.ve/wp-admin/edit.php?s=avessoc&post_status=all&post_type=page&action=-1&m=0&paged=1&action2=-1" "Mozilla/5.0 (Windows NT 6.1; Win64; x64) AppleWebKit/537.36 (KHTML, like Gecko) Chrome/69.0.3497.100 Safari/537.36"
192.168.33.143 - - [08/Oct/2018:12:52:40 -0400] "GET /wp-admin/admin.php?page=smart-slider-3&nextendcontroller=sliders&nextendaction=embed HTTP/1.1" 200 37560 "http://dev.avessoc.org.ve/wp-admin/post.php?post=2470&action=edit" "Mozilla/5.0 (Windows NT 6.1; Win64; x64) AppleWebKit/537.36 (KHTML, like Gecko) Chrome/69.0.3497.100 Safari/537.36"
192.168.33.143 - - [08/Oct/2018:12:52:55 -0400] "POST /wp-admin/admin-ajax.php?_fs_blog_admin=true HTTP/1.1" 200 670 "http://dev.avessoc.org.ve/wp-admin/post.php?post=2470&action=edit" "Mozilla/5.0 (Windows NT 6.1; Win64; x64) AppleWebKit/537.36 (KHTML, like Gecko) Chrome/69.0.3497.100 Safari/537.36"
192.168.33.143 - - [08/Oct/2018:12:53:10 -0400] "POST /wp-admin/admin-ajax.php?_fs_blog_admin=true HTTP/1.1" 200 670 "http://dev.avessoc.org.ve/wp-admin/post.php?post=2470&action=edit" "Mozilla/5.0 (Windows NT 6.1; Win64; x64) AppleWebKit/537.36 (KHTML, like Gecko) Chrome/69.0.3497.100 Safari/537.36"
192.168.33.143 - - [08/Oct/2018:12:53:25 -0400] "POST /wp-admin/admin-ajax.php?_fs_blog_admin=true HTTP/1.1" 200 670 "http://dev.avessoc.org.ve/wp-admin/post.php?post=2470&action=edit" "Mozilla/5.0 (Windows NT 6.1; Win64; x64) AppleWebKit/537.36 (KHTML, like Gecko) Chrome/69.0.3497.100 Safari/537.36"
192.168.33.143 - - [08/Oct/2018:12:53:40 -0400] "POST /wp-admin/admin-ajax.php?_fs_blog_admin=true HTTP/1.1" 200 670 "http://dev.avessoc.org.ve/wp-admin/post.php?post=2470&action=edit" "Mozilla/5.0 (Windows NT 6.1; Win64; x64) AppleWebKit/537.36 (KHTML, like Gecko) Chrome/69.0.3497.100 Safari/537.36"
192.168.33.143 - - [08/Oct/2018:12:53:42 -0400] "POST /wp-admin/admin-ajax.php?_fs_blog_admin=true HTTP/1.1" 200 617 "http://dev.avessoc.org.ve/wp-admin/admin.php?page=smart-slider-3&nextendcontroller=sliders&nextendaction=embed" "Mozilla/5.0 (Windows NT 6.1; Win64; x64) AppleWebKit/537.36 (KHTML, like Gecko) Chrome/69.0.3497.100 Safari/537.36"
200.2.12.146 - - [08/Oct/2018:12:53:46 -0400] "POST /wp-admin/admin-ajax.php?_fs_blog_admin=true HTTP/1.1" 200 523 "http://dev.avessoc.org.ve/wp-admin/admin.php?page=smart-slider-3&nextendcontroller=sliders&nextendaction=embed" "Mozilla/5.0 (X11; Linux x86_64; rv:62.0) Gecko/20100101 Firefox/62.0"
200.2.9.202 - - [08/Oct/2018:12:53:51 -0400] "POST /wp-admin/admin-ajax.php?_fs_blog_admin=true HTTP/1.1" 200 619 "http://dev.avessoc.org.ve/wp-admin/theme-editor.php?file=page-templates%2Ftemplate-search-sponsor.php&theme=hestia-child" "Mozilla/5.0 (Windows NT 10.0; Win64; x64) AppleWebKit/537.36 (KHTML, like Gecko) Chrome/69.0.3497.100 Safari/537.36"
192.168.33.143 - - [08/Oct/2018:12:53:55 -0400] "POST /wp-admin/admin-ajax.php?_fs_blog_admin=true HTTP/1.1" 200 670 "http://dev.avessoc.org.ve/wp-admin/post.php?post=2470&action=edit" "Mozilla/5.0 (Windows NT 6.1; Win64; x64) AppleWebKit/537.36 (KHTML, like Gecko) Chrome/69.0.3497.100 Safari/537.36"
192.168.33.143 - - [08/Oct/2018:12:54:10 -0400] "POST /wp-admin/admin-ajax.php?_fs_blog_admin=true HTTP/1.1" 200 670 "http://dev.avessoc.org.ve/wp-admin/post.php?post=2470&action=edit" "Mozilla/5.0 (Windows NT 6.1; Win64; x64) AppleWebKit/537.36 (KHTML, like Gecko) Chrome/69.0.3497.100 Safari/537.36"
192.168.33.143 - - [08/Oct/2018:12:54:25 -0400] "POST /wp-admin/admin-ajax.php?_fs_blog_admin=true HTTP/1.1" 200 670 "http://dev.avessoc.org.ve/wp-admin/post.php?post=2470&action=edit" "Mozilla/5.0 (Windows NT 6.1; Win64; x64) AppleWebKit/537.36 (KHTML, like Gecko) Chrome/69.0.3497.100 Safari/537.36"
192.168.33.143 - - [08/Oct/2018:12:54:40 -0400] "POST /wp-admin/admin-ajax.php?_fs_blog_admin=true HTTP/1.1" 200 670 "http://dev.avessoc.org.ve/wp-admin/post.php?post=2470&action=edit" "Mozilla/5.0 (Windows NT 6.1; Win64; x64) AppleWebKit/537.36 (KHTML, like Gecko) Chrome/69.0.3497.100 Safari/537.36"
200.2.9.202 - - [08/Oct/2018:12:54:52 -0400] "POST /wp-admin/admin-ajax.php?_fs_blog_admin=true HTTP/1.1" 200 619 "http://dev.avessoc.org.ve/wp-admin/theme-editor.php?file=page-templates%2Ftemplate-search-sponsor.php&theme=hestia-child" "Mozilla/5.0 (Windows NT 10.0; Win64; x64) AppleWebKit/537.36 (KHTML, like Gecko) Chrome/69.0.3497.100 Safari/537.36"
192.168.33.143 - - [08/Oct/2018:12:54:55 -0400] "POST /wp-admin/admin-ajax.php?_fs_blog_admin=true HTTP/1.1" 200 670 "http://dev.avessoc.org.ve/wp-admin/post.php?post=2470&action=edit" "Mozilla/5.0 (Windows NT 6.1; Win64; x64) AppleWebKit/537.36 (KHTML, like Gecko) Chrome/69.0.3497.100 Safari/537.36"
192.168.33.143 - - [08/Oct/2018:12:55:10 -0400] "POST /wp-admin/admin-ajax.php?_fs_blog_admin=true HTTP/1.1" 200 670 "http://dev.avessoc.org.ve/wp-admin/post.php?post=2470&action=edit" "Mozilla/5.0 (Windows NT 6.1; Win64; x64) AppleWebKit/537.36 (KHTML, like Gecko) Chrome/69.0.3497.100 Safari/537.36"
192.168.33.143 - - [08/Oct/2018:12:55:14 -0400] "POST /wp-admin/admin-ajax.php HTTP/1.1" 200 612 "http://dev.avessoc.org.ve/wp-admin/post.php?post=2470&action=edit" "Mozilla/5.0 (Windows NT 6.1; Win64; x64) AppleWebKit/537.36 (KHTML, like Gecko) Chrome/69.0.3497.100 Safari/537.36"
192.168.33.143 - - [08/Oct/2018:12:55:14 -0400] "POST /wp-admin/admin-ajax.php?_fs_blog_admin=true HTTP/1.1" 200 618 "http://dev.avessoc.org.ve/wp-admin/edit.php?s=avessoc&post_status=all&post_type=page&action=-1&m=0&paged=1&action2=-1" "Mozilla/5.0 (Windows NT 6.1; Win64; x64) AppleWebKit/537.36 (KHTML, like Gecko) Chrome/69.0.3497.100 Safari/537.36"
192.168.33.143 - - [08/Oct/2018:12:55:29 -0400] "POST /wp-admin/admin-ajax.php?_fs_blog_admin=true HTTP/1.1" 200 618 "http://dev.avessoc.org.ve/wp-admin/edit.php?s=avessoc&post_status=all&post_type=page&action=-1&m=0&paged=1&action2=-1" "Mozilla/5.0 (Windows NT 6.1; Win64; x64) AppleWebKit/537.36 (KHTML, like Gecko) Chrome/69.0.3497.100 Safari/537.36"
192.168.33.143 - - [08/Oct/2018:12:55:30 -0400] "GET /wp-admin/post.php?post=2468&action=edit HTTP/1.1" 200 63640 "http://dev.avessoc.org.ve/wp-admin/edit.php?s=avessoc&post_status=all&post_type=page&action=-1&m=0&paged=1&action2=-1" "Mozilla/5.0 (Windows NT 6.1; Win64; x64) AppleWebKit/537.36 (KHTML, like Gecko) Chrome/69.0.3497.100 Safari/537.36"
192.168.33.143 - - [08/Oct/2018:12:55:34 -0400] "GET /wp-admin/admin.php?page=smart-slider-3&nextendcontroller=sliders&nextendaction=embed HTTP/1.1" 200 37561 "http://dev.avessoc.org.ve/wp-admin/post.php?post=2468&action=edit" "Mozilla/5.0 (Windows NT 6.1; Win64; x64) AppleWebKit/537.36 (KHTML, like Gecko) Chrome/69.0.3497.100 Safari/537.36"
200.2.12.146 - - [08/Oct/2018:12:55:46 -0400] "POST /wp-admin/admin-ajax.php?_fs_blog_admin=true HTTP/1.1" 200 523 "http://dev.avessoc.org.ve/wp-admin/admin.php?page=smart-slider-3&nextendcontroller=sliders&nextendaction=embed" "Mozilla/5.0 (X11; Linux x86_64; rv:62.0) Gecko/20100101 Firefox/62.0"
192.168.33.143 - - [08/Oct/2018:12:55:49 -0400] "POST /wp-admin/admin-ajax.php?_fs_blog_admin=true HTTP/1.1" 200 670 "http://dev.avessoc.org.ve/wp-admin/post.php?post=2468&action=edit" "Mozilla/5.0 (Windows NT 6.1; Win64; x64) AppleWebKit/537.36 (KHTML, like Gecko) Chrome/69.0.3497.100 Safari/537.36"
192.168.33.143 - - [08/Oct/2018:12:56:04 -0400] "POST /wp-admin/admin-ajax.php?_fs_blog_admin=true HTTP/1.1" 200 670 "http://dev.avessoc.org.ve/wp-admin/post.php?post=2468&action=edit" "Mozilla/5.0 (Windows NT 6.1; Win64; x64) AppleWebKit/537.36 (KHTML, like Gecko) Chrome/69.0.3497.100 Safari/537.36"
192.168.33.143 - - [08/Oct/2018:12:56:19 -0400] "POST /wp-admin/admin-ajax.php?_fs_blog_admin=true HTTP/1.1" 200 670 "http://dev.avessoc.org.ve/wp-admin/post.php?post=2468&action=edit" "Mozilla/5.0 (Windows NT 6.1; Win64; x64) AppleWebKit/537.36 (KHTML, like Gecko) Chrome/69.0.3497.100 Safari/537.36"
192.168.33.143 - - [08/Oct/2018:12:56:34 -0400] "POST /wp-admin/admin-ajax.php?_fs_blog_admin=true HTTP/1.1" 200 670 "http://dev.avessoc.org.ve/wp-admin/post.php?post=2468&action=edit" "Mozilla/5.0 (Windows NT 6.1; Win64; x64) AppleWebKit/537.36 (KHTML, like Gecko) Chrome/69.0.3497.100 Safari/537.36"
192.168.33.143 - - [08/Oct/2018:12:56:36 -0400] "POST /wp-admin/admin-ajax.php?_fs_blog_admin=true HTTP/1.1" 200 617 "http://dev.avessoc.org.ve/wp-admin/admin.php?page=smart-slider-3&nextendcontroller=sliders&nextendaction=embed" "Mozilla/5.0 (Windows NT 6.1; Win64; x64) AppleWebKit/537.36 (KHTML, like Gecko) Chrome/69.0.3497.100 Safari/537.36"
192.168.33.143 - - [08/Oct/2018:12:56:49 -0400] "POST /wp-admin/admin-ajax.php?_fs_blog_admin=true HTTP/1.1" 200 670 "http://dev.avessoc.org.ve/wp-admin/post.php?post=2468&action=edit" "Mozilla/5.0 (Windows NT 6.1; Win64; x64) AppleWebKit/537.36 (KHTML, like Gecko) Chrome/69.0.3497.100 Safari/537.36"
200.2.9.202 - - [08/Oct/2018:12:56:52 -0400] "POST /wp-admin/admin-ajax.php?_fs_blog_admin=true HTTP/1.1" 200 619 "http://dev.avessoc.org.ve/wp-admin/theme-editor.php?file=page-templates%2Ftemplate-search-sponsor.php&theme=hestia-child" "Mozilla/5.0 (Windows NT 10.0; Win64; x64) AppleWebKit/537.36 (KHTML, like Gecko) Chrome/69.0.3497.100 Safari/537.36"
192.168.33.143 - - [08/Oct/2018:12:57:04 -0400] "POST /wp-admin/admin-ajax.php?_fs_blog_admin=true HTTP/1.1" 200 670 "http://dev.avessoc.org.ve/wp-admin/post.php?post=2468&action=edit" "Mozilla/5.0 (Windows NT 6.1; Win64; x64) AppleWebKit/537.36 (KHTML, like Gecko) Chrome/69.0.3497.100 Safari/537.36"
192.168.33.143 - - [08/Oct/2018:12:57:31 -0400] "POST /wp-admin/admin-ajax.php?_fs_blog_admin=true HTTP/1.1" 200 670 "http://dev.avessoc.org.ve/wp-admin/post.php?post=2468&action=edit" "Mozilla/5.0 (Windows NT 6.1; Win64; x64) AppleWebKit/537.36 (KHTML, like Gecko) Chrome/69.0.3497.100 Safari/537.36"
192.168.33.143 - - [08/Oct/2018:12:57:32 -0400] "POST /wp-admin/admin-ajax.php?_fs_blog_admin=true HTTP/1.1" 200 828 "http://dev.avessoc.org.ve/wp-admin/post.php?post=2344&action=edit" "Mozilla/5.0 (Windows NT 6.1; Win64; x64) AppleWebKit/537.36 (KHTML, like Gecko) Chrome/69.0.3497.100 Safari/537.36"
192.168.33.143 - - [08/Oct/2018:12:57:32 -0400] "POST /wp-admin/admin-ajax.php?_fs_blog_admin=true HTTP/1.1" 200 594 "http://dev.avessoc.org.ve/wp-admin/admin.php?page=smart-slider-3&nextendcontroller=sliders&nextendaction=embed" "Mozilla/5.0 (Windows NT 6.1; Win64; x64) AppleWebKit/537.36 (KHTML, like Gecko) Chrome/69.0.3497.100 Safari/537.36"
192.168.33.143 - - [08/Oct/2018:12:57:38 -0400] "GET /avessoc-registro-paciente/?preview=true HTTP/1.1" 200 36340 "http://dev.avessoc.org.ve/wp-admin/post.php?post=2344&action=edit" "Mozilla/5.0 (Windows NT 6.1; Win64; x64) AppleWebKit/537.36 (KHTML, like Gecko) Chrome/69.0.3497.100 Safari/537.36"
192.168.33.143 - - [08/Oct/2018:12:57:40 -0400] "GET /wp-includes/css/dashicons.min.css?ver=4.9.8 HTTP/1.1" 200 28967 "http://dev.avessoc.org.ve/avessoc-registro-paciente/?preview=true" "Mozilla/5.0 (Windows NT 6.1; Win64; x64) AppleWebKit/537.36 (KHTML, like Gecko) Chrome/69.0.3497.100 Safari/537.36"
192.168.33.143 - - [08/Oct/2018:12:57:40 -0400] "GET /wp-includes/css/admin-bar.min.css?ver=4.9.8 HTTP/1.1" 200 4232 "http://dev.avessoc.org.ve/avessoc-registro-paciente/?preview=true" "Mozilla/5.0 (Windows NT 6.1; Win64; x64) AppleWebKit/537.36 (KHTML, like Gecko) Chrome/69.0.3497.100 Safari/537.36"
192.168.33.143 - - [08/Oct/2018:12:57:40 -0400] "GET /wp-content/themes/hestia/assets/bootstrap/css/bootstrap.min.css?ver=1.0.1 HTTP/1.1" 200 13333 "http://dev.avessoc.org.ve/avessoc-registro-paciente/?preview=true" "Mozilla/5.0 (Windows NT 6.1; Win64; x64) AppleWebKit/537.36 (KHTML, like Gecko) Chrome/69.0.3497.100 Safari/537.36"
192.168.33.143 - - [08/Oct/2018:12:57:40 -0400] "GET /wp-content/plugins/contact-form-7/includes/css/styles.css?ver=5.0.3 HTTP/1.1" 200 992 "http://dev.avessoc.org.ve/avessoc-registro-paciente/?preview=true" "Mozilla/5.0 (Windows NT 6.1; Win64; x64) AppleWebKit/537.36 (KHTML, like Gecko) Chrome/69.0.3497.100 Safari/537.36"
