192.168.33.143 - - [08/Oct/2018:13:19:41 -0400] "POST /phpmyadmin/lint.php HTTP/1.1" 200 920 "http://dev.avessoc.org.ve/phpmyadmin/db_sql.php?db=c6_devwpavessoc&token=f2fa0a6f30e10dc63bda82664a345e6e" "Mozilla/5.0 (Windows NT 6.1; Win64; x64) AppleWebKit/537.36 (KHTML, like Gecko) Chrome/69.0.3497.100 Safari/537.36"
192.168.33.143 - - [08/Oct/2018:13:19:43 -0400] "POST /phpmyadmin/lint.php HTTP/1.1" 200 931 "http://dev.avessoc.org.ve/phpmyadmin/db_sql.php?db=c6_devwpavessoc&token=f2fa0a6f30e10dc63bda82664a345e6e" "Mozilla/5.0 (Windows NT 6.1; Win64; x64) AppleWebKit/537.36 (KHTML, like Gecko) Chrome/69.0.3497.100 Safari/537.36"
192.168.33.143 - - [08/Oct/2018:13:19:44 -0400] "POST /phpmyadmin/lint.php HTTP/1.1" 200 927 "http://dev.avessoc.org.ve/phpmyadmin/db_sql.php?db=c6_devwpavessoc&token=f2fa0a6f30e10dc63bda82664a345e6e" "Mozilla/5.0 (Windows NT 6.1; Win64; x64) AppleWebKit/537.36 (KHTML, like Gecko) Chrome/69.0.3497.100 Safari/537.36"
192.168.33.143 - - [08/Oct/2018:13:19:46 -0400] "POST /phpmyadmin/lint.php HTTP/1.1" 200 1032 "http://dev.avessoc.org.ve/phpmyadmin/db_sql.php?db=c6_devwpavessoc&token=f2fa0a6f30e10dc63bda82664a345e6e" "Mozilla/5.0 (Windows NT 6.1; Win64; x64) AppleWebKit/537.36 (KHTML, like Gecko) Chrome/69.0.3497.100 Safari/537.36"
200.2.12.146 - - [08/Oct/2018:13:19:46 -0400] "POST /wp-admin/admin-ajax.php?_fs_blog_admin=true HTTP/1.1" 200 523 "http://dev.avessoc.org.ve/wp-admin/admin.php?page=smart-slider-3&nextendcontroller=sliders&nextendaction=embed" "Mozilla/5.0 (X11; Linux x86_64; rv:62.0) Gecko/20100101 Firefox/62.0"
192.168.33.143 - - [08/Oct/2018:13:19:49 -0400] "POST /phpmyadmin/lint.php HTTP/1.1" 200 921 "http://dev.avessoc.org.ve/phpmyadmin/db_sql.php?db=c6_devwpavessoc&token=f2fa0a6f30e10dc63bda82664a345e6e" "Mozilla/5.0 (Windows NT 6.1; Win64; x64) AppleWebKit/537.36 (KHTML, like Gecko) Chrome/69.0.3497.100 Safari/537.36"
192.168.33.143 - - [08/Oct/2018:13:19:52 -0400] "POST /phpmyadmin/lint.php HTTP/1.1" 200 921 "http://dev.avessoc.org.ve/phpmyadmin/db_sql.php?db=c6_devwpavessoc&token=f2fa0a6f30e10dc63bda82664a345e6e" "Mozilla/5.0 (Windows NT 6.1; Win64; x64) AppleWebKit/537.36 (KHTML, like Gecko) Chrome/69.0.3497.100 Safari/537.36"
192.168.33.143 - - [08/Oct/2018:13:19:54 -0400] "POST /phpmyadmin/lint.php HTTP/1.1" 200 925 "http://dev.avessoc.org.ve/phpmyadmin/db_sql.php?db=c6_devwpavessoc&token=f2fa0a6f30e10dc63bda82664a345e6e" "Mozilla/5.0 (Windows NT 6.1; Win64; x64) AppleWebKit/537.36 (KHTML, like Gecko) Chrome/69.0.3497.100 Safari/537.36"
192.168.33.143 - - [08/Oct/2018:13:19:57 -0400] "POST /phpmyadmin/lint.php HTTP/1.1" 200 927 "http://dev.avessoc.org.ve/phpmyadmin/db_sql.php?db=c6_devwpavessoc&token=f2fa0a6f30e10dc63bda82664a345e6e" "Mozilla/5.0 (Windows NT 6.1; Win64; x64) AppleWebKit/537.36 (KHTML, like Gecko) Chrome/69.0.3497.100 Safari/537.36"
192.168.33.143 - - [08/Oct/2018:13:19:59 -0400] "POST /phpmyadmin/lint.php HTTP/1.1" 200 919 "http://dev.avessoc.org.ve/phpmyadmin/db_sql.php?db=c6_devwpavessoc&token=f2fa0a6f30e10dc63bda82664a345e6e" "Mozilla/5.0 (Windows NT 6.1; Win64; x64) AppleWebKit/537.36 (KHTML, like Gecko) Chrome/69.0.3497.100 Safari/537.36"
192.168.33.143 - - [08/Oct/2018:13:20:01 -0400] "POST /phpmyadmin/import.php HTTP/1.1" 200 5266 "http://dev.avessoc.org.ve/phpmyadmin/db_sql.php?db=c6_devwpavessoc&token=f2fa0a6f30e10dc63bda82664a345e6e" "Mozilla/5.0 (Windows NT 6.1; Win64; x64) AppleWebKit/537.36 (KHTML, like Gecko) Chrome/69.0.3497.100 Safari/537.36"
192.168.33.143 - - [08/Oct/2018:13:20:03 -0400] "GET /phpmyadmin/themes/pmahomme/img/col_pointer.png HTTP/1.1" 200 387 "http://dev.avessoc.org.ve/phpmyadmin/phpmyadmin.css.php?nocache=5901333784ltr" "Mozilla/5.0 (Windows NT 6.1; Win64; x64) AppleWebKit/537.36 (KHTML, like Gecko) Chrome/69.0.3497.100 Safari/537.36"
192.168.33.143 - - [08/Oct/2018:13:20:03 -0400] "GET /phpmyadmin/themes/pmahomme/img/col_drop.png HTTP/1.1" 200 406 "http://dev.avessoc.org.ve/phpmyadmin/phpmyadmin.css.php?nocache=5901333784ltr" "Mozilla/5.0 (Windows NT 6.1; Win64; x64) AppleWebKit/537.36 (KHTML, like Gecko) Chrome/69.0.3497.100 Safari/537.36"
192.168.33.143 - - [08/Oct/2018:13:20:03 -0400] "GET /phpmyadmin/themes/pmahomme/img/s_fulltext.png HTTP/1.1" 200 448 "http://dev.avessoc.org.ve/phpmyadmin/db_sql.php?db=c6_devwpavessoc&token=f2fa0a6f30e10dc63bda82664a345e6e" "Mozilla/5.0 (Windows NT 6.1; Win64; x64) AppleWebKit/537.36 (KHTML, like Gecko) Chrome/69.0.3497.100 Safari/537.36"
192.168.33.143 - - [08/Oct/2018:13:20:47 -0400] "POST /wp-admin/admin-ajax.php?_fs_blog_admin=true HTTP/1.1" 200 670 "http://dev.avessoc.org.ve/wp-admin/post.php?post=2466&action=edit" "Mozilla/5.0 (Windows NT 6.1; Win64; x64) AppleWebKit/537.36 (KHTML, like Gecko) Chrome/69.0.3497.100 Safari/537.36"
192.168.33.143 - - [08/Oct/2018:13:21:18 -0400] "POST /wp-admin/admin-ajax.php?_fs_blog_admin=true HTTP/1.1" 200 618 "http://dev.avessoc.org.ve/wp-admin/admin.php?page=smart-slider-3&nextendcontroller=sliders&nextendaction=embed" "Mozilla/5.0 (Windows NT 6.1; Win64; x64) AppleWebKit/537.36 (KHTML, like Gecko) Chrome/69.0.3497.100 Safari/537.36"
200.2.12.146 - - [08/Oct/2018:13:21:46 -0400] "POST /wp-admin/admin-ajax.php?_fs_blog_admin=true HTTP/1.1" 200 523 "http://dev.avessoc.org.ve/wp-admin/admin.php?page=smart-slider-3&nextendcontroller=sliders&nextendaction=embed" "Mozilla/5.0 (X11; Linux x86_64; rv:62.0) Gecko/20100101 Firefox/62.0"
192.168.33.143 - - [08/Oct/2018:13:22:48 -0400] "POST /wp-admin/admin-ajax.php?_fs_blog_admin=true HTTP/1.1" 200 670 "http://dev.avessoc.org.ve/wp-admin/post.php?post=2466&action=edit" "Mozilla/5.0 (Windows NT 6.1; Win64; x64) AppleWebKit/537.36 (KHTML, like Gecko) Chrome/69.0.3497.100 Safari/537.36"
200.2.12.146 - - [08/Oct/2018:13:23:46 -0400] "POST /wp-admin/admin-ajax.php?_fs_blog_admin=true HTTP/1.1" 200 523 "http://dev.avessoc.org.ve/wp-admin/admin.php?page=smart-slider-3&nextendcontroller=sliders&nextendaction=embed" "Mozilla/5.0 (X11; Linux x86_64; rv:62.0) Gecko/20100101 Firefox/62.0"
192.168.33.143 - - [08/Oct/2018:13:25:25 -0400] "POST /wp-admin/admin-ajax.php?_fs_blog_admin=true HTTP/1.1" 200 618 "http://dev.avessoc.org.ve/wp-admin/admin.php?page=smart-slider-3&nextendcontroller=sliders&nextendaction=embed" "Mozilla/5.0 (Windows NT 6.1; Win64; x64) AppleWebKit/537.36 (KHTML, like Gecko) Chrome/69.0.3497.100 Safari/537.36"
192.168.33.143 - - [08/Oct/2018:13:25:25 -0400] "POST /wp-admin/admin-ajax.php?_fs_blog_admin=true HTTP/1.1" 200 670 "http://dev.avessoc.org.ve/wp-admin/post.php?post=2466&action=edit" "Mozilla/5.0 (Windows NT 6.1; Win64; x64) AppleWebKit/537.36 (KHTML, like Gecko) Chrome/69.0.3497.100 Safari/537.36"
192.168.33.143 - - [08/Oct/2018:13:25:33 -0400] "GET /wp-includes/css/admin-bar.min.css?ver=4.9.8 HTTP/1.1" 200 4232 "http://dev.avessoc.org.ve/avessoc-nueva-preorden/?id_pac=3" "Mozilla/5.0 (Windows NT 6.1; Win64; x64) AppleWebKit/537.36 (KHTML, like Gecko) Chrome/69.0.3497.100 Safari/537.36"
192.168.33.143 - - [08/Oct/2018:13:25:33 -0400] "GET /wp-content/themes/hestia/assets/css/font-sizes.css?ver=1.1.83 HTTP/1.1" 200 1274 "http://dev.avessoc.org.ve/avessoc-nueva-preorden/?id_pac=3" "Mozilla/5.0 (Windows NT 6.1; Win64; x64) AppleWebKit/537.36 (KHTML, like Gecko) Chrome/69.0.3497.100 Safari/537.36"
192.168.33.143 - - [08/Oct/2018:13:25:33 -0400] "GET /wp-content/plugins/contact-form-7/includes/css/styles.css?ver=5.0.3 HTTP/1.1" 200 992 "http://dev.avessoc.org.ve/avessoc-nueva-preorden/?id_pac=3" "Mozilla/5.0 (Windows NT 6.1; Win64; x64) AppleWebKit/537.36 (KHTML, like Gecko) Chrome/69.0.3497.100 Safari/537.36"
192.168.33.143 - - [08/Oct/2018:13:25:33 -0400] "GET /wp-content/plugins/livemesh-siteorigin-widgets/assets/css/icomoon.css?ver=2.3 HTTP/1.1" 200 2436 "http://dev.avessoc.org.ve/avessoc-nueva-preorden/?id_pac=3" "Mozilla/5.0 (Windows NT 6.1; Win64; x64) AppleWebKit/537.36 (KHTML, like Gecko) Chrome/69.0.3497.100 Safari/537.36"
192.168.33.143 - - [08/Oct/2018:13:25:33 -0400] "GET /wp-content/plugins/livemesh-siteorigin-widgets/assets/css/lsow-frontend.css?ver=2.3 HTTP/1.1" 200 4158 "http://dev.avessoc.org.ve/avessoc-nueva-preorden/?id_pac=3" "Mozilla/5.0 (Windows NT 6.1; Win64; x64) AppleWebKit/537.36 (KHTML, like Gecko) Chrome/69.0.3497.100 Safari/537.36"
192.168.33.143 - - [08/Oct/2018:13:25:33 -0400] "GET /wp-content/themes/hestia/assets/bootstrap/css/bootstrap.min.css?ver=1.0.1 HTTP/1.1" 200 13333 "http://dev.avessoc.org.ve/avessoc-nueva-preorden/?id_pac=3" "Mozilla/5.0 (Windows NT 6.1; Win64; x64) AppleWebKit/537.36 (KHTML, like Gecko) Chrome/69.0.3497.100 Safari/537.36"
192.168.33.143 - - [08/Oct/2018:13:25:32 -0400] "GET /avessoc-nueva-preorden/?id_pac=3 HTTP/1.1" 500 41207 "http://dev.avessoc.org.ve/avessor-buscar-pacientes/" "Mozilla/5.0 (Windows NT 6.1; Win64; x64) AppleWebKit/537.36 (KHTML, like Gecko) Chrome/69.0.3497.100 Safari/537.36"
192.168.33.143 - - [08/Oct/2018:13:25:33 -0400] "GET /wp-content/plugins/wordfence/css/wordfenceBox.1533058343.css?ver=7.1.10 HTTP/1.1" 200 2155 "http://dev.avessoc.org.ve/avessoc-nueva-preorden/?id_pac=3" "Mozilla/5.0 (Windows NT 6.1; Win64; x64) AppleWebKit/537.36 (KHTML, like Gecko) Chrome/69.0.3497.100 Safari/537.36"
192.168.33.143 - - [08/Oct/2018:13:25:33 -0400] "GET /wp-includes/css/dashicons.min.css?ver=4.9.8 HTTP/1.1" 200 28968 "http://dev.avessoc.org.ve/avessoc-nueva-preorden/?id_pac=3" "Mozilla/5.0 (Windows NT 6.1; Win64; x64) AppleWebKit/537.36 (KHTML, like Gecko) Chrome/69.0.3497.100 Safari/537.36"
192.168.33.143 - - [08/Oct/2018:13:25:33 -0400] "GET /wp-content/plugins/livemesh-siteorigin-widgets/assets/css/animate.css?ver=2.3 HTTP/1.1" 200 18010 "http://dev.avessoc.org.ve/avessoc-nueva-preorden/?id_pac=3" "Mozilla/5.0 (Windows NT 6.1; Win64; x64) AppleWebKit/537.36 (KHTML, like Gecko) Chrome/69.0.3497.100 Safari/537.36"
192.168.33.143 - - [08/Oct/2018:13:25:33 -0400] "GET /wp-content/themes/hestia-child/style.css?ver=4.9.8 HTTP/1.1" 200 613 "http://dev.avessoc.org.ve/avessoc-nueva-preorden/?id_pac=3" "Mozilla/5.0 (Windows NT 6.1; Win64; x64) AppleWebKit/537.36 (KHTML, like Gecko) Chrome/69.0.3497.100 Safari/537.36"
192.168.33.143 - - [08/Oct/2018:13:25:33 -0400] "GET /wp-content/themes/hestia-child/css/new-styles.css?ver=1.0.0 HTTP/1.1" 200 2514 "http://dev.avessoc.org.ve/avessoc-nueva-preorden/?id_pac=3" "Mozilla/5.0 (Windows NT 6.1; Win64; x64) AppleWebKit/537.36 (KHTML, like Gecko) Chrome/69.0.3497.100 Safari/537.36"
192.168.33.143 - - [08/Oct/2018:13:25:33 -0400] "GET /wp-content/themes/hestia-child/style.css?ver=1.1.83 HTTP/1.1" 200 613 "http://dev.avessoc.org.ve/avessoc-nueva-preorden/?id_pac=3" "Mozilla/5.0 (Windows NT 6.1; Win64; x64) AppleWebKit/537.36 (KHTML, like Gecko) Chrome/69.0.3497.100 Safari/537.36"
192.168.33.143 - - [08/Oct/2018:13:25:33 -0400] "GET /wp-content/plugins/elementor/assets/lib/font-awesome/css/font-awesome.min.css?ver=4.7.0 HTTP/1.1" 200 7374 "http://dev.avessoc.org.ve/avessoc-nueva-preorden/?id_pac=3" "Mozilla/5.0 (Windows NT 6.1; Win64; x64) AppleWebKit/537.36 (KHTML, like Gecko) Chrome/69.0.3497.100 Safari/537.36"
192.168.33.143 - - [08/Oct/2018:13:25:33 -0400] "GET /wp-content/plugins/authorizer/css/authorizer-public.css?ver=2.8.0 HTTP/1.1" 200 307 "http://dev.avessoc.org.ve/avessoc-nueva-preorden/?id_pac=3" "Mozilla/5.0 (Windows NT 6.1; Win64; x64) AppleWebKit/537.36 (KHTML, like Gecko) Chrome/69.0.3497.100 Safari/537.36"
192.168.33.143 - - [08/Oct/2018:13:25:33 -0400] "GET /wp-includes/js/jquery/jquery-migrate.min.js?ver=1.4.1 HTTP/1.1" 200 4349 "http://dev.avessoc.org.ve/avessoc-nueva-preorden/?id_pac=3" "Mozilla/5.0 (Windows NT 6.1; Win64; x64) AppleWebKit/537.36 (KHTML, like Gecko) Chrome/69.0.3497.100 Safari/537.36"
192.168.33.143 - - [08/Oct/2018:13:25:33 -0400] "GET /wp-content/plugins/pirate-forms/public/js/custom-spam.js?ver=4.9.8 HTTP/1.1" 200 833 "http://dev.avessoc.org.ve/avessoc-nueva-preorden/?id_pac=3" "Mozilla/5.0 (Windows NT 6.1; Win64; x64) AppleWebKit/537.36 (KHTML, like Gecko) Chrome/69.0.3497.100 Safari/537.36"
192.168.33.143 - - [08/Oct/2018:13:25:33 -0400] "GET /wp-content/plugins/authorizer/js/authorizer-public.js?ver=2.8.0 HTTP/1.1" 200 804 "http://dev.avessoc.org.ve/avessoc-nueva-preorden/?id_pac=3" "Mozilla/5.0 (Windows NT 6.1; Win64; x64) AppleWebKit/537.36 (KHTML, like Gecko) Chrome/69.0.3497.100 Safari/537.36"
192.168.33.143 - - [08/Oct/2018:13:25:33 -0400] "GET /wp-content/uploads/2017/06/cropped-Logo-Avessoc-peque.png HTTP/1.1" 200 30212 "http://dev.avessoc.org.ve/avessoc-nueva-preorden/?id_pac=3" "Mozilla/5.0 (Windows NT 6.1; Win64; x64) AppleWebKit/537.36 (KHTML, like Gecko) Chrome/69.0.3497.100 Safari/537.36"
192.168.33.143 - - [08/Oct/2018:13:25:33 -0400] "GET /wp-includes/js/jquery/jquery.js?ver=1.12.4 HTTP/1.1" 200 34102 "http://dev.avessoc.org.ve/avessoc-nueva-preorden/?id_pac=3" "Mozilla/5.0 (Windows NT 6.1; Win64; x64) AppleWebKit/537.36 (KHTML, like Gecko) Chrome/69.0.3497.100 Safari/537.36"
192.168.33.143 - - [08/Oct/2018:13:25:33 -0400] "GET /wp-content/plugins/wordfence/js/admin.ajaxWatcher.1533058343.js?ver=7.1.10 HTTP/1.1" 200 5998 "http://dev.avessoc.org.ve/avessoc-nueva-preorden/?id_pac=3" "Mozilla/5.0 (Windows NT 6.1; Win64; x64) AppleWebKit/537.36 (KHTML, like Gecko) Chrome/69.0.3497.100 Safari/537.36"
192.168.33.143 - - [08/Oct/2018:13:25:33 -0400] "GET /wp-content/uploads/siteorigin-widgets/sow-social-media-buttons-atom-19ea6aa25a47.css?ver=4.9.8 HTTP/1.1" 200 1622 "http://dev.avessoc.org.ve/avessoc-nueva-preorden/?id_pac=3" "Mozilla/5.0 (Windows NT 6.1; Win64; x64) AppleWebKit/537.36 (KHTML, like Gecko) Chrome/69.0.3497.100 Safari/537.36"
192.168.33.143 - - [08/Oct/2018:13:25:33 -0400] "GET /wp-content/themes/hestia/style.css HTTP/1.1" 200 29509 "http://dev.avessoc.org.ve/avessoc-nueva-preorden/?id_pac=3" "Mozilla/5.0 (Windows NT 6.1; Win64; x64) AppleWebKit/537.36 (KHTML, like Gecko) Chrome/69.0.3497.100 Safari/537.36"
200.2.12.146 - - [08/Oct/2018:13:25:46 -0400] "POST /wp-admin/admin-ajax.php?_fs_blog_admin=true HTTP/1.1" 200 523 "http://dev.avessoc.org.ve/wp-admin/admin.php?page=smart-slider-3&nextendcontroller=sliders&nextendaction=embed" "Mozilla/5.0 (X11; Linux x86_64; rv:62.0) Gecko/20100101 Firefox/62.0"
192.168.33.143 - - [08/Oct/2018:13:25:57 -0400] "GET /wp-includes/js/wp-emoji-release.min.js?ver=4.9.8 HTTP/1.1" 200 4718 "http://dev.avessoc.org.ve/avessoc-nueva-preorden/?id_pac=3" "Mozilla/5.0 (Windows NT 6.1; Win64; x64) AppleWebKit/537.36 (KHTML, like Gecko) Chrome/69.0.3497.100 Safari/537.36"
192.168.33.143 - - [08/Oct/2018:13:25:57 -0400] "GET /wp-content/plugins/elementor/assets/lib/font-awesome/fonts/fontawesome-webfont.woff2?v=4.7.0 HTTP/1.1" 200 77411 "http://dev.avessoc.org.ve/wp-content/plugins/elementor/assets/lib/font-awesome/css/font-awesome.min.css?ver=4.7.0" "Mozilla/5.0 (Windows NT 6.1; Win64; x64) AppleWebKit/537.36 (KHTML, like Gecko) Chrome/69.0.3497.100 Safari/537.36"
192.168.33.143 - - [08/Oct/2018:13:26:20 -0400] "GET /wp-includes/css/admin-bar.min.css?ver=4.9.8 HTTP/1.1" 200 4232 "http://dev.avessoc.org.ve/avessoc-nueva-preorden/?id_pac=3" "Mozilla/5.0 (Windows NT 6.1; Win64; x64) AppleWebKit/537.36 (KHTML, like Gecko) Chrome/69.0.3497.100 Safari/537.36"
192.168.33.143 - - [08/Oct/2018:13:26:20 -0400] "GET /wp-includes/css/dashicons.min.css?ver=4.9.8 HTTP/1.1" 200 28968 "http://dev.avessoc.org.ve/avessoc-nueva-preorden/?id_pac=3" "Mozilla/5.0 (Windows NT 6.1; Win64; x64) AppleWebKit/537.36 (KHTML, like Gecko) Chrome/69.0.3497.100 Safari/537.36"
192.168.33.143 - - [08/Oct/2018:13:26:20 -0400] "GET /wp-content/themes/hestia/assets/css/font-sizes.css?ver=1.1.83 HTTP/1.1" 200 1274 "http://dev.avessoc.org.ve/avessoc-nueva-preorden/?id_pac=3" "Mozilla/5.0 (Windows NT 6.1; Win64; x64) AppleWebKit/537.36 (KHTML, like Gecko) Chrome/69.0.3497.100 Safari/537.36"
192.168.33.143 - - [08/Oct/2018:13:26:20 -0400] "GET /wp-content/plugins/contact-form-7/includes/css/styles.css?ver=5.0.3 HTTP/1.1" 200 992 "http://dev.avessoc.org.ve/avessoc-nueva-preorden/?id_pac=3" "Mozilla/5.0 (Windows NT 6.1; Win64; x64) AppleWebKit/537.36 (KHTML, like Gecko) Chrome/69.0.3497.100 Safari/537.36"
192.168.33.143 - - [08/Oct/2018:13:26:20 -0400] "GET /wp-content/plugins/livemesh-siteorigin-widgets/assets/css/lsow-frontend.css?ver=2.3 HTTP/1.1" 200 4158 "http://dev.avessoc.org.ve/avessoc-nueva-preorden/?id_pac=3" "Mozilla/5.0 (Windows NT 6.1; Win64; x64) AppleWebKit/537.36 (KHTML, like Gecko) Chrome/69.0.3497.100 Safari/537.36"
192.168.33.143 - - [08/Oct/2018:13:26:20 -0400] "GET /wp-content/themes/hestia/assets/bootstrap/css/bootstrap.min.css?ver=1.0.1 HTTP/1.1" 200 13333 "http://dev.avessoc.org.ve/avessoc-nueva-preorden/?id_pac=3" "Mozilla/5.0 (Windows NT 6.1; Win64; x64) AppleWebKit/537.36 (KHTML, like Gecko) Chrome/69.0.3497.100 Safari/537.36"
192.168.33.143 - - [08/Oct/2018:13:26:20 -0400] "GET /wp-content/plugins/livemesh-siteorigin-widgets/assets/css/animate.css?ver=2.3 HTTP/1.1" 200 18011 "http://dev.avessoc.org.ve/avessoc-nueva-preorden/?id_pac=3" "Mozilla/5.0 (Windows NT 6.1; Win64; x64) AppleWebKit/537.36 (KHTML, like Gecko) Chrome/69.0.3497.100 Safari/537.36"
192.168.33.143 - - [08/Oct/2018:13:26:20 -0400] "GET /wp-content/plugins/livemesh-siteorigin-widgets/assets/css/icomoon.css?ver=2.3 HTTP/1.1" 200 2436 "http://dev.avessoc.org.ve/avessoc-nueva-preorden/?id_pac=3" "Mozilla/5.0 (Windows NT 6.1; Win64; x64) AppleWebKit/537.36 (KHTML, like Gecko) Chrome/69.0.3497.100 Safari/537.36"
192.168.33.143 - - [08/Oct/2018:13:26:20 -0400] "GET /wp-content/uploads/siteorigin-widgets/sow-social-media-buttons-atom-19ea6aa25a47.css?ver=4.9.8 HTTP/1.1" 200 1622 "http://dev.avessoc.org.ve/avessoc-nueva-preorden/?id_pac=3" "Mozilla/5.0 (Windows NT 6.1; Win64; x64) AppleWebKit/537.36 (KHTML, like Gecko) Chrome/69.0.3497.100 Safari/537.36"
192.168.33.143 - - [08/Oct/2018:13:26:20 -0400] "GET /wp-content/plugins/wordfence/css/wordfenceBox.1533058343.css?ver=7.1.10 HTTP/1.1" 200 2154 "http://dev.avessoc.org.ve/avessoc-nueva-preorden/?id_pac=3" "Mozilla/5.0 (Windows NT 6.1; Win64; x64) AppleWebKit/537.36 (KHTML, like Gecko) Chrome/69.0.3497.100 Safari/537.36"
192.168.33.143 - - [08/Oct/2018:13:26:20 -0400] "GET /wp-content/themes/hestia-child/style.css?ver=4.9.8 HTTP/1.1" 200 613 "http://dev.avessoc.org.ve/avessoc-nueva-preorden/?id_pac=3" "Mozilla/5.0 (Windows NT 6.1; Win64; x64) AppleWebKit/537.36 (KHTML, like Gecko) Chrome/69.0.3497.100 Safari/537.36"
192.168.33.143 - - [08/Oct/2018:13:26:20 -0400] "GET /wp-content/themes/hestia-child/css/new-styles.css?ver=1.0.0 HTTP/1.1" 200 2514 "http://dev.avessoc.org.ve/avessoc-nueva-preorden/?id_pac=3" "Mozilla/5.0 (Windows NT 6.1; Win64; x64) AppleWebKit/537.36 (KHTML, like Gecko) Chrome/69.0.3497.100 Safari/537.36"
192.168.33.143 - - [08/Oct/2018:13:26:20 -0400] "GET /wp-content/themes/hestia-child/style.css?ver=1.1.83 HTTP/1.1" 200 613 "http://dev.avessoc.org.ve/avessoc-nueva-preorden/?id_pac=3" "Mozilla/5.0 (Windows NT 6.1; Win64; x64) AppleWebKit/537.36 (KHTML, like Gecko) Chrome/69.0.3497.100 Safari/537.36"
192.168.33.143 - - [08/Oct/2018:13:26:20 -0400] "GET /wp-content/plugins/elementor/assets/lib/font-awesome/css/font-awesome.min.css?ver=4.7.0 HTTP/1.1" 200 7374 "http://dev.avessoc.org.ve/avessoc-nueva-preorden/?id_pac=3" "Mozilla/5.0 (Windows NT 6.1; Win64; x64) AppleWebKit/537.36 (KHTML, like Gecko) Chrome/69.0.3497.100 Safari/537.36"
192.168.33.143 - - [08/Oct/2018:13:26:20 -0400] "GET /wp-content/plugins/authorizer/css/authorizer-public.css?ver=2.8.0 HTTP/1.1" 200 307 "http://dev.avessoc.org.ve/avessoc-nueva-preorden/?id_pac=3" "Mozilla/5.0 (Windows NT 6.1; Win64; x64) AppleWebKit/537.36 (KHTML, like Gecko) Chrome/69.0.3497.100 Safari/537.36"
192.168.33.143 - - [08/Oct/2018:13:26:24 -0400] "GET /wp-content/uploads/2017/06/cropped-Logo-Avessoc-ico-32x32.png HTTP/1.1" 200 5108 "http://dev.avessoc.org.ve/avessoc-nueva-preorden/?id_pac=3" "Mozilla/5.0 (Windows NT 6.1; Win64; x64) AppleWebKit/537.36 (KHTML, like Gecko) Chrome/69.0.3497.100 Safari/537.36"
192.168.33.143 - - [08/Oct/2018:13:27:26 -0400] "POST /wp-admin/admin-ajax.php?_fs_blog_admin=true HTTP/1.1" 200 670 "http://dev.avessoc.org.ve/wp-admin/post.php?post=2466&action=edit" "Mozilla/5.0 (Windows NT 6.1; Win64; x64) AppleWebKit/537.36 (KHTML, like Gecko) Chrome/69.0.3497.100 Safari/537.36"
192.168.33.143 - - [08/Oct/2018:13:27:26 -0400] "POST /wp-admin/admin-ajax.php?_fs_blog_admin=true HTTP/1.1" 200 618 "http://dev.avessoc.org.ve/wp-admin/admin.php?page=smart-slider-3&nextendcontroller=sliders&nextendaction=embed" "Mozilla/5.0 (Windows NT 6.1; Win64; x64) AppleWebKit/537.36 (KHTML, like Gecko) Chrome/69.0.3497.100 Safari/537.36"
200.2.12.146 - - [08/Oct/2018:13:27:46 -0400] "POST /wp-admin/admin-ajax.php?_fs_blog_admin=true HTTP/1.1" 200 523 "http://dev.avessoc.org.ve/wp-admin/admin.php?page=smart-slider-3&nextendcontroller=sliders&nextendaction=embed" "Mozilla/5.0 (X11; Linux x86_64; rv:62.0) Gecko/20100101 Firefox/62.0"
192.168.33.143 - - [08/Oct/2018:13:29:27 -0400] "POST /wp-admin/admin-ajax.php?_fs_blog_admin=true HTTP/1.1" 200 670 "http://dev.avessoc.org.ve/wp-admin/post.php?post=2466&action=edit" "Mozilla/5.0 (Windows NT 6.1; Win64; x64) AppleWebKit/537.36 (KHTML, like Gecko) Chrome/69.0.3497.100 Safari/537.36"
192.168.33.143 - - [08/Oct/2018:13:29:27 -0400] "POST /wp-admin/admin-ajax.php?_fs_blog_admin=true HTTP/1.1" 200 618 "http://dev.avessoc.org.ve/wp-admin/admin.php?page=smart-slider-3&nextendcontroller=sliders&nextendaction=embed" "Mozilla/5.0 (Windows NT 6.1; Win64; x64) AppleWebKit/537.36 (KHTML, like Gecko) Chrome/69.0.3497.100 Safari/537.36"
192.168.33.143 - - [08/Oct/2018:13:29:38 -0400] "GET /avessoc-nueva-preorden/?id_pac=3 HTTP/1.1" 200 11537 "http://dev.avessoc.org.ve/avessor-buscar-pacientes/" "Mozilla/5.0 (Windows NT 6.1; Win64; x64) AppleWebKit/537.36 (KHTML, like Gecko) Chrome/69.0.3497.100 Safari/537.36"
192.168.33.143 - - [08/Oct/2018:13:29:39 -0400] "GET /wp-includes/css/admin-bar.min.css?ver=4.9.8 HTTP/1.1" 200 4232 "http://dev.avessoc.org.ve/avessoc-nueva-preorden/?id_pac=3" "Mozilla/5.0 (Windows NT 6.1; Win64; x64) AppleWebKit/537.36 (KHTML, like Gecko) Chrome/69.0.3497.100 Safari/537.36"
192.168.33.143 - - [08/Oct/2018:13:29:39 -0400] "GET /wp-includes/css/dashicons.min.css?ver=4.9.8 HTTP/1.1" 200 28967 "http://dev.avessoc.org.ve/avessoc-nueva-preorden/?id_pac=3" "Mozilla/5.0 (Windows NT 6.1; Win64; x64) AppleWebKit/537.36 (KHTML, like Gecko) Chrome/69.0.3497.100 Safari/537.36"
192.168.33.143 - - [08/Oct/2018:13:29:39 -0400] "GET /wp-content/themes/hestia/assets/css/font-sizes.css?ver=1.1.83 HTTP/1.1" 200 1274 "http://dev.avessoc.org.ve/avessoc-nueva-preorden/?id_pac=3" "Mozilla/5.0 (Windows NT 6.1; Win64; x64) AppleWebKit/537.36 (KHTML, like Gecko) Chrome/69.0.3497.100 Safari/537.36"
192.168.33.143 - - [08/Oct/2018:13:29:39 -0400] "GET /wp-content/themes/hestia/assets/bootstrap/css/bootstrap.min.css?ver=1.0.1 HTTP/1.1" 200 13333 "http://dev.avessoc.org.ve/avessoc-nueva-preorden/?id_pac=3" "Mozilla/5.0 (Windows NT 6.1; Win64; x64) AppleWebKit/537.36 (KHTML, like Gecko) Chrome/69.0.3497.100 Safari/537.36"
192.168.33.143 - - [08/Oct/2018:13:29:39 -0400] "GET /wp-content/plugins/contact-form-7/includes/css/styles.css?ver=5.0.3 HTTP/1.1" 200 992 "http://dev.avessoc.org.ve/avessoc-nueva-preorden/?id_pac=3" "Mozilla/5.0 (Windows NT 6.1; Win64; x64) AppleWebKit/537.36 (KHTML, like Gecko) Chrome/69.0.3497.100 Safari/537.36"
192.168.33.143 - - [08/Oct/2018:13:29:39 -0400] "GET /wp-content/uploads/siteorigin-widgets/sow-social-media-buttons-atom-19ea6aa25a47.css?ver=4.9.8 HTTP/1.1" 200 1622 "http://dev.avessoc.org.ve/avessoc-nueva-preorden/?id_pac=3" "Mozilla/5.0 (Windows NT 6.1; Win64; x64) AppleWebKit/537.36 (KHTML, like Gecko) Chrome/69.0.3497.100 Safari/537.36"
192.168.33.143 - - [08/Oct/2018:13:29:39 -0400] "GET /wp-content/plugins/livemesh-siteorigin-widgets/assets/css/lsow-frontend.css?ver=2.3 HTTP/1.1" 200 4158 "http://dev.avessoc.org.ve/avessoc-nueva-preorden/?id_pac=3" "Mozilla/5.0 (Windows NT 6.1; Win64; x64) AppleWebKit/537.36 (KHTML, like Gecko) Chrome/69.0.3497.100 Safari/537.36"
192.168.33.143 - - [08/Oct/2018:13:29:39 -0400] "GET /wp-content/plugins/livemesh-siteorigin-widgets/assets/css/icomoon.css?ver=2.3 HTTP/1.1" 200 2436 "http://dev.avessoc.org.ve/avessoc-nueva-preorden/?id_pac=3" "Mozilla/5.0 (Windows NT 6.1; Win64; x64) AppleWebKit/537.36 (KHTML, like Gecko) Chrome/69.0.3497.100 Safari/537.36"
192.168.33.143 - - [08/Oct/2018:13:29:39 -0400] "GET /wp-content/plugins/livemesh-siteorigin-widgets/assets/css/animate.css?ver=2.3 HTTP/1.1" 200 18011 "http://dev.avessoc.org.ve/avessoc-nueva-preorden/?id_pac=3" "Mozilla/5.0 (Windows NT 6.1; Win64; x64) AppleWebKit/537.36 (KHTML, like Gecko) Chrome/69.0.3497.100 Safari/537.36"
192.168.33.143 - - [08/Oct/2018:13:29:39 -0400] "GET /wp-content/themes/hestia-child/css/new-styles.css?ver=1.0.0 HTTP/1.1" 200 2514 "http://dev.avessoc.org.ve/avessoc-nueva-preorden/?id_pac=3" "Mozilla/5.0 (Windows NT 6.1; Win64; x64) AppleWebKit/537.36 (KHTML, like Gecko) Chrome/69.0.3497.100 Safari/537.36"
192.168.33.143 - - [08/Oct/2018:13:29:39 -0400] "GET /wp-content/themes/hestia-child/style.css?ver=4.9.8 HTTP/1.1" 200 613 "http://dev.avessoc.org.ve/avessoc-nueva-preorden/?id_pac=3" "Mozilla/5.0 (Windows NT 6.1; Win64; x64) AppleWebKit/537.36 (KHTML, like Gecko) Chrome/69.0.3497.100 Safari/537.36"
192.168.33.143 - - [08/Oct/2018:13:29:39 -0400] "GET /wp-content/themes/hestia-child/style.css?ver=1.1.83 HTTP/1.1" 200 613 "http://dev.avessoc.org.ve/avessoc-nueva-preorden/?id_pac=3" "Mozilla/5.0 (Windows NT 6.1; Win64; x64) AppleWebKit/537.36 (KHTML, like Gecko) Chrome/69.0.3497.100 Safari/537.36"
192.168.33.143 - - [08/Oct/2018:13:29:39 -0400] "GET /wp-content/plugins/wordfence/css/wordfenceBox.1533058343.css?ver=7.1.10 HTTP/1.1" 200 2154 "http://dev.avessoc.org.ve/avessoc-nueva-preorden/?id_pac=3" "Mozilla/5.0 (Windows NT 6.1; Win64; x64) AppleWebKit/537.36 (KHTML, like Gecko) Chrome/69.0.3497.100 Safari/537.36"
192.168.33.143 - - [08/Oct/2018:13:29:39 -0400] "GET /wp-content/plugins/elementor/assets/lib/font-awesome/css/font-awesome.min.css?ver=4.7.0 HTTP/1.1" 200 7374 "http://dev.avessoc.org.ve/avessoc-nueva-preorden/?id_pac=3" "Mozilla/5.0 (Windows NT 6.1; Win64; x64) AppleWebKit/537.36 (KHTML, like Gecko) Chrome/69.0.3497.100 Safari/537.36"
192.168.33.143 - - [08/Oct/2018:13:29:39 -0400] "GET /wp-content/plugins/authorizer/css/authorizer-public.css?ver=2.8.0 HTTP/1.1" 200 307 "http://dev.avessoc.org.ve/avessoc-nueva-preorden/?id_pac=3" "Mozilla/5.0 (Windows NT 6.1; Win64; x64) AppleWebKit/537.36 (KHTML, like Gecko) Chrome/69.0.3497.100 Safari/537.36"
192.168.33.143 - - [08/Oct/2018:13:29:39 -0400] "GET /wp-includes/js/jquery/jquery.js?ver=1.12.4 HTTP/1.1" 200 34102 "http://dev.avessoc.org.ve/avessoc-nueva-preorden/?id_pac=3" "Mozilla/5.0 (Windows NT 6.1; Win64; x64) AppleWebKit/537.36 (KHTML, like Gecko) Chrome/69.0.3497.100 Safari/537.36"
192.168.33.143 - - [08/Oct/2018:13:29:39 -0400] "GET /wp-includes/js/jquery/jquery-migrate.min.js?ver=1.4.1 HTTP/1.1" 200 4349 "http://dev.avessoc.org.ve/avessoc-nueva-preorden/?id_pac=3" "Mozilla/5.0 (Windows NT 6.1; Win64; x64) AppleWebKit/537.36 (KHTML, like Gecko) Chrome/69.0.3497.100 Safari/537.36"
192.168.33.143 - - [08/Oct/2018:13:29:39 -0400] "GET /wp-content/plugins/pirate-forms/public/js/custom-spam.js?ver=4.9.8 HTTP/1.1" 200 833 "http://dev.avessoc.org.ve/avessoc-nueva-preorden/?id_pac=3" "Mozilla/5.0 (Windows NT 6.1; Win64; x64) AppleWebKit/537.36 (KHTML, like Gecko) Chrome/69.0.3497.100 Safari/537.36"
192.168.33.143 - - [08/Oct/2018:13:29:39 -0400] "GET /wp-content/plugins/authorizer/js/authorizer-public.js?ver=2.8.0 HTTP/1.1" 200 804 "http://dev.avessoc.org.ve/avessoc-nueva-preorden/?id_pac=3" "Mozilla/5.0 (Windows NT 6.1; Win64; x64) AppleWebKit/537.36 (KHTML, like Gecko) Chrome/69.0.3497.100 Safari/537.36"
192.168.33.143 - - [08/Oct/2018:13:29:39 -0400] "GET /wp-content/plugins/wordfence/js/admin.ajaxWatcher.1533058343.js?ver=7.1.10 HTTP/1.1" 200 5998 "http://dev.avessoc.org.ve/avessoc-nueva-preorden/?id_pac=3" "Mozilla/5.0 (Windows NT 6.1; Win64; x64) AppleWebKit/537.36 (KHTML, like Gecko) Chrome/69.0.3497.100 Safari/537.36"
192.168.33.143 - - [08/Oct/2018:13:29:39 -0400] "GET /wp-content/uploads/2017/06/cropped-Logo-Avessoc-peque.png HTTP/1.1" 200 30212 "http://dev.avessoc.org.ve/avessoc-nueva-preorden/?id_pac=3" "Mozilla/5.0 (Windows NT 6.1; Win64; x64) AppleWebKit/537.36 (KHTML, like Gecko) Chrome/69.0.3497.100 Safari/537.36"
192.168.33.143 - - [08/Oct/2018:13:29:39 -0400] "GET /wp-content/themes/hestia/style.css HTTP/1.1" 200 29509 "http://dev.avessoc.org.ve/avessoc-nueva-preorden/?id_pac=3" "Mozilla/5.0 (Windows NT 6.1; Win64; x64) AppleWebKit/537.36 (KHTML, like Gecko) Chrome/69.0.3497.100 Safari/537.36"
192.168.33.143 - - [08/Oct/2018:13:29:39 -0400] "GET /wp-includes/js/wp-emoji-release.min.js?ver=4.9.8 HTTP/1.1" 200 4717 "http://dev.avessoc.org.ve/avessoc-nueva-preorden/?id_pac=3" "Mozilla/5.0 (Windows NT 6.1; Win64; x64) AppleWebKit/537.36 (KHTML, like Gecko) Chrome/69.0.3497.100 Safari/537.36"
192.168.33.143 - - [08/Oct/2018:13:29:39 -0400] "GET /wp-content/plugins/elementor/assets/lib/font-awesome/fonts/fontawesome-webfont.woff2?v=4.7.0 HTTP/1.1" 200 77411 "http://dev.avessoc.org.ve/wp-content/plugins/elementor/assets/lib/font-awesome/css/font-awesome.min.css?ver=4.7.0" "Mozilla/5.0 (Windows NT 6.1; Win64; x64) AppleWebKit/537.36 (KHTML, like Gecko) Chrome/69.0.3497.100 Safari/537.36"
200.2.12.146 - - [08/Oct/2018:13:29:46 -0400] "POST /wp-admin/admin-ajax.php?_fs_blog_admin=true HTTP/1.1" 200 523 "http://dev.avessoc.org.ve/wp-admin/admin.php?page=smart-slider-3&nextendcontroller=sliders&nextendaction=embed" "Mozilla/5.0 (X11; Linux x86_64; rv:62.0) Gecko/20100101 Firefox/62.0"
192.168.33.143 - - [08/Oct/2018:13:31:19 -0400] "GET /phpmyadmin/sql.php?server=1&db=c6_devwpavessoc&table=MDCENTER&pos=0&token=f2fa0a6f30e10dc63bda82664a345e6e&ajax_request=true&ajax_page_request=true&_nocache=1539019869285882387 HTTP/1.1" 200 8265 "http://dev.avessoc.org.ve/phpmyadmin/db_sql.php?db=c6_devwpavessoc&token=f2fa0a6f30e10dc63bda82664a345e6e" "Mozilla/5.0 (Windows NT 6.1; Win64; x64) AppleWebKit/537.36 (KHTML, like Gecko) Chrome/69.0.3497.100 Safari/537.36"
192.168.33.143 - - [08/Oct/2018:13:31:19 -0400] "GET /phpmyadmin/js/get_scripts.js.php?scripts%5B%5D=gis_data_editor.js&scripts%5B%5D=multi_column_sort.js&call_done=1&v=4.5.4.1deb2ubuntu2 HTTP/1.1" 200 5025 "http://dev.avessoc.org.ve/phpmyadmin/sql.php?server=1&db=c6_devwpavessoc&table=MDCENTER&pos=0&token=f2fa0a6f30e10dc63bda82664a345e6e" "Mozilla/5.0 (Windows NT 6.1; Win64; x64) AppleWebKit/537.36 (KHTML, like Gecko) Chrome/69.0.3497.100 Safari/537.36"
192.168.33.143 - - [08/Oct/2018:13:31:20 -0400] "POST /phpmyadmin/navigation.php?ajax_request=1&token=f2fa0a6f30e10dc63bda82664a345e6e HTTP/1.1" 200 5455 "http://dev.avessoc.org.ve/phpmyadmin/sql.php?server=1&db=c6_devwpavessoc&table=MDCENTER&pos=0&token=f2fa0a6f30e10dc63bda82664a345e6e" "Mozilla/5.0 (Windows NT 6.1; Win64; x64) AppleWebKit/537.36 (KHTML, like Gecko) Chrome/69.0.3497.100 Safari/537.36"
192.168.33.143 - - [08/Oct/2018:13:31:20 -0400] "GET /phpmyadmin/index.php?ajax_request=1&recent_table=1&token=f2fa0a6f30e10dc63bda82664a345e6e&no_debug=true&_nocache=1539019870219968548 HTTP/1.1" 200 2261 "http://dev.avessoc.org.ve/phpmyadmin/sql.php?server=1&db=c6_devwpavessoc&table=MDCENTER&pos=0&token=f2fa0a6f30e10dc63bda82664a345e6e" "Mozilla/5.0 (Windows NT 6.1; Win64; x64) AppleWebKit/537.36 (KHTML, like Gecko) Chrome/69.0.3497.100 Safari/537.36"
192.168.33.143 - - [08/Oct/2018:13:31:20 -0400] "GET /phpmyadmin/navigation.php?ajax_request=1&token=f2fa0a6f30e10dc63bda82664a345e6e&aPath=cm9vdA%3D%3D.YzZfZGV2d3BhdmVzc29j.dGFibGVz.TURDRU5URVI%3D&vPath=cm9vdA%3D%3D.YzY%3D.ZGV2d3BhdmVzc29j.VGFibGFz.TURDRU5URVI%3D&pos=0&pos2_name=tables&pos2_value=0&searchClause=&searchClause2=&_nocache=1539019870696120073 HTTP/1.1" 200 2781 "http://dev.avessoc.org.ve/phpmyadmin/sql.php?server=1&db=c6_devwpavessoc&table=MDCENTER&pos=0&token=f2fa0a6f30e10dc63bda82664a345e6e" "Mozilla/5.0 (Windows NT 6.1; Win64; x64) AppleWebKit/537.36 (KHTML, like Gecko) Chrome/69.0.3497.100 Safari/537.36"
192.168.33.143 - - [08/Oct/2018:13:31:23 -0400] "GET /phpmyadmin/navigation.php?ajax_request=1&token=f2fa0a6f30e10dc63bda82664a345e6e&aPath=cm9vdA%3D%3D.YzZfZGV2d3BhdmVzc29j.dGFibGVz.TURDRU5URVI%3D&vPath=cm9vdA%3D%3D.YzY%3D.ZGV2d3BhdmVzc29j.VGFibGFz.TURDRU5URVI%3D&pos=0&pos2_name=tables&pos2_value=0&searchClause=&searchClause2=&_nocache=1539019873111605457 HTTP/1.1" 200 2785 "http://dev.avessoc.org.ve/phpmyadmin/sql.php?server=1&db=c6_devwpavessoc&table=MDCENTER&pos=0&token=f2fa0a6f30e10dc63bda82664a345e6e" "Mozilla/5.0 (Windows NT 6.1; Win64; x64) AppleWebKit/537.36 (KHTML, like Gecko) Chrome/69.0.3497.100 Safari/537.36"
192.168.33.143 - - [08/Oct/2018:13:31:25 -0400] "GET /phpmyadmin/tbl_structure.php?server=1&db=c6_devwpavessoc&table=MDCENTER&token=f2fa0a6f30e10dc63bda82664a345e6e&ajax_request=true&ajax_page_request=true&_nocache=1539019875077504720 HTTP/1.1" 200 11196 "http://dev.avessoc.org.ve/phpmyadmin/sql.php?server=1&db=c6_devwpavessoc&table=MDCENTER&pos=0&token=f2fa0a6f30e10dc63bda82664a345e6e" "Mozilla/5.0 (Windows NT 6.1; Win64; x64) AppleWebKit/537.36 (KHTML, like Gecko) Chrome/69.0.3497.100 Safari/537.36"
192.168.33.143 - - [08/Oct/2018:13:31:25 -0400] "GET /phpmyadmin/js/get_scripts.js.php?scripts%5B%5D=tbl_structure.js&call_done=1&v=4.5.4.1deb2ubuntu2 HTTP/1.1" 200 5580 "http://dev.avessoc.org.ve/phpmyadmin/tbl_structure.php?server=1&db=c6_devwpavessoc&table=MDCENTER&token=f2fa0a6f30e10dc63bda82664a345e6e" "Mozilla/5.0 (Windows NT 6.1; Win64; x64) AppleWebKit/537.36 (KHTML, like Gecko) Chrome/69.0.3497.100 Safari/537.36"
192.168.33.143 - - [08/Oct/2018:13:31:26 -0400] "GET /phpmyadmin/index.php?ajax_request=1&recent_table=1&token=f2fa0a6f30e10dc63bda82664a345e6e&no_debug=true&_nocache=1539019876121514876 HTTP/1.1" 200 2263 "http://dev.avessoc.org.ve/phpmyadmin/tbl_structure.php?server=1&db=c6_devwpavessoc&table=MDCENTER&token=f2fa0a6f30e10dc63bda82664a345e6e" "Mozilla/5.0 (Windows NT 6.1; Win64; x64) AppleWebKit/537.36 (KHTML, like Gecko) Chrome/69.0.3497.100 Safari/537.36"
192.168.33.143 - - [08/Oct/2018:13:31:26 -0400] "POST /phpmyadmin/navigation.php?ajax_request=1&token=f2fa0a6f30e10dc63bda82664a345e6e HTTP/1.1" 200 5800 "http://dev.avessoc.org.ve/phpmyadmin/tbl_structure.php?server=1&db=c6_devwpavessoc&table=MDCENTER&token=f2fa0a6f30e10dc63bda82664a345e6e" "Mozilla/5.0 (Windows NT 6.1; Win64; x64) AppleWebKit/537.36 (KHTML, like Gecko) Chrome/69.0.3497.100 Safari/537.36"
192.168.33.143 - - [08/Oct/2018:13:31:28 -0400] "POST /wp-admin/admin-ajax.php?_fs_blog_admin=true HTTP/1.1" 200 669 "http://dev.avessoc.org.ve/wp-admin/post.php?post=2466&action=edit" "Mozilla/5.0 (Windows NT 6.1; Win64; x64) AppleWebKit/537.36 (KHTML, like Gecko) Chrome/69.0.3497.100 Safari/537.36"
192.168.33.143 - - [08/Oct/2018:13:31:28 -0400] "POST /wp-admin/admin-ajax.php?_fs_blog_admin=true HTTP/1.1" 200 617 "http://dev.avessoc.org.ve/wp-admin/admin.php?page=smart-slider-3&nextendcontroller=sliders&nextendaction=embed" "Mozilla/5.0 (Windows NT 6.1; Win64; x64) AppleWebKit/537.36 (KHTML, like Gecko) Chrome/69.0.3497.100 Safari/537.36"
200.2.12.146 - - [08/Oct/2018:13:31:46 -0400] "POST /wp-admin/admin-ajax.php?_fs_blog_admin=true HTTP/1.1" 200 523 "http://dev.avessoc.org.ve/wp-admin/admin.php?page=smart-slider-3&nextendcontroller=sliders&nextendaction=embed" "Mozilla/5.0 (X11; Linux x86_64; rv:62.0) Gecko/20100101 Firefox/62.0"
192.168.33.143 - - [08/Oct/2018:13:32:06 -0400] "GET /phpmyadmin/sql.php?server=1&db=c6_devwpavessoc&table=RPORDER&pos=0&token=f2fa0a6f30e10dc63bda82664a345e6e&ajax_request=true&ajax_page_request=true&_nocache=1539019916497570569 HTTP/1.1" 200 5550 "http://dev.avessoc.org.ve/phpmyadmin/tbl_structure.php?server=1&db=c6_devwpavessoc&table=MDCENTER&token=f2fa0a6f30e10dc63bda82664a345e6e" "Mozilla/5.0 (Windows NT 6.1; Win64; x64) AppleWebKit/537.36 (KHTML, like Gecko) Chrome/69.0.3497.100 Safari/537.36"
192.168.33.143 - - [08/Oct/2018:13:32:06 -0400] "POST /phpmyadmin/navigation.php?ajax_request=1&token=f2fa0a6f30e10dc63bda82664a345e6e HTTP/1.1" 200 5811 "http://dev.avessoc.org.ve/phpmyadmin/sql.php?server=1&db=c6_devwpavessoc&table=RPORDER&pos=0&token=f2fa0a6f30e10dc63bda82664a345e6e" "Mozilla/5.0 (Windows NT 6.1; Win64; x64) AppleWebKit/537.36 (KHTML, like Gecko) Chrome/69.0.3497.100 Safari/537.36"
192.168.33.143 - - [08/Oct/2018:13:32:06 -0400] "GET /phpmyadmin/index.php?ajax_request=1&recent_table=1&token=f2fa0a6f30e10dc63bda82664a345e6e&no_debug=true&_nocache=1539019917008237325 HTTP/1.1" 200 2278 "http://dev.avessoc.org.ve/phpmyadmin/sql.php?server=1&db=c6_devwpavessoc&table=RPORDER&pos=0&token=f2fa0a6f30e10dc63bda82664a345e6e" "Mozilla/5.0 (Windows NT 6.1; Win64; x64) AppleWebKit/537.36 (KHTML, like Gecko) Chrome/69.0.3497.100 Safari/537.36"
192.168.33.143 - - [08/Oct/2018:13:32:11 -0400] "GET /phpmyadmin/navigation.php?ajax_request=1&token=f2fa0a6f30e10dc63bda82664a345e6e&aPath=cm9vdA%3D%3D.YzZfZGV2d3BhdmVzc29j.dGFibGVz.UlBPUkRFUg%3D%3D&vPath=cm9vdA%3D%3D.YzY%3D.ZGV2d3BhdmVzc29j.VGFibGFz.UlBPUkRFUg%3D%3D&pos=0&pos2_name=tables&pos2_value=0&searchClause=&searchClause2=&_nocache=1539019921337315875 HTTP/1.1" 200 2782 "http://dev.avessoc.org.ve/phpmyadmin/sql.php?server=1&db=c6_devwpavessoc&table=RPORDER&pos=0&token=f2fa0a6f30e10dc63bda82664a345e6e" "Mozilla/5.0 (Windows NT 6.1; Win64; x64) AppleWebKit/537.36 (KHTML, like Gecko) Chrome/69.0.3497.100 Safari/537.36"
192.168.33.143 - - [08/Oct/2018:13:32:13 -0400] "GET /phpmyadmin/tbl_structure.php?server=1&db=c6_devwpavessoc&table=RPORDER&token=f2fa0a6f30e10dc63bda82664a345e6e&ajax_request=true&ajax_page_request=true&_nocache=1539019923312272291 HTTP/1.1" 200 8570 "http://dev.avessoc.org.ve/phpmyadmin/sql.php?server=1&db=c6_devwpavessoc&table=RPORDER&pos=0&token=f2fa0a6f30e10dc63bda82664a345e6e" "Mozilla/5.0 (Windows NT 6.1; Win64; x64) AppleWebKit/537.36 (KHTML, like Gecko) Chrome/69.0.3497.100 Safari/537.36"
192.168.33.143 - - [08/Oct/2018:13:32:13 -0400] "GET /phpmyadmin/index.php?ajax_request=1&recent_table=1&token=f2fa0a6f30e10dc63bda82664a345e6e&no_debug=true&_nocache=1539019923841393138 HTTP/1.1" 200 2284 "http://dev.avessoc.org.ve/phpmyadmin/tbl_structure.php?server=1&db=c6_devwpavessoc&table=RPORDER&token=f2fa0a6f30e10dc63bda82664a345e6e" "Mozilla/5.0 (Windows NT 6.1; Win64; x64) AppleWebKit/537.36 (KHTML, like Gecko) Chrome/69.0.3497.100 Safari/537.36"
192.168.33.143 - - [08/Oct/2018:13:32:13 -0400] "POST /phpmyadmin/navigation.php?ajax_request=1&token=f2fa0a6f30e10dc63bda82664a345e6e HTTP/1.1" 200 5911 "http://dev.avessoc.org.ve/phpmyadmin/tbl_structure.php?server=1&db=c6_devwpavessoc&table=RPORDER&token=f2fa0a6f30e10dc63bda82664a345e6e" "Mozilla/5.0 (Windows NT 6.1; Win64; x64) AppleWebKit/537.36 (KHTML, like Gecko) Chrome/69.0.3497.100 Safari/537.36"
192.168.33.143 - - [08/Oct/2018:13:33:28 -0400] "POST /wp-admin/admin-ajax.php?_fs_blog_admin=true HTTP/1.1" 200 670 "http://dev.avessoc.org.ve/wp-admin/post.php?post=2466&action=edit" "Mozilla/5.0 (Windows NT 6.1; Win64; x64) AppleWebKit/537.36 (KHTML, like Gecko) Chrome/69.0.3497.100 Safari/537.36"
192.168.33.143 - - [08/Oct/2018:13:33:29 -0400] "POST /wp-admin/admin-ajax.php?_fs_blog_admin=true HTTP/1.1" 200 618 "http://dev.avessoc.org.ve/wp-admin/admin.php?page=smart-slider-3&nextendcontroller=sliders&nextendaction=embed" "Mozilla/5.0 (Windows NT 6.1; Win64; x64) AppleWebKit/537.36 (KHTML, like Gecko) Chrome/69.0.3497.100 Safari/537.36"
200.2.12.146 - - [08/Oct/2018:13:33:46 -0400] "POST /wp-admin/admin-ajax.php?_fs_blog_admin=true HTTP/1.1" 200 523 "http://dev.avessoc.org.ve/wp-admin/admin.php?page=smart-slider-3&nextendcontroller=sliders&nextendaction=embed" "Mozilla/5.0 (X11; Linux x86_64; rv:62.0) Gecko/20100101 Firefox/62.0"
192.168.33.143 - - [08/Oct/2018:13:35:29 -0400] "POST /wp-admin/admin-ajax.php?_fs_blog_admin=true HTTP/1.1" 200 618 "http://dev.avessoc.org.ve/wp-admin/admin.php?page=smart-slider-3&nextendcontroller=sliders&nextendaction=embed" "Mozilla/5.0 (Windows NT 6.1; Win64; x64) AppleWebKit/537.36 (KHTML, like Gecko) Chrome/69.0.3497.100 Safari/537.36"
200.2.12.146 - - [08/Oct/2018:13:35:46 -0400] "POST /wp-admin/admin-ajax.php?_fs_blog_admin=true HTTP/1.1" 200 523 "http://dev.avessoc.org.ve/wp-admin/admin.php?page=smart-slider-3&nextendcontroller=sliders&nextendaction=embed" "Mozilla/5.0 (X11; Linux x86_64; rv:62.0) Gecko/20100101 Firefox/62.0"
200.2.12.146 - - [08/Oct/2018:13:37:46 -0400] "POST /wp-admin/admin-ajax.php?_fs_blog_admin=true HTTP/1.1" 200 523 "http://dev.avessoc.org.ve/wp-admin/admin.php?page=smart-slider-3&nextendcontroller=sliders&nextendaction=embed" "Mozilla/5.0 (X11; Linux x86_64; rv:62.0) Gecko/20100101 Firefox/62.0"
200.2.12.146 - - [08/Oct/2018:13:39:46 -0400] "POST /wp-admin/admin-ajax.php?_fs_blog_admin=true HTTP/1.1" 200 523 "http://dev.avessoc.org.ve/wp-admin/admin.php?page=smart-slider-3&nextendcontroller=sliders&nextendaction=embed" "Mozilla/5.0 (X11; Linux x86_64; rv:62.0) Gecko/20100101 Firefox/62.0"
200.2.12.146 - - [08/Oct/2018:13:41:46 -0400] "POST /wp-admin/admin-ajax.php?_fs_blog_admin=true HTTP/1.1" 200 523 "http://dev.avessoc.org.ve/wp-admin/admin.php?page=smart-slider-3&nextendcontroller=sliders&nextendaction=embed" "Mozilla/5.0 (X11; Linux x86_64; rv:62.0) Gecko/20100101 Firefox/62.0"
200.2.12.146 - - [08/Oct/2018:13:43:46 -0400] "POST /wp-admin/admin-ajax.php?_fs_blog_admin=true HTTP/1.1" 200 523 "http://dev.avessoc.org.ve/wp-admin/admin.php?page=smart-slider-3&nextendcontroller=sliders&nextendaction=embed" "Mozilla/5.0 (X11; Linux x86_64; rv:62.0) Gecko/20100101 Firefox/62.0"
200.2.12.146 - - [08/Oct/2018:13:45:46 -0400] "POST /wp-admin/admin-ajax.php?_fs_blog_admin=true HTTP/1.1" 200 523 "http://dev.avessoc.org.ve/wp-admin/admin.php?page=smart-slider-3&nextendcontroller=sliders&nextendaction=embed" "Mozilla/5.0 (X11; Linux x86_64; rv:62.0) Gecko/20100101 Firefox/62.0"
200.2.12.146 - - [08/Oct/2018:13:47:46 -0400] "POST /wp-admin/admin-ajax.php?_fs_blog_admin=true HTTP/1.1" 200 523 "http://dev.avessoc.org.ve/wp-admin/admin.php?page=smart-slider-3&nextendcontroller=sliders&nextendaction=embed" "Mozilla/5.0 (X11; Linux x86_64; rv:62.0) Gecko/20100101 Firefox/62.0"
200.2.12.146 - - [08/Oct/2018:13:49:46 -0400] "POST /wp-admin/admin-ajax.php?_fs_blog_admin=true HTTP/1.1" 200 523 "http://dev.avessoc.org.ve/wp-admin/admin.php?page=smart-slider-3&nextendcontroller=sliders&nextendaction=embed" "Mozilla/5.0 (X11; Linux x86_64; rv:62.0) Gecko/20100101 Firefox/62.0"
200.2.12.146 - - [08/Oct/2018:13:51:46 -0400] "POST /wp-admin/admin-ajax.php?_fs_blog_admin=true HTTP/1.1" 200 523 "http://dev.avessoc.org.ve/wp-admin/admin.php?page=smart-slider-3&nextendcontroller=sliders&nextendaction=embed" "Mozilla/5.0 (X11; Linux x86_64; rv:62.0) Gecko/20100101 Firefox/62.0"
200.2.12.146 - - [08/Oct/2018:13:53:46 -0400] "POST /wp-admin/admin-ajax.php?_fs_blog_admin=true HTTP/1.1" 200 523 "http://dev.avessoc.org.ve/wp-admin/admin.php?page=smart-slider-3&nextendcontroller=sliders&nextendaction=embed" "Mozilla/5.0 (X11; Linux x86_64; rv:62.0) Gecko/20100101 Firefox/62.0"
200.2.12.146 - - [08/Oct/2018:13:55:46 -0400] "POST /wp-admin/admin-ajax.php?_fs_blog_admin=true HTTP/1.1" 200 523 "http://dev.avessoc.org.ve/wp-admin/admin.php?page=smart-slider-3&nextendcontroller=sliders&nextendaction=embed" "Mozilla/5.0 (X11; Linux x86_64; rv:62.0) Gecko/20100101 Firefox/62.0"
192.168.33.143 - - [08/Oct/2018:13:56:08 -0400] "POST /phpmyadmin/index.php HTTP/1.1" 200 2318 "http://dev.avessoc.org.ve/phpmyadmin/tbl_structure.php?server=1&db=c6_devwpavessoc&table=RPORDER&token=f2fa0a6f30e10dc63bda82664a345e6e" "Mozilla/5.0 (Windows NT 6.1; Win64; x64) AppleWebKit/537.36 (KHTML, like Gecko) Chrome/69.0.3497.100 Safari/537.36"
192.168.33.143 - - [08/Oct/2018:13:56:36 -0400] "POST /wp-admin/admin-ajax.php?_fs_blog_admin=true HTTP/1.1" 200 670 "http://dev.avessoc.org.ve/wp-admin/post.php?post=2466&action=edit" "Mozilla/5.0 (Windows NT 6.1; Win64; x64) AppleWebKit/537.36 (KHTML, like Gecko) Chrome/69.0.3497.100 Safari/537.36"
192.168.33.143 - - [08/Oct/2018:13:56:36 -0400] "POST /wp-admin/admin-ajax.php?_fs_blog_admin=true HTTP/1.1" 200 618 "http://dev.avessoc.org.ve/wp-admin/admin.php?page=smart-slider-3&nextendcontroller=sliders&nextendaction=embed" "Mozilla/5.0 (Windows NT 6.1; Win64; x64) AppleWebKit/537.36 (KHTML, like Gecko) Chrome/69.0.3497.100 Safari/537.36"
192.168.33.143 - - [08/Oct/2018:13:56:41 -0400] "POST /phpmyadmin/index.php HTTP/1.1" 200 2321 "http://dev.avessoc.org.ve/phpmyadmin/tbl_structure.php?server=1&db=c6_devwpavessoc&table=RPORDER&token=f2fa0a6f30e10dc63bda82664a345e6e" "Mozilla/5.0 (Windows NT 6.1; Win64; x64) AppleWebKit/537.36 (KHTML, like Gecko) Chrome/69.0.3497.100 Safari/537.36"
192.168.33.143 - - [08/Oct/2018:13:56:40 -0400] "GET /wp-admin/post-new.php?post_type=page HTTP/1.1" 200 63208 "http://dev.avessoc.org.ve/wp-admin/post.php?post=2466&action=edit" "Mozilla/5.0 (Windows NT 6.1; Win64; x64) AppleWebKit/537.36 (KHTML, like Gecko) Chrome/69.0.3497.100 Safari/537.36"
192.168.33.143 - - [08/Oct/2018:13:56:43 -0400] "GET /wp-admin/load-scripts.php?c=0&load%5B%5D=hoverIntent,common,admin-bar,jquery-ui-resizable,jquery-ui-draggable,jquery-ui-button,jquery-ui-position,jquery-ui-dialog,wp-poi&load%5B%5D=nter,heartbeat,autosave,suggest,wp-ajax-response,jquery-color,wp-lists,postbox,jquery-ui-menu,jquery-ui-autocomplete,tags-sugges&load%5B%5D=t,tags-box,word-count,post,editor-expand,thickbox,mce-view,imgareaselect,image-edit,svg-painter,wp-auth-check,quicktags,wplink,m&load%5B%5D=edia-upload,jquery-ui-slider,jquery-touch-punch,iris,wp-color-picker,farbtastic,jquery-hotkeys,wp-embed&ver=4.9.8 HTTP/1.1" 200 92788 "http://dev.avessoc.org.ve/wp-admin/post-new.php?post_type=page" "Mozilla/5.0 (Windows NT 6.1; Win64; x64) AppleWebKit/537.36 (KHTML, like Gecko) Chrome/69.0.3497.100 Safari/537.36"
192.168.33.143 - - [08/Oct/2018:13:56:43 -0400] "POST /wp-admin/admin-ajax.php HTTP/1.1" 200 612 "http://dev.avessoc.org.ve/wp-admin/post.php?post=2466&action=edit" "Mozilla/5.0 (Windows NT 6.1; Win64; x64) AppleWebKit/537.36 (KHTML, like Gecko) Chrome/69.0.3497.100 Safari/537.36"
192.168.33.143 - - [08/Oct/2018:13:56:44 -0400] "GET /wp-admin/admin.php?page=smart-slider-3&nextendcontroller=sliders&nextendaction=embed HTTP/1.1" 200 37561 "http://dev.avessoc.org.ve/wp-admin/post-new.php?post_type=page" "Mozilla/5.0 (Windows NT 6.1; Win64; x64) AppleWebKit/537.36 (KHTML, like Gecko) Chrome/69.0.3497.100 Safari/537.36"
192.168.33.143 - - [08/Oct/2018:13:56:59 -0400] "POST /wp-admin/admin-ajax.php?_fs_blog_admin=true HTTP/1.1" 200 670 "http://dev.avessoc.org.ve/wp-admin/post-new.php?post_type=page" "Mozilla/5.0 (Windows NT 6.1; Win64; x64) AppleWebKit/537.36 (KHTML, like Gecko) Chrome/69.0.3497.100 Safari/537.36"
192.168.33.143 - - [08/Oct/2018:13:57:04 -0400] "POST /wp-admin/admin-ajax.php?_fs_blog_admin=true HTTP/1.1" 200 746 "http://dev.avessoc.org.ve/wp-admin/post-new.php?post_type=page" "Mozilla/5.0 (Windows NT 6.1; Win64; x64) AppleWebKit/537.36 (KHTML, like Gecko) Chrome/69.0.3497.100 Safari/537.36"
192.168.33.143 - - [08/Oct/2018:13:57:06 -0400] "POST /wp-admin/admin-ajax.php?_fs_blog_admin=true HTTP/1.1" 200 871 "http://dev.avessoc.org.ve/wp-admin/post-new.php?post_type=page" "Mozilla/5.0 (Windows NT 6.1; Win64; x64) AppleWebKit/537.36 (KHTML, like Gecko) Chrome/69.0.3497.100 Safari/537.36"
192.168.33.143 - - [08/Oct/2018:13:57:10 -0400] "POST /wp-admin/post.php HTTP/1.1" 302 458 "http://dev.avessoc.org.ve/wp-admin/post-new.php?post_type=page" "Mozilla/5.0 (Windows NT 6.1; Win64; x64) AppleWebKit/537.36 (KHTML, like Gecko) Chrome/69.0.3497.100 Safari/537.36"
192.168.33.143 - - [08/Oct/2018:13:57:14 -0400] "GET /wp-content/themes/hestia-child/css/new-styles.css?ver=1.0.0 HTTP/1.1" 304 138 "http://dev.avessoc.org.ve/?page_id=2507&preview=true" "Mozilla/5.0 (Windows NT 6.1; Win64; x64) AppleWebKit/537.36 (KHTML, like Gecko) Chrome/69.0.3497.100 Safari/537.36"
192.168.33.143 - - [08/Oct/2018:13:57:12 -0400] "GET /?page_id=2507&preview=true HTTP/1.1" 500 46767 "http://dev.avessoc.org.ve/wp-admin/post-new.php?post_type=page" "Mozilla/5.0 (Windows NT 6.1; Win64; x64) AppleWebKit/537.36 (KHTML, like Gecko) Chrome/69.0.3497.100 Safari/537.36"
192.168.33.143 - - [08/Oct/2018:13:57:19 -0400] "POST /wp-admin/admin-ajax.php?_fs_blog_admin=true HTTP/1.1" 200 670 "http://dev.avessoc.org.ve/wp-admin/post-new.php?post_type=page" "Mozilla/5.0 (Windows NT 6.1; Win64; x64) AppleWebKit/537.36 (KHTML, like Gecko) Chrome/69.0.3497.100 Safari/537.36"
200.2.12.146 - - [08/Oct/2018:13:57:46 -0400] "POST /wp-admin/admin-ajax.php?_fs_blog_admin=true HTTP/1.1" 200 523 "http://dev.avessoc.org.ve/wp-admin/admin.php?page=smart-slider-3&nextendcontroller=sliders&nextendaction=embed" "Mozilla/5.0 (X11; Linux x86_64; rv:62.0) Gecko/20100101 Firefox/62.0"
192.168.33.143 - - [08/Oct/2018:13:57:47 -0400] "POST /wp-admin/admin-ajax.php?_fs_blog_admin=true HTTP/1.1" 200 618 "http://dev.avessoc.org.ve/wp-admin/admin.php?page=smart-slider-3&nextendcontroller=sliders&nextendaction=embed" "Mozilla/5.0 (Windows NT 6.1; Win64; x64) AppleWebKit/537.36 (KHTML, like Gecko) Chrome/69.0.3497.100 Safari/537.36"
192.168.33.143 - - [08/Oct/2018:13:59:20 -0400] "POST /wp-admin/admin-ajax.php?_fs_blog_admin=true HTTP/1.1" 200 670 "http://dev.avessoc.org.ve/wp-admin/post-new.php?post_type=page" "Mozilla/5.0 (Windows NT 6.1; Win64; x64) AppleWebKit/537.36 (KHTML, like Gecko) Chrome/69.0.3497.100 Safari/537.36"
200.2.12.146 - - [08/Oct/2018:13:59:46 -0400] "POST /wp-admin/admin-ajax.php?_fs_blog_admin=true HTTP/1.1" 200 523 "http://dev.avessoc.org.ve/wp-admin/admin.php?page=smart-slider-3&nextendcontroller=sliders&nextendaction=embed" "Mozilla/5.0 (X11; Linux x86_64; rv:62.0) Gecko/20100101 Firefox/62.0"
