192.168.33.143 - - [08/Oct/2018:13:59:48 -0400] "POST /wp-admin/admin-ajax.php?_fs_blog_admin=true HTTP/1.1" 200 618 "http://dev.avessoc.org.ve/wp-admin/admin.php?page=smart-slider-3&nextendcontroller=sliders&nextendaction=embed" "Mozilla/5.0 (Windows NT 6.1; Win64; x64) AppleWebKit/537.36 (KHTML, like Gecko) Chrome/69.0.3497.100 Safari/537.36"
192.168.33.143 - - [08/Oct/2018:14:01:21 -0400] "POST /wp-admin/admin-ajax.php?_fs_blog_admin=true HTTP/1.1" 200 670 "http://dev.avessoc.org.ve/wp-admin/post-new.php?post_type=page" "Mozilla/5.0 (Windows NT 6.1; Win64; x64) AppleWebKit/537.36 (KHTML, like Gecko) Chrome/69.0.3497.100 Safari/537.36"
200.2.12.146 - - [08/Oct/2018:14:01:46 -0400] "POST /wp-admin/admin-ajax.php?_fs_blog_admin=true HTTP/1.1" 200 523 "http://dev.avessoc.org.ve/wp-admin/admin.php?page=smart-slider-3&nextendcontroller=sliders&nextendaction=embed" "Mozilla/5.0 (X11; Linux x86_64; rv:62.0) Gecko/20100101 Firefox/62.0"
192.168.33.143 - - [08/Oct/2018:14:01:49 -0400] "POST /wp-admin/admin-ajax.php?_fs_blog_admin=true HTTP/1.1" 200 618 "http://dev.avessoc.org.ve/wp-admin/admin.php?page=smart-slider-3&nextendcontroller=sliders&nextendaction=embed" "Mozilla/5.0 (Windows NT 6.1; Win64; x64) AppleWebKit/537.36 (KHTML, like Gecko) Chrome/69.0.3497.100 Safari/537.36"
192.168.33.143 - - [08/Oct/2018:14:01:54 -0400] "GET /?page_id=2507&preview=true HTTP/1.1" 200 11619 "http://dev.avessoc.org.ve/wp-admin/post-new.php?post_type=page" "Mozilla/5.0 (Windows NT 6.1; Win64; x64) AppleWebKit/537.36 (KHTML, like Gecko) Chrome/69.0.3497.100 Safari/537.36"
192.168.33.143 - - [08/Oct/2018:14:01:56 -0400] "GET /wp-includes/css/admin-bar.min.css?ver=4.9.8 HTTP/1.1" 200 4232 "http://dev.avessoc.org.ve/?page_id=2507&preview=true" "Mozilla/5.0 (Windows NT 6.1; Win64; x64) AppleWebKit/537.36 (KHTML, like Gecko) Chrome/69.0.3497.100 Safari/537.36"
192.168.33.143 - - [08/Oct/2018:14:01:56 -0400] "GET /wp-includes/css/dashicons.min.css?ver=4.9.8 HTTP/1.1" 200 28967 "http://dev.avessoc.org.ve/?page_id=2507&preview=true" "Mozilla/5.0 (Windows NT 6.1; Win64; x64) AppleWebKit/537.36 (KHTML, like Gecko) Chrome/69.0.3497.100 Safari/537.36"
192.168.33.143 - - [08/Oct/2018:14:01:56 -0400] "GET /wp-content/themes/hestia/assets/css/font-sizes.css?ver=1.1.83 HTTP/1.1" 200 1274 "http://dev.avessoc.org.ve/?page_id=2507&preview=true" "Mozilla/5.0 (Windows NT 6.1; Win64; x64) AppleWebKit/537.36 (KHTML, like Gecko) Chrome/69.0.3497.100 Safari/537.36"
192.168.33.143 - - [08/Oct/2018:14:01:56 -0400] "GET /wp-content/plugins/contact-form-7/includes/css/styles.css?ver=5.0.3 HTTP/1.1" 200 992 "http://dev.avessoc.org.ve/?page_id=2507&preview=true" "Mozilla/5.0 (Windows NT 6.1; Win64; x64) AppleWebKit/537.36 (KHTML, like Gecko) Chrome/69.0.3497.100 Safari/537.36"
192.168.33.143 - - [08/Oct/2018:14:01:56 -0400] "GET /wp-content/themes/hestia/assets/bootstrap/css/bootstrap.min.css?ver=1.0.1 HTTP/1.1" 200 13333 "http://dev.avessoc.org.ve/?page_id=2507&preview=true" "Mozilla/5.0 (Windows NT 6.1; Win64; x64) AppleWebKit/537.36 (KHTML, like Gecko) Chrome/69.0.3497.100 Safari/537.36"
192.168.33.143 - - [08/Oct/2018:14:01:56 -0400] "GET /wp-content/plugins/wordfence/css/wordfenceBox.1533058343.css?ver=7.1.10 HTTP/1.1" 200 2154 "http://dev.avessoc.org.ve/?page_id=2507&preview=true" "Mozilla/5.0 (Windows NT 6.1; Win64; x64) AppleWebKit/537.36 (KHTML, like Gecko) Chrome/69.0.3497.100 Safari/537.36"
192.168.33.143 - - [08/Oct/2018:14:01:56 -0400] "GET /wp-content/themes/hestia-child/style.css?ver=4.9.8 HTTP/1.1" 200 613 "http://dev.avessoc.org.ve/?page_id=2507&preview=true" "Mozilla/5.0 (Windows NT 6.1; Win64; x64) AppleWebKit/537.36 (KHTML, like Gecko) Chrome/69.0.3497.100 Safari/537.36"
192.168.33.143 - - [08/Oct/2018:14:01:56 -0400] "GET /wp-content/plugins/livemesh-siteorigin-widgets/assets/css/icomoon.css?ver=2.3 HTTP/1.1" 200 2436 "http://dev.avessoc.org.ve/?page_id=2507&preview=true" "Mozilla/5.0 (Windows NT 6.1; Win64; x64) AppleWebKit/537.36 (KHTML, like Gecko) Chrome/69.0.3497.100 Safari/537.36"
192.168.33.143 - - [08/Oct/2018:14:01:56 -0400] "GET /wp-content/plugins/elementor/assets/lib/font-awesome/css/font-awesome.min.css?ver=4.7.0 HTTP/1.1" 200 7374 "http://dev.avessoc.org.ve/?page_id=2507&preview=true" "Mozilla/5.0 (Windows NT 6.1; Win64; x64) AppleWebKit/537.36 (KHTML, like Gecko) Chrome/69.0.3497.100 Safari/537.36"
192.168.33.143 - - [08/Oct/2018:14:01:56 -0400] "GET /wp-content/themes/hestia-child/style.css?ver=1.1.83 HTTP/1.1" 200 613 "http://dev.avessoc.org.ve/?page_id=2507&preview=true" "Mozilla/5.0 (Windows NT 6.1; Win64; x64) AppleWebKit/537.36 (KHTML, like Gecko) Chrome/69.0.3497.100 Safari/537.36"
192.168.33.143 - - [08/Oct/2018:14:01:56 -0400] "GET /wp-content/plugins/livemesh-siteorigin-widgets/assets/css/lsow-frontend.css?ver=2.3 HTTP/1.1" 200 4158 "http://dev.avessoc.org.ve/?page_id=2507&preview=true" "Mozilla/5.0 (Windows NT 6.1; Win64; x64) AppleWebKit/537.36 (KHTML, like Gecko) Chrome/69.0.3497.100 Safari/537.36"
192.168.33.143 - - [08/Oct/2018:14:01:56 -0400] "GET /wp-content/plugins/authorizer/css/authorizer-public.css?ver=2.8.0 HTTP/1.1" 200 307 "http://dev.avessoc.org.ve/?page_id=2507&preview=true" "Mozilla/5.0 (Windows NT 6.1; Win64; x64) AppleWebKit/537.36 (KHTML, like Gecko) Chrome/69.0.3497.100 Safari/537.36"
192.168.33.143 - - [08/Oct/2018:14:01:56 -0400] "GET /wp-content/themes/hestia-child/css/new-styles.css?ver=1.0.0 HTTP/1.1" 200 2514 "http://dev.avessoc.org.ve/?page_id=2507&preview=true" "Mozilla/5.0 (Windows NT 6.1; Win64; x64) AppleWebKit/537.36 (KHTML, like Gecko) Chrome/69.0.3497.100 Safari/537.36"
192.168.33.143 - - [08/Oct/2018:14:01:56 -0400] "GET /wp-content/plugins/livemesh-siteorigin-widgets/assets/css/animate.css?ver=2.3 HTTP/1.1" 200 18011 "http://dev.avessoc.org.ve/?page_id=2507&preview=true" "Mozilla/5.0 (Windows NT 6.1; Win64; x64) AppleWebKit/537.36 (KHTML, like Gecko) Chrome/69.0.3497.100 Safari/537.36"
192.168.33.143 - - [08/Oct/2018:14:01:56 -0400] "GET /wp-content/plugins/pirate-forms/public/js/custom-spam.js?ver=4.9.8 HTTP/1.1" 200 833 "http://dev.avessoc.org.ve/?page_id=2507&preview=true" "Mozilla/5.0 (Windows NT 6.1; Win64; x64) AppleWebKit/537.36 (KHTML, like Gecko) Chrome/69.0.3497.100 Safari/537.36"
192.168.33.143 - - [08/Oct/2018:14:01:56 -0400] "GET /wp-content/plugins/wordfence/js/admin.ajaxWatcher.1533058343.js?ver=7.1.10 HTTP/1.1" 200 5998 "http://dev.avessoc.org.ve/?page_id=2507&preview=true" "Mozilla/5.0 (Windows NT 6.1; Win64; x64) AppleWebKit/537.36 (KHTML, like Gecko) Chrome/69.0.3497.100 Safari/537.36"
192.168.33.143 - - [08/Oct/2018:14:01:56 -0400] "GET /wp-includes/js/jquery/jquery-migrate.min.js?ver=1.4.1 HTTP/1.1" 200 4349 "http://dev.avessoc.org.ve/?page_id=2507&preview=true" "Mozilla/5.0 (Windows NT 6.1; Win64; x64) AppleWebKit/537.36 (KHTML, like Gecko) Chrome/69.0.3497.100 Safari/537.36"
192.168.33.143 - - [08/Oct/2018:14:01:56 -0400] "GET /wp-includes/js/jquery/jquery.js?ver=1.12.4 HTTP/1.1" 200 34102 "http://dev.avessoc.org.ve/?page_id=2507&preview=true" "Mozilla/5.0 (Windows NT 6.1; Win64; x64) AppleWebKit/537.36 (KHTML, like Gecko) Chrome/69.0.3497.100 Safari/537.36"
192.168.33.143 - - [08/Oct/2018:14:01:56 -0400] "GET /wp-content/themes/hestia/style.css HTTP/1.1" 200 29509 "http://dev.avessoc.org.ve/?page_id=2507&preview=true" "Mozilla/5.0 (Windows NT 6.1; Win64; x64) AppleWebKit/537.36 (KHTML, like Gecko) Chrome/69.0.3497.100 Safari/537.36"
192.168.33.143 - - [08/Oct/2018:14:01:56 -0400] "GET /wp-content/plugins/authorizer/js/authorizer-public.js?ver=2.8.0 HTTP/1.1" 200 804 "http://dev.avessoc.org.ve/?page_id=2507&preview=true" "Mozilla/5.0 (Windows NT 6.1; Win64; x64) AppleWebKit/537.36 (KHTML, like Gecko) Chrome/69.0.3497.100 Safari/537.36"
192.168.33.143 - - [08/Oct/2018:14:01:56 -0400] "GET /wp-content/uploads/2017/06/cropped-Logo-Avessoc-peque.png HTTP/1.1" 200 30212 "http://dev.avessoc.org.ve/?page_id=2507&preview=true" "Mozilla/5.0 (Windows NT 6.1; Win64; x64) AppleWebKit/537.36 (KHTML, like Gecko) Chrome/69.0.3497.100 Safari/537.36"
192.168.33.143 - - [08/Oct/2018:14:01:56 -0400] "GET /wp-includes/js/wp-emoji-release.min.js?ver=4.9.8 HTTP/1.1" 200 4717 "http://dev.avessoc.org.ve/?page_id=2507&preview=true" "Mozilla/5.0 (Windows NT 6.1; Win64; x64) AppleWebKit/537.36 (KHTML, like Gecko) Chrome/69.0.3497.100 Safari/537.36"
192.168.33.143 - - [08/Oct/2018:14:01:56 -0400] "GET /wp-content/plugins/elementor/assets/lib/font-awesome/fonts/fontawesome-webfont.woff2?v=4.7.0 HTTP/1.1" 200 77411 "http://dev.avessoc.org.ve/wp-content/plugins/elementor/assets/lib/font-awesome/css/font-awesome.min.css?ver=4.7.0" "Mozilla/5.0 (Windows NT 6.1; Win64; x64) AppleWebKit/537.36 (KHTML, like Gecko) Chrome/69.0.3497.100 Safari/537.36"
192.168.33.143 - - [08/Oct/2018:14:03:22 -0400] "POST /wp-admin/admin-ajax.php?_fs_blog_admin=true HTTP/1.1" 200 670 "http://dev.avessoc.org.ve/wp-admin/post-new.php?post_type=page" "Mozilla/5.0 (Windows NT 6.1; Win64; x64) AppleWebKit/537.36 (KHTML, like Gecko) Chrome/69.0.3497.100 Safari/537.36"
200.2.12.146 - - [08/Oct/2018:14:03:46 -0400] "POST /wp-admin/admin-ajax.php?_fs_blog_admin=true HTTP/1.1" 200 523 "http://dev.avessoc.org.ve/wp-admin/admin.php?page=smart-slider-3&nextendcontroller=sliders&nextendaction=embed" "Mozilla/5.0 (X11; Linux x86_64; rv:62.0) Gecko/20100101 Firefox/62.0"
192.168.33.143 - - [08/Oct/2018:14:03:49 -0400] "POST /wp-admin/admin-ajax.php?_fs_blog_admin=true HTTP/1.1" 200 618 "http://dev.avessoc.org.ve/wp-admin/admin.php?page=smart-slider-3&nextendcontroller=sliders&nextendaction=embed" "Mozilla/5.0 (Windows NT 6.1; Win64; x64) AppleWebKit/537.36 (KHTML, like Gecko) Chrome/69.0.3497.100 Safari/537.36"
192.168.33.143 - - [08/Oct/2018:14:04:03 -0400] "POST /wp-admin/admin-ajax.php?_fs_blog_admin=true HTTP/1.1" 200 670 "http://dev.avessoc.org.ve/wp-admin/post-new.php?post_type=page" "Mozilla/5.0 (Windows NT 6.1; Win64; x64) AppleWebKit/537.36 (KHTML, like Gecko) Chrome/69.0.3497.100 Safari/537.36"
192.168.33.143 - - [08/Oct/2018:14:04:06 -0400] "POST /wp-admin/post.php HTTP/1.1" 302 590 "http://dev.avessoc.org.ve/wp-admin/post-new.php?post_type=page&wp-post-new-reload=true" "Mozilla/5.0 (Windows NT 6.1; Win64; x64) AppleWebKit/537.36 (KHTML, like Gecko) Chrome/69.0.3497.100 Safari/537.36"
192.168.33.143 - - [08/Oct/2018:14:04:08 -0400] "GET /wp-admin/post.php?post=2507&action=edit&message=6 HTTP/1.1" 200 64116 "http://dev.avessoc.org.ve/wp-admin/post-new.php?post_type=page&wp-post-new-reload=true" "Mozilla/5.0 (Windows NT 6.1; Win64; x64) AppleWebKit/537.36 (KHTML, like Gecko) Chrome/69.0.3497.100 Safari/537.36"
192.168.33.143 - - [08/Oct/2018:14:04:11 -0400] "GET /wp-admin/admin-ajax.php?action=oembed-cache&post=2507&_fs_blog_admin=true HTTP/1.1" 200 517 "http://dev.avessoc.org.ve/wp-admin/post.php?post=2507&action=edit" "Mozilla/5.0 (Windows NT 6.1; Win64; x64) AppleWebKit/537.36 (KHTML, like Gecko) Chrome/69.0.3497.100 Safari/537.36"
192.168.33.143 - - [08/Oct/2018:14:04:11 -0400] "GET /wp-admin/admin.php?page=smart-slider-3&nextendcontroller=sliders&nextendaction=embed HTTP/1.1" 200 37561 "http://dev.avessoc.org.ve/wp-admin/post.php?post=2507&action=edit" "Mozilla/5.0 (Windows NT 6.1; Win64; x64) AppleWebKit/537.36 (KHTML, like Gecko) Chrome/69.0.3497.100 Safari/537.36"
192.168.33.143 - - [08/Oct/2018:14:04:26 -0400] "POST /wp-admin/admin-ajax.php?_fs_blog_admin=true HTTP/1.1" 200 670 "http://dev.avessoc.org.ve/wp-admin/post.php?post=2507&action=edit" "Mozilla/5.0 (Windows NT 6.1; Win64; x64) AppleWebKit/537.36 (KHTML, like Gecko) Chrome/69.0.3497.100 Safari/537.36"
192.168.33.143 - - [08/Oct/2018:14:04:41 -0400] "POST /wp-admin/admin-ajax.php?_fs_blog_admin=true HTTP/1.1" 200 670 "http://dev.avessoc.org.ve/wp-admin/post.php?post=2507&action=edit" "Mozilla/5.0 (Windows NT 6.1; Win64; x64) AppleWebKit/537.36 (KHTML, like Gecko) Chrome/69.0.3497.100 Safari/537.36"
192.168.33.143 - - [08/Oct/2018:14:04:56 -0400] "POST /wp-admin/admin-ajax.php?_fs_blog_admin=true HTTP/1.1" 200 670 "http://dev.avessoc.org.ve/wp-admin/post.php?post=2507&action=edit" "Mozilla/5.0 (Windows NT 6.1; Win64; x64) AppleWebKit/537.36 (KHTML, like Gecko) Chrome/69.0.3497.100 Safari/537.36"
192.168.33.143 - - [08/Oct/2018:14:05:12 -0400] "POST /wp-admin/admin-ajax.php?_fs_blog_admin=true HTTP/1.1" 200 670 "http://dev.avessoc.org.ve/wp-admin/post.php?post=2507&action=edit" "Mozilla/5.0 (Windows NT 6.1; Win64; x64) AppleWebKit/537.36 (KHTML, like Gecko) Chrome/69.0.3497.100 Safari/537.36"
192.168.33.143 - - [08/Oct/2018:14:05:14 -0400] "POST /wp-admin/admin-ajax.php?_fs_blog_admin=true HTTP/1.1" 200 617 "http://dev.avessoc.org.ve/wp-admin/admin.php?page=smart-slider-3&nextendcontroller=sliders&nextendaction=embed" "Mozilla/5.0 (Windows NT 6.1; Win64; x64) AppleWebKit/537.36 (KHTML, like Gecko) Chrome/69.0.3497.100 Safari/537.36"
192.168.33.143 - - [08/Oct/2018:14:05:27 -0400] "POST /wp-admin/admin-ajax.php?_fs_blog_admin=true HTTP/1.1" 200 670 "http://dev.avessoc.org.ve/wp-admin/post.php?post=2507&action=edit" "Mozilla/5.0 (Windows NT 6.1; Win64; x64) AppleWebKit/537.36 (KHTML, like Gecko) Chrome/69.0.3497.100 Safari/537.36"
192.168.33.143 - - [08/Oct/2018:14:05:42 -0400] "POST /wp-admin/admin-ajax.php?_fs_blog_admin=true HTTP/1.1" 200 670 "http://dev.avessoc.org.ve/wp-admin/post.php?post=2507&action=edit" "Mozilla/5.0 (Windows NT 6.1; Win64; x64) AppleWebKit/537.36 (KHTML, like Gecko) Chrome/69.0.3497.100 Safari/537.36"
200.2.12.146 - - [08/Oct/2018:14:05:46 -0400] "POST /wp-admin/admin-ajax.php?_fs_blog_admin=true HTTP/1.1" 200 523 "http://dev.avessoc.org.ve/wp-admin/admin.php?page=smart-slider-3&nextendcontroller=sliders&nextendaction=embed" "Mozilla/5.0 (X11; Linux x86_64; rv:62.0) Gecko/20100101 Firefox/62.0"
192.168.33.143 - - [08/Oct/2018:14:05:57 -0400] "POST /wp-admin/admin-ajax.php?_fs_blog_admin=true HTTP/1.1" 200 670 "http://dev.avessoc.org.ve/wp-admin/post.php?post=2507&action=edit" "Mozilla/5.0 (Windows NT 6.1; Win64; x64) AppleWebKit/537.36 (KHTML, like Gecko) Chrome/69.0.3497.100 Safari/537.36"
192.168.33.143 - - [08/Oct/2018:14:06:12 -0400] "POST /wp-admin/admin-ajax.php?_fs_blog_admin=true HTTP/1.1" 200 670 "http://dev.avessoc.org.ve/wp-admin/post.php?post=2507&action=edit" "Mozilla/5.0 (Windows NT 6.1; Win64; x64) AppleWebKit/537.36 (KHTML, like Gecko) Chrome/69.0.3497.100 Safari/537.36"
192.168.33.143 - - [08/Oct/2018:14:07:14 -0400] "POST /wp-admin/admin-ajax.php?_fs_blog_admin=true HTTP/1.1" 200 618 "http://dev.avessoc.org.ve/wp-admin/admin.php?page=smart-slider-3&nextendcontroller=sliders&nextendaction=embed" "Mozilla/5.0 (Windows NT 6.1; Win64; x64) AppleWebKit/537.36 (KHTML, like Gecko) Chrome/69.0.3497.100 Safari/537.36"
200.2.12.146 - - [08/Oct/2018:14:07:46 -0400] "POST /wp-admin/admin-ajax.php?_fs_blog_admin=true HTTP/1.1" 200 523 "http://dev.avessoc.org.ve/wp-admin/admin.php?page=smart-slider-3&nextendcontroller=sliders&nextendaction=embed" "Mozilla/5.0 (X11; Linux x86_64; rv:62.0) Gecko/20100101 Firefox/62.0"
192.168.33.143 - - [08/Oct/2018:14:08:12 -0400] "POST /wp-admin/admin-ajax.php?_fs_blog_admin=true HTTP/1.1" 200 670 "http://dev.avessoc.org.ve/wp-admin/post.php?post=2507&action=edit" "Mozilla/5.0 (Windows NT 6.1; Win64; x64) AppleWebKit/537.36 (KHTML, like Gecko) Chrome/69.0.3497.100 Safari/537.36"
192.168.33.143 - - [08/Oct/2018:14:09:14 -0400] "POST /wp-admin/admin-ajax.php?_fs_blog_admin=true HTTP/1.1" 200 618 "http://dev.avessoc.org.ve/wp-admin/admin.php?page=smart-slider-3&nextendcontroller=sliders&nextendaction=embed" "Mozilla/5.0 (Windows NT 6.1; Win64; x64) AppleWebKit/537.36 (KHTML, like Gecko) Chrome/69.0.3497.100 Safari/537.36"
200.2.12.146 - - [08/Oct/2018:14:09:46 -0400] "POST /wp-admin/admin-ajax.php?_fs_blog_admin=true HTTP/1.1" 200 523 "http://dev.avessoc.org.ve/wp-admin/admin.php?page=smart-slider-3&nextendcontroller=sliders&nextendaction=embed" "Mozilla/5.0 (X11; Linux x86_64; rv:62.0) Gecko/20100101 Firefox/62.0"
192.168.33.143 - - [08/Oct/2018:14:10:12 -0400] "POST /wp-admin/admin-ajax.php?_fs_blog_admin=true HTTP/1.1" 200 670 "http://dev.avessoc.org.ve/wp-admin/post.php?post=2507&action=edit" "Mozilla/5.0 (Windows NT 6.1; Win64; x64) AppleWebKit/537.36 (KHTML, like Gecko) Chrome/69.0.3497.100 Safari/537.36"
192.168.33.143 - - [08/Oct/2018:14:10:27 -0400] "POST /wp-admin/admin-ajax.php?_fs_blog_admin=true HTTP/1.1" 200 670 "http://dev.avessoc.org.ve/wp-admin/post.php?post=2507&action=edit" "Mozilla/5.0 (Windows NT 6.1; Win64; x64) AppleWebKit/537.36 (KHTML, like Gecko) Chrome/69.0.3497.100 Safari/537.36"
192.168.33.143 - - [08/Oct/2018:14:10:33 -0400] "GET /avessor-buscar-pacientes/ HTTP/1.1" 200 10035 "http://dev.avessoc.org.ve/avessoc-nueva-preorden/?id_pac=3" "Mozilla/5.0 (Windows NT 6.1; Win64; x64) AppleWebKit/537.36 (KHTML, like Gecko) Chrome/69.0.3497.100 Safari/537.36"
192.168.33.143 - - [08/Oct/2018:14:10:35 -0400] "GET /wp-content/themes/hestia-child/css/new-styles.css?ver=1.0.0 HTTP/1.1" 304 137 "http://dev.avessoc.org.ve/avessor-buscar-pacientes/" "Mozilla/5.0 (Windows NT 6.1; Win64; x64) AppleWebKit/537.36 (KHTML, like Gecko) Chrome/69.0.3497.100 Safari/537.36"
192.168.33.143 - - [08/Oct/2018:14:10:43 -0400] "POST /avessor-buscar-pacientes/PATH_PAG_NEW_REQUEST HTTP/1.1" 404 47522 "http://dev.avessoc.org.ve/avessor-buscar-pacientes/" "Mozilla/5.0 (Windows NT 6.1; Win64; x64) AppleWebKit/537.36 (KHTML, like Gecko) Chrome/69.0.3497.100 Safari/537.36"
192.168.33.143 - - [08/Oct/2018:14:10:44 -0400] "GET /wp-content/themes/hestia/js/bootstrap.min.js HTTP/1.1" 404 47414 "http://dev.avessoc.org.ve/avessor-buscar-pacientes/PATH_PAG_NEW_REQUEST" "Mozilla/5.0 (Windows NT 6.1; Win64; x64) AppleWebKit/537.36 (KHTML, like Gecko) Chrome/69.0.3497.100 Safari/537.36"
192.168.33.143 - - [08/Oct/2018:14:11:14 -0400] "POST /wp-admin/admin-ajax.php?_fs_blog_admin=true HTTP/1.1" 200 618 "http://dev.avessoc.org.ve/wp-admin/admin.php?page=smart-slider-3&nextendcontroller=sliders&nextendaction=embed" "Mozilla/5.0 (Windows NT 6.1; Win64; x64) AppleWebKit/537.36 (KHTML, like Gecko) Chrome/69.0.3497.100 Safari/537.36"
200.2.12.146 - - [08/Oct/2018:14:11:46 -0400] "POST /wp-admin/admin-ajax.php?_fs_blog_admin=true HTTP/1.1" 200 523 "http://dev.avessoc.org.ve/wp-admin/admin.php?page=smart-slider-3&nextendcontroller=sliders&nextendaction=embed" "Mozilla/5.0 (X11; Linux x86_64; rv:62.0) Gecko/20100101 Firefox/62.0"
192.168.33.143 - - [08/Oct/2018:14:11:47 -0400] "GET /avessor-buscar-pacientes/ HTTP/1.1" 200 10031 "-" "Mozilla/5.0 (Windows NT 6.1; Win64; x64) AppleWebKit/537.36 (KHTML, like Gecko) Chrome/69.0.3497.100 Safari/537.36"
192.168.33.143 - - [08/Oct/2018:14:11:54 -0400] "POST /avessoc-nueva-solicitud/ HTTP/1.1" 200 10438 "http://dev.avessoc.org.ve/avessor-buscar-pacientes/" "Mozilla/5.0 (Windows NT 6.1; Win64; x64) AppleWebKit/537.36 (KHTML, like Gecko) Chrome/69.0.3497.100 Safari/537.36"
192.168.33.143 - - [08/Oct/2018:14:12:27 -0400] "POST /wp-admin/admin-ajax.php?_fs_blog_admin=true HTTP/1.1" 200 670 "http://dev.avessoc.org.ve/wp-admin/post.php?post=2507&action=edit" "Mozilla/5.0 (Windows NT 6.1; Win64; x64) AppleWebKit/537.36 (KHTML, like Gecko) Chrome/69.0.3497.100 Safari/537.36"
192.168.33.143 - - [08/Oct/2018:14:13:14 -0400] "POST /wp-admin/admin-ajax.php?_fs_blog_admin=true HTTP/1.1" 200 618 "http://dev.avessoc.org.ve/wp-admin/admin.php?page=smart-slider-3&nextendcontroller=sliders&nextendaction=embed" "Mozilla/5.0 (Windows NT 6.1; Win64; x64) AppleWebKit/537.36 (KHTML, like Gecko) Chrome/69.0.3497.100 Safari/537.36"
200.2.12.146 - - [08/Oct/2018:14:13:46 -0400] "POST /wp-admin/admin-ajax.php?_fs_blog_admin=true HTTP/1.1" 200 523 "http://dev.avessoc.org.ve/wp-admin/admin.php?page=smart-slider-3&nextendcontroller=sliders&nextendaction=embed" "Mozilla/5.0 (X11; Linux x86_64; rv:62.0) Gecko/20100101 Firefox/62.0"
192.168.33.143 - - [08/Oct/2018:14:14:27 -0400] "POST /wp-admin/admin-ajax.php?_fs_blog_admin=true HTTP/1.1" 200 670 "http://dev.avessoc.org.ve/wp-admin/post.php?post=2507&action=edit" "Mozilla/5.0 (Windows NT 6.1; Win64; x64) AppleWebKit/537.36 (KHTML, like Gecko) Chrome/69.0.3497.100 Safari/537.36"
192.168.33.143 - - [08/Oct/2018:14:15:14 -0400] "POST /wp-admin/admin-ajax.php?_fs_blog_admin=true HTTP/1.1" 200 618 "http://dev.avessoc.org.ve/wp-admin/admin.php?page=smart-slider-3&nextendcontroller=sliders&nextendaction=embed" "Mozilla/5.0 (Windows NT 6.1; Win64; x64) AppleWebKit/537.36 (KHTML, like Gecko) Chrome/69.0.3497.100 Safari/537.36"
192.168.33.143 - - [08/Oct/2018:14:15:29 -0400] "POST /avessoc-nueva-solicitud/ HTTP/1.1" 200 11551 "http://dev.avessoc.org.ve/avessor-buscar-pacientes/" "Mozilla/5.0 (Windows NT 6.1; Win64; x64) AppleWebKit/537.36 (KHTML, like Gecko) Chrome/69.0.3497.100 Safari/537.36"
192.168.33.143 - - [08/Oct/2018:14:15:31 -0400] "GET /wp-includes/js/comment-reply.min.js?ver=4.9.8 HTTP/1.1" 200 924 "http://dev.avessoc.org.ve/avessoc-nueva-solicitud/" "Mozilla/5.0 (Windows NT 6.1; Win64; x64) AppleWebKit/537.36 (KHTML, like Gecko) Chrome/69.0.3497.100 Safari/537.36"
192.168.33.143 - - [08/Oct/2018:14:15:31 -0400] "GET /wp-content/uploads/2017/06/Fondo-avessoc.jpg HTTP/1.1" 200 241148 "http://dev.avessoc.org.ve/avessoc-nueva-solicitud/" "Mozilla/5.0 (Windows NT 6.1; Win64; x64) AppleWebKit/537.36 (KHTML, like Gecko) Chrome/69.0.3497.100 Safari/537.36"
192.168.33.143 - - [08/Oct/2018:14:15:31 -0400] "GET /wp-content/themes/hestia/js/bootstrap.min.js HTTP/1.1" 404 47414 "http://dev.avessoc.org.ve/avessoc-nueva-solicitud/" "Mozilla/5.0 (Windows NT 6.1; Win64; x64) AppleWebKit/537.36 (KHTML, like Gecko) Chrome/69.0.3497.100 Safari/537.36"
192.168.33.143 - - [08/Oct/2018:14:15:39 -0400] "POST /wp-admin/admin-ajax.php?_fs_blog_admin=true HTTP/1.1" 200 670 "http://dev.avessoc.org.ve/wp-admin/post.php?post=2507&action=edit" "Mozilla/5.0 (Windows NT 6.1; Win64; x64) AppleWebKit/537.36 (KHTML, like Gecko) Chrome/69.0.3497.100 Safari/537.36"
200.2.12.146 - - [08/Oct/2018:14:15:46 -0400] "POST /wp-admin/admin-ajax.php?_fs_blog_admin=true HTTP/1.1" 200 523 "http://dev.avessoc.org.ve/wp-admin/admin.php?page=smart-slider-3&nextendcontroller=sliders&nextendaction=embed" "Mozilla/5.0 (X11; Linux x86_64; rv:62.0) Gecko/20100101 Firefox/62.0"
192.168.33.143 - - [08/Oct/2018:14:15:48 -0400] "POST /wp-admin/post.php HTTP/1.1" 302 528 "http://dev.avessoc.org.ve/wp-admin/post.php?post=2507&action=edit" "Mozilla/5.0 (Windows NT 6.1; Win64; x64) AppleWebKit/537.36 (KHTML, like Gecko) Chrome/69.0.3497.100 Safari/537.36"
192.168.33.143 - - [08/Oct/2018:14:15:49 -0400] "GET /avessoc-nueva-solicitud/?preview_id=2507&preview_nonce=98fa8b49be&_thumbnail_id=-1&preview=true HTTP/1.1" 200 13217 "http://dev.avessoc.org.ve/wp-admin/post.php?post=2507&action=edit" "Mozilla/5.0 (Windows NT 6.1; Win64; x64) AppleWebKit/537.36 (KHTML, like Gecko) Chrome/69.0.3497.100 Safari/537.36"
192.168.33.143 - - [08/Oct/2018:14:15:51 -0400] "GET /wp-content/themes/hestia/js/bootstrap.min.js HTTP/1.1" 404 47414 "http://dev.avessoc.org.ve/avessoc-nueva-solicitud/?preview_id=2507&preview_nonce=98fa8b49be&_thumbnail_id=-1&preview=true" "Mozilla/5.0 (Windows NT 6.1; Win64; x64) AppleWebKit/537.36 (KHTML, like Gecko) Chrome/69.0.3497.100 Safari/537.36"
192.168.33.143 - - [08/Oct/2018:14:15:54 -0400] "POST /wp-admin/admin-ajax.php?_fs_blog_admin=true HTTP/1.1" 200 670 "http://dev.avessoc.org.ve/wp-admin/post.php?post=2507&action=edit" "Mozilla/5.0 (Windows NT 6.1; Win64; x64) AppleWebKit/537.36 (KHTML, like Gecko) Chrome/69.0.3497.100 Safari/537.36"
192.168.33.143 - - [08/Oct/2018:14:16:09 -0400] "POST /wp-admin/admin-ajax.php?_fs_blog_admin=true HTTP/1.1" 200 670 "http://dev.avessoc.org.ve/wp-admin/post.php?post=2507&action=edit" "Mozilla/5.0 (Windows NT 6.1; Win64; x64) AppleWebKit/537.36 (KHTML, like Gecko) Chrome/69.0.3497.100 Safari/537.36"
192.168.33.143 - - [08/Oct/2018:14:16:14 -0400] "POST /wp-admin/admin-ajax.php?_fs_blog_admin=true HTTP/1.1" 200 617 "http://dev.avessoc.org.ve/wp-admin/admin.php?page=smart-slider-3&nextendcontroller=sliders&nextendaction=embed" "Mozilla/5.0 (Windows NT 6.1; Win64; x64) AppleWebKit/537.36 (KHTML, like Gecko) Chrome/69.0.3497.100 Safari/537.36"
192.168.33.143 - - [08/Oct/2018:14:16:24 -0400] "POST /wp-admin/admin-ajax.php?_fs_blog_admin=true HTTP/1.1" 200 670 "http://dev.avessoc.org.ve/wp-admin/post.php?post=2507&action=edit" "Mozilla/5.0 (Windows NT 6.1; Win64; x64) AppleWebKit/537.36 (KHTML, like Gecko) Chrome/69.0.3497.100 Safari/537.36"
192.168.33.143 - - [08/Oct/2018:14:16:26 -0400] "GET /wp-admin/post.php?post=2507&action=edit HTTP/1.1" 200 64019 "http://dev.avessoc.org.ve/wp-admin/post-new.php?post_type=page&wp-post-new-reload=true" "Mozilla/5.0 (Windows NT 6.1; Win64; x64) AppleWebKit/537.36 (KHTML, like Gecko) Chrome/69.0.3497.100 Safari/537.36"
192.168.33.143 - - [08/Oct/2018:14:16:29 -0400] "POST /wp-admin/admin-ajax.php HTTP/1.1" 200 613 "http://dev.avessoc.org.ve/wp-admin/post.php?post=2507&action=edit" "Mozilla/5.0 (Windows NT 6.1; Win64; x64) AppleWebKit/537.36 (KHTML, like Gecko) Chrome/69.0.3497.100 Safari/537.36"
192.168.33.143 - - [08/Oct/2018:14:16:30 -0400] "GET /wp-admin/admin.php?page=smart-slider-3&nextendcontroller=sliders&nextendaction=embed HTTP/1.1" 200 37560 "http://dev.avessoc.org.ve/wp-admin/post.php?post=2507&action=edit" "Mozilla/5.0 (Windows NT 6.1; Win64; x64) AppleWebKit/537.36 (KHTML, like Gecko) Chrome/69.0.3497.100 Safari/537.36"
192.168.33.143 - - [08/Oct/2018:14:16:32 -0400] "GET /wp-content/uploads/2017/06/cropped-Logo-Avessoc-ico-32x32.png HTTP/1.1" 200 5108 "http://dev.avessoc.org.ve/wp-admin/post.php?post=2507&action=edit" "Mozilla/5.0 (Windows NT 6.1; Win64; x64) AppleWebKit/537.36 (KHTML, like Gecko) Chrome/69.0.3497.100 Safari/537.36"
192.168.33.143 - - [08/Oct/2018:14:16:39 -0400] "POST /wp-admin/post.php HTTP/1.1" 302 528 "http://dev.avessoc.org.ve/wp-admin/post.php?post=2507&action=edit" "Mozilla/5.0 (Windows NT 6.1; Win64; x64) AppleWebKit/537.36 (KHTML, like Gecko) Chrome/69.0.3497.100 Safari/537.36"
192.168.33.143 - - [08/Oct/2018:14:16:40 -0400] "GET /avessoc-nueva-solicitud/?preview_id=2507&preview_nonce=98fa8b49be&_thumbnail_id=-1&preview=true HTTP/1.1" 200 13217 "http://dev.avessoc.org.ve/wp-admin/post.php?post=2507&action=edit" "Mozilla/5.0 (Windows NT 6.1; Win64; x64) AppleWebKit/537.36 (KHTML, like Gecko) Chrome/69.0.3497.100 Safari/537.36"
192.168.33.143 - - [08/Oct/2018:14:16:42 -0400] "GET /wp-content/themes/hestia/js/bootstrap.min.js HTTP/1.1" 404 47414 "http://dev.avessoc.org.ve/avessoc-nueva-solicitud/?preview_id=2507&preview_nonce=98fa8b49be&_thumbnail_id=-1&preview=true" "Mozilla/5.0 (Windows NT 6.1; Win64; x64) AppleWebKit/537.36 (KHTML, like Gecko) Chrome/69.0.3497.100 Safari/537.36"
192.168.33.143 - - [08/Oct/2018:14:16:45 -0400] "POST /wp-admin/admin-ajax.php?_fs_blog_admin=true HTTP/1.1" 200 670 "http://dev.avessoc.org.ve/wp-admin/post.php?post=2507&action=edit" "Mozilla/5.0 (Windows NT 6.1; Win64; x64) AppleWebKit/537.36 (KHTML, like Gecko) Chrome/69.0.3497.100 Safari/537.36"
192.168.33.143 - - [08/Oct/2018:14:17:04 -0400] "POST /wp-admin/admin-ajax.php?_fs_blog_admin=true HTTP/1.1" 200 670 "http://dev.avessoc.org.ve/wp-admin/post.php?post=2507&action=edit" "Mozilla/5.0 (Windows NT 6.1; Win64; x64) AppleWebKit/537.36 (KHTML, like Gecko) Chrome/69.0.3497.100 Safari/537.36"
192.168.33.143 - - [08/Oct/2018:14:17:19 -0400] "POST /wp-admin/admin-ajax.php?_fs_blog_admin=true HTTP/1.1" 200 670 "http://dev.avessoc.org.ve/wp-admin/post.php?post=2507&action=edit" "Mozilla/5.0 (Windows NT 6.1; Win64; x64) AppleWebKit/537.36 (KHTML, like Gecko) Chrome/69.0.3497.100 Safari/537.36"
192.168.33.143 - - [08/Oct/2018:14:17:32 -0400] "POST /wp-admin/admin-ajax.php?_fs_blog_admin=true HTTP/1.1" 200 618 "http://dev.avessoc.org.ve/wp-admin/admin.php?page=smart-slider-3&nextendcontroller=sliders&nextendaction=embed" "Mozilla/5.0 (Windows NT 6.1; Win64; x64) AppleWebKit/537.36 (KHTML, like Gecko) Chrome/69.0.3497.100 Safari/537.36"
200.2.12.146 - - [08/Oct/2018:14:17:46 -0400] "POST /wp-admin/admin-ajax.php?_fs_blog_admin=true HTTP/1.1" 200 523 "http://dev.avessoc.org.ve/wp-admin/admin.php?page=smart-slider-3&nextendcontroller=sliders&nextendaction=embed" "Mozilla/5.0 (X11; Linux x86_64; rv:62.0) Gecko/20100101 Firefox/62.0"
192.168.33.143 - - [08/Oct/2018:14:17:46 -0400] "POST /wp-admin/admin-ajax.php?_fs_blog_admin=true HTTP/1.1" 200 670 "http://dev.avessoc.org.ve/wp-admin/post.php?post=2507&action=edit" "Mozilla/5.0 (Windows NT 6.1; Win64; x64) AppleWebKit/537.36 (KHTML, like Gecko) Chrome/69.0.3497.100 Safari/537.36"
192.168.33.143 - - [08/Oct/2018:14:17:50 -0400] "GET /wp-admin/post-new.php?post_type=page&wp-post-new-reload=true HTTP/1.1" 200 63234 "http://dev.avessoc.org.ve/wp-admin/post.php?post=2466&action=edit" "Mozilla/5.0 (Windows NT 6.1; Win64; x64) AppleWebKit/537.36 (KHTML, like Gecko) Chrome/69.0.3497.100 Safari/537.36"
192.168.33.143 - - [08/Oct/2018:14:17:53 -0400] "POST /wp-admin/admin-ajax.php HTTP/1.1" 200 613 "http://dev.avessoc.org.ve/wp-admin/post.php?post=2507&action=edit" "Mozilla/5.0 (Windows NT 6.1; Win64; x64) AppleWebKit/537.36 (KHTML, like Gecko) Chrome/69.0.3497.100 Safari/537.36"
192.168.33.143 - - [08/Oct/2018:14:17:53 -0400] "GET /wp-admin/post-new.php?post_type=page&wp-post-new-reload=true HTTP/1.1" 200 63236 "http://dev.avessoc.org.ve/wp-admin/post-new.php?post_type=page&wp-post-new-reload=true" "Mozilla/5.0 (Windows NT 6.1; Win64; x64) AppleWebKit/537.36 (KHTML, like Gecko) Chrome/69.0.3497.100 Safari/537.36"
192.168.33.143 - - [08/Oct/2018:14:17:57 -0400] "GET /wp-admin/admin.php?page=smart-slider-3&nextendcontroller=sliders&nextendaction=embed HTTP/1.1" 200 37561 "http://dev.avessoc.org.ve/wp-admin/post-new.php?post_type=page" "Mozilla/5.0 (Windows NT 6.1; Win64; x64) AppleWebKit/537.36 (KHTML, like Gecko) Chrome/69.0.3497.100 Safari/537.36"
192.168.33.143 - - [08/Oct/2018:14:18:03 -0400] "GET /wp-admin/post.php?post=2466&action=edit HTTP/1.1" 200 64001 "http://dev.avessoc.org.ve/wp-admin/post.php?post=2466&action=edit" "Mozilla/5.0 (Windows NT 6.1; Win64; x64) AppleWebKit/537.36 (KHTML, like Gecko) Chrome/69.0.3497.100 Safari/537.36"
192.168.33.143 - - [08/Oct/2018:14:18:06 -0400] "GET /wp-admin/admin.php?page=smart-slider-3&nextendcontroller=sliders&nextendaction=embed HTTP/1.1" 200 37561 "http://dev.avessoc.org.ve/wp-admin/post.php?post=2466&action=edit" "Mozilla/5.0 (Windows NT 6.1; Win64; x64) AppleWebKit/537.36 (KHTML, like Gecko) Chrome/69.0.3497.100 Safari/537.36"
192.168.33.143 - - [08/Oct/2018:14:18:10 -0400] "GET /wp-admin/edit.php?post_type=page HTTP/1.1" 200 25159 "http://dev.avessoc.org.ve/wp-admin/post.php?post=2466&action=edit" "Mozilla/5.0 (Windows NT 6.1; Win64; x64) AppleWebKit/537.36 (KHTML, like Gecko) Chrome/69.0.3497.100 Safari/537.36"
192.168.33.143 - - [08/Oct/2018:14:18:12 -0400] "POST /wp-admin/admin-ajax.php HTTP/1.1" 200 612 "http://dev.avessoc.org.ve/wp-admin/post.php?post=2466&action=edit" "Mozilla/5.0 (Windows NT 6.1; Win64; x64) AppleWebKit/537.36 (KHTML, like Gecko) Chrome/69.0.3497.100 Safari/537.36"
192.168.33.143 - - [08/Oct/2018:14:18:13 -0400] "POST /wp-admin/admin-ajax.php?_fs_blog_admin=true HTTP/1.1" 200 618 "http://dev.avessoc.org.ve/wp-admin/edit.php?post_type=page" "Mozilla/5.0 (Windows NT 6.1; Win64; x64) AppleWebKit/537.36 (KHTML, like Gecko) Chrome/69.0.3497.100 Safari/537.36"
192.168.33.143 - - [08/Oct/2018:14:18:28 -0400] "POST /wp-admin/admin-ajax.php?_fs_blog_admin=true HTTP/1.1" 200 618 "http://dev.avessoc.org.ve/wp-admin/edit.php?post_type=page" "Mozilla/5.0 (Windows NT 6.1; Win64; x64) AppleWebKit/537.36 (KHTML, like Gecko) Chrome/69.0.3497.100 Safari/537.36"
192.168.33.143 - - [08/Oct/2018:14:18:29 -0400] "GET /wp-admin/post.php?post=2507&action=trash&_wpnonce=040c3f3057 HTTP/1.1" 302 483 "http://dev.avessoc.org.ve/wp-admin/edit.php?post_type=page" "Mozilla/5.0 (Windows NT 6.1; Win64; x64) AppleWebKit/537.36 (KHTML, like Gecko) Chrome/69.0.3497.100 Safari/537.36"
192.168.33.143 - - [08/Oct/2018:14:18:31 -0400] "GET /wp-admin/edit.php?post_type=page&trashed=1&ids=2507 HTTP/1.1" 200 25278 "http://dev.avessoc.org.ve/wp-admin/edit.php?post_type=page" "Mozilla/5.0 (Windows NT 6.1; Win64; x64) AppleWebKit/537.36 (KHTML, like Gecko) Chrome/69.0.3497.100 Safari/537.36"
192.168.33.143 - - [08/Oct/2018:14:18:33 -0400] "POST /wp-admin/admin-ajax.php?_fs_blog_admin=true HTTP/1.1" 200 617 "http://dev.avessoc.org.ve/wp-admin/edit.php?post_type=page&ids=2507" "Mozilla/5.0 (Windows NT 6.1; Win64; x64) AppleWebKit/537.36 (KHTML, like Gecko) Chrome/69.0.3497.100 Safari/537.36"
192.168.33.143 - - [08/Oct/2018:14:18:38 -0400] "GET /wp-admin/post-new.php?post_type=page HTTP/1.1" 200 63184 "http://dev.avessoc.org.ve/wp-admin/edit.php?post_type=page&ids=2507" "Mozilla/5.0 (Windows NT 6.1; Win64; x64) AppleWebKit/537.36 (KHTML, like Gecko) Chrome/69.0.3497.100 Safari/537.36"
192.168.33.143 - - [08/Oct/2018:14:18:42 -0400] "GET /wp-admin/admin.php?page=smart-slider-3&nextendcontroller=sliders&nextendaction=embed HTTP/1.1" 200 37561 "http://dev.avessoc.org.ve/wp-admin/post-new.php?post_type=page" "Mozilla/5.0 (Windows NT 6.1; Win64; x64) AppleWebKit/537.36 (KHTML, like Gecko) Chrome/69.0.3497.100 Safari/537.36"
192.168.33.143 - - [08/Oct/2018:14:18:57 -0400] "POST /wp-admin/admin-ajax.php?_fs_blog_admin=true HTTP/1.1" 200 670 "http://dev.avessoc.org.ve/wp-admin/post-new.php?post_type=page" "Mozilla/5.0 (Windows NT 6.1; Win64; x64) AppleWebKit/537.36 (KHTML, like Gecko) Chrome/69.0.3497.100 Safari/537.36"
192.168.33.143 - - [08/Oct/2018:14:19:12 -0400] "POST /wp-admin/admin-ajax.php?_fs_blog_admin=true HTTP/1.1" 200 670 "http://dev.avessoc.org.ve/wp-admin/post-new.php?post_type=page" "Mozilla/5.0 (Windows NT 6.1; Win64; x64) AppleWebKit/537.36 (KHTML, like Gecko) Chrome/69.0.3497.100 Safari/537.36"
192.168.33.143 - - [08/Oct/2018:14:19:17 -0400] "POST /wp-admin/admin-ajax.php?_fs_blog_admin=true HTTP/1.1" 200 746 "http://dev.avessoc.org.ve/wp-admin/post-new.php?post_type=page" "Mozilla/5.0 (Windows NT 6.1; Win64; x64) AppleWebKit/537.36 (KHTML, like Gecko) Chrome/69.0.3497.100 Safari/537.36"
192.168.33.143 - - [08/Oct/2018:14:19:18 -0400] "POST /wp-admin/admin-ajax.php?_fs_blog_admin=true HTTP/1.1" 200 877 "http://dev.avessoc.org.ve/wp-admin/post-new.php?post_type=page" "Mozilla/5.0 (Windows NT 6.1; Win64; x64) AppleWebKit/537.36 (KHTML, like Gecko) Chrome/69.0.3497.100 Safari/537.36"
192.168.33.143 - - [08/Oct/2018:14:19:28 -0400] "POST /wp-admin/post.php HTTP/1.1" 302 459 "http://dev.avessoc.org.ve/wp-admin/post-new.php?post_type=page" "Mozilla/5.0 (Windows NT 6.1; Win64; x64) AppleWebKit/537.36 (KHTML, like Gecko) Chrome/69.0.3497.100 Safari/537.36"
192.168.33.143 - - [08/Oct/2018:14:19:30 -0400] "GET /?page_id=2513&preview=true HTTP/1.1" 200 11644 "http://dev.avessoc.org.ve/wp-admin/post-new.php?post_type=page" "Mozilla/5.0 (Windows NT 6.1; Win64; x64) AppleWebKit/537.36 (KHTML, like Gecko) Chrome/69.0.3497.100 Safari/537.36"
192.168.33.143 - - [08/Oct/2018:14:19:32 -0400] "GET /wp-content/themes/hestia-child/css/new-styles.css?ver=1.0.0 HTTP/1.1" 304 137 "http://dev.avessoc.org.ve/?page_id=2513&preview=true" "Mozilla/5.0 (Windows NT 6.1; Win64; x64) AppleWebKit/537.36 (KHTML, like Gecko) Chrome/69.0.3497.100 Safari/537.36"
192.168.33.143 - - [08/Oct/2018:14:19:32 -0400] "POST /wp-admin/admin-ajax.php?_fs_blog_admin=true HTTP/1.1" 200 669 "http://dev.avessoc.org.ve/wp-admin/post-new.php?post_type=page" "Mozilla/5.0 (Windows NT 6.1; Win64; x64) AppleWebKit/537.36 (KHTML, like Gecko) Chrome/69.0.3497.100 Safari/537.36"
192.168.33.143 - - [08/Oct/2018:14:19:44 -0400] "POST /wp-admin/admin-ajax.php?_fs_blog_admin=true HTTP/1.1" 200 618 "http://dev.avessoc.org.ve/wp-admin/admin.php?page=smart-slider-3&nextendcontroller=sliders&nextendaction=embed" "Mozilla/5.0 (Windows NT 6.1; Win64; x64) AppleWebKit/537.36 (KHTML, like Gecko) Chrome/69.0.3497.100 Safari/537.36"
192.168.33.143 - - [08/Oct/2018:14:19:45 -0400] "POST /wp-admin/post.php HTTP/1.1" 302 591 "http://dev.avessoc.org.ve/wp-admin/post-new.php?post_type=page&wp-post-new-reload=true" "Mozilla/5.0 (Windows NT 6.1; Win64; x64) AppleWebKit/537.36 (KHTML, like Gecko) Chrome/69.0.3497.100 Safari/537.36"
200.2.12.146 - - [08/Oct/2018:14:19:46 -0400] "POST /wp-admin/admin-ajax.php?_fs_blog_admin=true HTTP/1.1" 200 523 "http://dev.avessoc.org.ve/wp-admin/admin.php?page=smart-slider-3&nextendcontroller=sliders&nextendaction=embed" "Mozilla/5.0 (X11; Linux x86_64; rv:62.0) Gecko/20100101 Firefox/62.0"
192.168.33.143 - - [08/Oct/2018:14:19:47 -0400] "POST /wp-admin/admin-ajax.php?_fs_blog_admin=true HTTP/1.1" 200 669 "http://dev.avessoc.org.ve/wp-admin/post-new.php?post_type=page&wp-post-new-reload=true" "Mozilla/5.0 (Windows NT 6.1; Win64; x64) AppleWebKit/537.36 (KHTML, like Gecko) Chrome/69.0.3497.100 Safari/537.36"
192.168.33.143 - - [08/Oct/2018:14:19:47 -0400] "GET /wp-admin/post.php?post=2513&action=edit&message=6 HTTP/1.1" 200 64119 "http://dev.avessoc.org.ve/wp-admin/post-new.php?post_type=page&wp-post-new-reload=true" "Mozilla/5.0 (Windows NT 6.1; Win64; x64) AppleWebKit/537.36 (KHTML, like Gecko) Chrome/69.0.3497.100 Safari/537.36"
192.168.33.143 - - [08/Oct/2018:14:19:51 -0400] "GET /wp-admin/admin-ajax.php?action=oembed-cache&post=2513&_fs_blog_admin=true HTTP/1.1" 200 516 "http://dev.avessoc.org.ve/wp-admin/post.php?post=2513&action=edit" "Mozilla/5.0 (Windows NT 6.1; Win64; x64) AppleWebKit/537.36 (KHTML, like Gecko) Chrome/69.0.3497.100 Safari/537.36"
192.168.33.143 - - [08/Oct/2018:14:19:51 -0400] "GET /wp-admin/admin.php?page=smart-slider-3&nextendcontroller=sliders&nextendaction=embed HTTP/1.1" 200 37561 "http://dev.avessoc.org.ve/wp-admin/post.php?post=2513&action=edit" "Mozilla/5.0 (Windows NT 6.1; Win64; x64) AppleWebKit/537.36 (KHTML, like Gecko) Chrome/69.0.3497.100 Safari/537.36"
192.168.33.143 - - [08/Oct/2018:14:20:06 -0400] "POST /wp-admin/admin-ajax.php?_fs_blog_admin=true HTTP/1.1" 200 670 "http://dev.avessoc.org.ve/wp-admin/post.php?post=2513&action=edit" "Mozilla/5.0 (Windows NT 6.1; Win64; x64) AppleWebKit/537.36 (KHTML, like Gecko) Chrome/69.0.3497.100 Safari/537.36"
192.168.33.143 - - [08/Oct/2018:14:20:21 -0400] "POST /wp-admin/admin-ajax.php?_fs_blog_admin=true HTTP/1.1" 200 670 "http://dev.avessoc.org.ve/wp-admin/post.php?post=2513&action=edit" "Mozilla/5.0 (Windows NT 6.1; Win64; x64) AppleWebKit/537.36 (KHTML, like Gecko) Chrome/69.0.3497.100 Safari/537.36"
192.168.33.143 - - [08/Oct/2018:14:20:31 -0400] "POST /phpmyadmin/index.php HTTP/1.1" 200 2322 "http://dev.avessoc.org.ve/phpmyadmin/tbl_structure.php?server=1&db=c6_devwpavessoc&table=RPORDER&token=f2fa0a6f30e10dc63bda82664a345e6e" "Mozilla/5.0 (Windows NT 6.1; Win64; x64) AppleWebKit/537.36 (KHTML, like Gecko) Chrome/69.0.3497.100 Safari/537.36"
192.168.33.143 - - [08/Oct/2018:14:20:34 -0400] "POST /phpmyadmin/index.php HTTP/1.1" 200 2315 "http://dev.avessoc.org.ve/phpmyadmin/tbl_structure.php?server=1&db=c6_devwpavessoc&table=RPORDER&token=f2fa0a6f30e10dc63bda82664a345e6e" "Mozilla/5.0 (Windows NT 6.1; Win64; x64) AppleWebKit/537.36 (KHTML, like Gecko) Chrome/69.0.3497.100 Safari/537.36"
192.168.33.143 - - [08/Oct/2018:14:20:37 -0400] "POST /phpmyadmin/index.php HTTP/1.1" 200 710 "http://dev.avessoc.org.ve/phpmyadmin/tbl_structure.php?server=1&db=c6_devwpavessoc&table=RPORDER&token=f2fa0a6f30e10dc63bda82664a345e6e" "Mozilla/5.0 (Windows NT 6.1; Win64; x64) AppleWebKit/537.36 (KHTML, like Gecko) Chrome/69.0.3497.100 Safari/537.36"
192.168.33.143 - - [08/Oct/2018:14:20:38 -0400] "GET /phpmyadmin/tbl_structure.php?server=1&db=c6_devwpavessoc&table=RPORDER&token=f2fa0a6f30e10dc63bda82664a345e6e HTTP/1.1" 200 4358 "http://dev.avessoc.org.ve/phpmyadmin/tbl_structure.php?server=1&db=c6_devwpavessoc&table=RPORDER&token=f2fa0a6f30e10dc63bda82664a345e6e" "Mozilla/5.0 (Windows NT 6.1; Win64; x64) AppleWebKit/537.36 (KHTML, like Gecko) Chrome/69.0.3497.100 Safari/537.36"
192.168.33.143 - - [08/Oct/2018:14:20:38 -0400] "GET /phpmyadmin/js/whitelist.php?lang=es&db=c6_devwpavessoc&token=f2fa0a6f30e10dc63bda82664a345e6e&v=4.5.4.1deb2ubuntu2 HTTP/1.1" 200 931 "http://dev.avessoc.org.ve/phpmyadmin/tbl_structure.php?server=1&db=c6_devwpavessoc&table=RPORDER&token=f2fa0a6f30e10dc63bda82664a345e6e" "Mozilla/5.0 (Windows NT 6.1; Win64; x64) AppleWebKit/537.36 (KHTML, like Gecko) Chrome/69.0.3497.100 Safari/537.36"
192.168.33.143 - - [08/Oct/2018:14:20:38 -0400] "GET /phpmyadmin/js/messages.php?lang=es&db=c6_devwpavessoc&token=f2fa0a6f30e10dc63bda82664a345e6e&v=4.5.4.1deb2ubuntu2 HTTP/1.1" 200 9980 "http://dev.avessoc.org.ve/phpmyadmin/tbl_structure.php?server=1&db=c6_devwpavessoc&table=RPORDER&token=f2fa0a6f30e10dc63bda82664a345e6e" "Mozilla/5.0 (Windows NT 6.1; Win64; x64) AppleWebKit/537.36 (KHTML, like Gecko) Chrome/69.0.3497.100 Safari/537.36"
192.168.33.143 - - [08/Oct/2018:14:20:39 -0400] "POST /phpmyadmin/tbl_structure.php?server=1&db=c6_devwpavessoc&table=RPORDER&token=f2fa0a6f30e10dc63bda82664a345e6e HTTP/1.1" 200 4358 "http://dev.avessoc.org.ve/phpmyadmin/tbl_structure.php?server=1&db=c6_devwpavessoc&table=RPORDER&token=f2fa0a6f30e10dc63bda82664a345e6e" "Mozilla/5.0 (Windows NT 6.1; Win64; x64) AppleWebKit/537.36 (KHTML, like Gecko) Chrome/69.0.3497.100 Safari/537.36"
192.168.33.143 - - [08/Oct/2018:14:20:53 -0400] "POST /wp-admin/admin-ajax.php?_fs_blog_admin=true HTTP/1.1" 200 618 "http://dev.avessoc.org.ve/wp-admin/admin.php?page=smart-slider-3&nextendcontroller=sliders&nextendaction=embed" "Mozilla/5.0 (Windows NT 6.1; Win64; x64) AppleWebKit/537.36 (KHTML, like Gecko) Chrome/69.0.3497.100 Safari/537.36"
192.168.33.143 - - [08/Oct/2018:14:21:13 -0400] "POST /wp-admin/admin-ajax.php?_fs_blog_admin=true HTTP/1.1" 200 670 "http://dev.avessoc.org.ve/wp-admin/post.php?post=2513&action=edit" "Mozilla/5.0 (Windows NT 6.1; Win64; x64) AppleWebKit/537.36 (KHTML, like Gecko) Chrome/69.0.3497.100 Safari/537.36"
192.168.33.143 - - [08/Oct/2018:14:21:19 -0400] "POST /wp-admin/admin-ajax.php?_fs_blog_admin=true HTTP/1.1" 200 594 "http://dev.avessoc.org.ve/wp-admin/admin.php?page=smart-slider-3&nextendcontroller=sliders&nextendaction=embed" "Mozilla/5.0 (Windows NT 6.1; Win64; x64) AppleWebKit/537.36 (KHTML, like Gecko) Chrome/69.0.3497.100 Safari/537.36"
192.168.33.143 - - [08/Oct/2018:14:21:19 -0400] "POST /wp-admin/admin-ajax.php?_fs_blog_admin=true HTTP/1.1" 200 669 "http://dev.avessoc.org.ve/wp-admin/post.php?post=2344&action=edit" "Mozilla/5.0 (Windows NT 6.1; Win64; x64) AppleWebKit/537.36 (KHTML, like Gecko) Chrome/69.0.3497.100 Safari/537.36"
192.168.33.143 - - [08/Oct/2018:14:21:26 -0400] "POST /wp-admin/post.php HTTP/1.1" 302 530 "http://dev.avessoc.org.ve/wp-admin/post.php?post=2344&action=edit" "Mozilla/5.0 (Windows NT 6.1; Win64; x64) AppleWebKit/537.36 (KHTML, like Gecko) Chrome/69.0.3497.100 Safari/537.36"
192.168.33.143 - - [08/Oct/2018:14:21:27 -0400] "GET /avessoc-registro-paciente/?preview_id=2344&preview_nonce=477f691b11&_thumbnail_id=-1&preview=true HTTP/1.1" 200 36384 "http://dev.avessoc.org.ve/wp-admin/post.php?post=2344&action=edit" "Mozilla/5.0 (Windows NT 6.1; Win64; x64) AppleWebKit/537.36 (KHTML, like Gecko) Chrome/69.0.3497.100 Safari/537.36"
192.168.33.143 - - [08/Oct/2018:14:21:28 -0400] "POST /wp-admin/admin-ajax.php?_fs_blog_admin=true HTTP/1.1" 200 670 "http://dev.avessoc.org.ve/wp-admin/post.php?post=2513&action=edit" "Mozilla/5.0 (Windows NT 6.1; Win64; x64) AppleWebKit/537.36 (KHTML, like Gecko) Chrome/69.0.3497.100 Safari/537.36"
192.168.33.143 - - [08/Oct/2018:14:21:34 -0400] "POST /wp-admin/admin-ajax.php?_fs_blog_admin=true HTTP/1.1" 200 669 "http://dev.avessoc.org.ve/wp-admin/post.php?post=2344&action=edit" "Mozilla/5.0 (Windows NT 6.1; Win64; x64) AppleWebKit/537.36 (KHTML, like Gecko) Chrome/69.0.3497.100 Safari/537.36"
192.168.33.143 - - [08/Oct/2018:14:21:41 -0400] "GET /avessor-buscar-pacientes/ HTTP/1.1" 200 10030 "http://dev.avessoc.org.ve/avessoc-registro-paciente/?preview_id=2344&preview_nonce=477f691b11&_thumbnail_id=-1&preview=true" "Mozilla/5.0 (Windows NT 6.1; Win64; x64) AppleWebKit/537.36 (KHTML, like Gecko) Chrome/69.0.3497.100 Safari/537.36"
192.168.33.143 - - [08/Oct/2018:14:21:46 -0400] "POST /avessoc-nueva-solicitud/ HTTP/1.1" 404 47384 "http://dev.avessoc.org.ve/avessor-buscar-pacientes/" "Mozilla/5.0 (Windows NT 6.1; Win64; x64) AppleWebKit/537.36 (KHTML, like Gecko) Chrome/69.0.3497.100 Safari/537.36"
200.2.12.146 - - [08/Oct/2018:14:21:46 -0400] "POST /wp-admin/admin-ajax.php?_fs_blog_admin=true HTTP/1.1" 200 523 "http://dev.avessoc.org.ve/wp-admin/admin.php?page=smart-slider-3&nextendcontroller=sliders&nextendaction=embed" "Mozilla/5.0 (X11; Linux x86_64; rv:62.0) Gecko/20100101 Firefox/62.0"
192.168.33.143 - - [08/Oct/2018:14:21:48 -0400] "GET /wp-content/themes/hestia/js/bootstrap.min.js HTTP/1.1" 404 47414 "http://dev.avessoc.org.ve/avessoc-nueva-solicitud/" "Mozilla/5.0 (Windows NT 6.1; Win64; x64) AppleWebKit/537.36 (KHTML, like Gecko) Chrome/69.0.3497.100 Safari/537.36"
192.168.33.143 - - [08/Oct/2018:14:21:54 -0400] "POST /wp-admin/admin-ajax.php?_fs_blog_admin=true HTTP/1.1" 200 618 "http://dev.avessoc.org.ve/wp-admin/admin.php?page=smart-slider-3&nextendcontroller=sliders&nextendaction=embed" "Mozilla/5.0 (Windows NT 6.1; Win64; x64) AppleWebKit/537.36 (KHTML, like Gecko) Chrome/69.0.3497.100 Safari/537.36"
192.168.33.143 - - [08/Oct/2018:14:22:19 -0400] "POST /wp-admin/admin-ajax.php?_fs_blog_admin=true HTTP/1.1" 200 594 "http://dev.avessoc.org.ve/wp-admin/admin.php?page=smart-slider-3&nextendcontroller=sliders&nextendaction=embed" "Mozilla/5.0 (Windows NT 6.1; Win64; x64) AppleWebKit/537.36 (KHTML, like Gecko) Chrome/69.0.3497.100 Safari/537.36"
192.168.33.143 - - [08/Oct/2018:14:22:24 -0400] "POST /avessoc-nueva-solicitud/ HTTP/1.1" 404 47378 "http://dev.avessoc.org.ve/avessor-buscar-pacientes/" "Mozilla/5.0 (Windows NT 6.1; Win64; x64) AppleWebKit/537.36 (KHTML, like Gecko) Chrome/69.0.3497.100 Safari/537.36"
192.168.33.143 - - [08/Oct/2018:14:22:25 -0400] "GET /wp-content/themes/hestia/js/bootstrap.min.js HTTP/1.1" 404 47415 "http://dev.avessoc.org.ve/avessoc-nueva-solicitud/" "Mozilla/5.0 (Windows NT 6.1; Win64; x64) AppleWebKit/537.36 (KHTML, like Gecko) Chrome/69.0.3497.100 Safari/537.36"
192.168.33.143 - - [08/Oct/2018:14:23:29 -0400] "POST /wp-admin/admin-ajax.php?_fs_blog_admin=true HTTP/1.1" 200 670 "http://dev.avessoc.org.ve/wp-admin/post.php?post=2513&action=edit" "Mozilla/5.0 (Windows NT 6.1; Win64; x64) AppleWebKit/537.36 (KHTML, like Gecko) Chrome/69.0.3497.100 Safari/537.36"
192.168.33.143 - - [08/Oct/2018:14:23:35 -0400] "POST /wp-admin/admin-ajax.php?_fs_blog_admin=true HTTP/1.1" 200 669 "http://dev.avessoc.org.ve/wp-admin/post.php?post=2344&action=edit" "Mozilla/5.0 (Windows NT 6.1; Win64; x64) AppleWebKit/537.36 (KHTML, like Gecko) Chrome/69.0.3497.100 Safari/537.36"
200.2.12.146 - - [08/Oct/2018:14:23:46 -0400] "POST /wp-admin/admin-ajax.php?_fs_blog_admin=true HTTP/1.1" 200 523 "http://dev.avessoc.org.ve/wp-admin/admin.php?page=smart-slider-3&nextendcontroller=sliders&nextendaction=embed" "Mozilla/5.0 (X11; Linux x86_64; rv:62.0) Gecko/20100101 Firefox/62.0"
192.168.33.143 - - [08/Oct/2018:14:23:54 -0400] "POST /wp-admin/admin-ajax.php?_fs_blog_admin=true HTTP/1.1" 200 618 "http://dev.avessoc.org.ve/wp-admin/admin.php?page=smart-slider-3&nextendcontroller=sliders&nextendaction=embed" "Mozilla/5.0 (Windows NT 6.1; Win64; x64) AppleWebKit/537.36 (KHTML, like Gecko) Chrome/69.0.3497.100 Safari/537.36"
192.168.33.143 - - [08/Oct/2018:14:24:20 -0400] "POST /wp-admin/admin-ajax.php?_fs_blog_admin=true HTTP/1.1" 200 594 "http://dev.avessoc.org.ve/wp-admin/admin.php?page=smart-slider-3&nextendcontroller=sliders&nextendaction=embed" "Mozilla/5.0 (Windows NT 6.1; Win64; x64) AppleWebKit/537.36 (KHTML, like Gecko) Chrome/69.0.3497.100 Safari/537.36"
192.168.33.143 - - [08/Oct/2018:14:24:50 -0400] "GET /avessor-buscar-pacientes/ HTTP/1.1" 200 10029 "http://dev.avessoc.org.ve/avessoc-nueva-solicitud/" "Mozilla/5.0 (Windows NT 6.1; Win64; x64) AppleWebKit/537.36 (KHTML, like Gecko) Chrome/69.0.3497.100 Safari/537.36"
192.168.33.143 - - [08/Oct/2018:14:24:51 -0400] "GET /wp-includes/css/dashicons.min.css?ver=4.9.8 HTTP/1.1" 200 28967 "http://dev.avessoc.org.ve/avessor-buscar-pacientes/" "Mozilla/5.0 (Windows NT 6.1; Win64; x64) AppleWebKit/537.36 (KHTML, like Gecko) Chrome/69.0.3497.100 Safari/537.36"
192.168.33.143 - - [08/Oct/2018:14:24:51 -0400] "GET /wp-includes/css/admin-bar.min.css?ver=4.9.8 HTTP/1.1" 200 4232 "http://dev.avessoc.org.ve/avessor-buscar-pacientes/" "Mozilla/5.0 (Windows NT 6.1; Win64; x64) AppleWebKit/537.36 (KHTML, like Gecko) Chrome/69.0.3497.100 Safari/537.36"
192.168.33.143 - - [08/Oct/2018:14:24:51 -0400] "GET /wp-content/themes/hestia/assets/css/font-sizes.css?ver=1.1.83 HTTP/1.1" 200 1274 "http://dev.avessoc.org.ve/avessor-buscar-pacientes/" "Mozilla/5.0 (Windows NT 6.1; Win64; x64) AppleWebKit/537.36 (KHTML, like Gecko) Chrome/69.0.3497.100 Safari/537.36"
192.168.33.143 - - [08/Oct/2018:14:24:51 -0400] "GET /wp-content/plugins/contact-form-7/includes/css/styles.css?ver=5.0.3 HTTP/1.1" 200 992 "http://dev.avessoc.org.ve/avessor-buscar-pacientes/" "Mozilla/5.0 (Windows NT 6.1; Win64; x64) AppleWebKit/537.36 (KHTML, like Gecko) Chrome/69.0.3497.100 Safari/537.36"
192.168.33.143 - - [08/Oct/2018:14:24:51 -0400] "GET /wp-content/plugins/livemesh-siteorigin-widgets/assets/css/icomoon.css?ver=2.3 HTTP/1.1" 200 2436 "http://dev.avessoc.org.ve/avessor-buscar-pacientes/" "Mozilla/5.0 (Windows NT 6.1; Win64; x64) AppleWebKit/537.36 (KHTML, like Gecko) Chrome/69.0.3497.100 Safari/537.36"
192.168.33.143 - - [08/Oct/2018:14:24:51 -0400] "GET /wp-content/plugins/livemesh-siteorigin-widgets/assets/css/lsow-frontend.css?ver=2.3 HTTP/1.1" 200 4158 "http://dev.avessoc.org.ve/avessor-buscar-pacientes/" "Mozilla/5.0 (Windows NT 6.1; Win64; x64) AppleWebKit/537.36 (KHTML, like Gecko) Chrome/69.0.3497.100 Safari/537.36"
