192.168.33.143 - - [08/Oct/2018:12:57:40 -0400] "GET /wp-content/plugins/livemesh-siteorigin-widgets/assets/css/lsow-frontend.css?ver=2.3 HTTP/1.1" 200 4158 "http://dev.avessoc.org.ve/avessoc-registro-paciente/?preview=true" "Mozilla/5.0 (Windows NT 6.1; Win64; x64) AppleWebKit/537.36 (KHTML, like Gecko) Chrome/69.0.3497.100 Safari/537.36"
192.168.33.143 - - [08/Oct/2018:12:57:40 -0400] "GET /wp-content/themes/hestia/assets/css/font-sizes.css?ver=1.1.83 HTTP/1.1" 200 1274 "http://dev.avessoc.org.ve/avessoc-registro-paciente/?preview=true" "Mozilla/5.0 (Windows NT 6.1; Win64; x64) AppleWebKit/537.36 (KHTML, like Gecko) Chrome/69.0.3497.100 Safari/537.36"
192.168.33.143 - - [08/Oct/2018:12:57:40 -0400] "GET /wp-content/plugins/livemesh-siteorigin-widgets/assets/css/icomoon.css?ver=2.3 HTTP/1.1" 200 2436 "http://dev.avessoc.org.ve/avessoc-registro-paciente/?preview=true" "Mozilla/5.0 (Windows NT 6.1; Win64; x64) AppleWebKit/537.36 (KHTML, like Gecko) Chrome/69.0.3497.100 Safari/537.36"
192.168.33.143 - - [08/Oct/2018:12:57:40 -0400] "GET /wp-content/plugins/wordfence/css/wordfenceBox.1533058343.css?ver=7.1.10 HTTP/1.1" 200 2154 "http://dev.avessoc.org.ve/avessoc-registro-paciente/?preview=true" "Mozilla/5.0 (Windows NT 6.1; Win64; x64) AppleWebKit/537.36 (KHTML, like Gecko) Chrome/69.0.3497.100 Safari/537.36"
192.168.33.143 - - [08/Oct/2018:12:57:40 -0400] "GET /wp-content/plugins/livemesh-siteorigin-widgets/assets/css/animate.css?ver=2.3 HTTP/1.1" 200 18011 "http://dev.avessoc.org.ve/avessoc-registro-paciente/?preview=true" "Mozilla/5.0 (Windows NT 6.1; Win64; x64) AppleWebKit/537.36 (KHTML, like Gecko) Chrome/69.0.3497.100 Safari/537.36"
192.168.33.143 - - [08/Oct/2018:12:57:40 -0400] "GET /wp-content/plugins/elementor/assets/lib/font-awesome/css/font-awesome.min.css?ver=4.7.0 HTTP/1.1" 200 7374 "http://dev.avessoc.org.ve/avessoc-registro-paciente/?preview=true" "Mozilla/5.0 (Windows NT 6.1; Win64; x64) AppleWebKit/537.36 (KHTML, like Gecko) Chrome/69.0.3497.100 Safari/537.36"
192.168.33.143 - - [08/Oct/2018:12:57:40 -0400] "GET /wp-content/themes/hestia-child/style.css?ver=4.9.8 HTTP/1.1" 200 613 "http://dev.avessoc.org.ve/avessoc-registro-paciente/?preview=true" "Mozilla/5.0 (Windows NT 6.1; Win64; x64) AppleWebKit/537.36 (KHTML, like Gecko) Chrome/69.0.3497.100 Safari/537.36"
192.168.33.143 - - [08/Oct/2018:12:57:40 -0400] "GET /wp-content/themes/hestia-child/css/new-styles.css?ver=1.0.0 HTTP/1.1" 200 2514 "http://dev.avessoc.org.ve/avessoc-registro-paciente/?preview=true" "Mozilla/5.0 (Windows NT 6.1; Win64; x64) AppleWebKit/537.36 (KHTML, like Gecko) Chrome/69.0.3497.100 Safari/537.36"
192.168.33.143 - - [08/Oct/2018:12:57:40 -0400] "GET /wp-content/themes/hestia-child/style.css?ver=1.1.83 HTTP/1.1" 200 613 "http://dev.avessoc.org.ve/avessoc-registro-paciente/?preview=true" "Mozilla/5.0 (Windows NT 6.1; Win64; x64) AppleWebKit/537.36 (KHTML, like Gecko) Chrome/69.0.3497.100 Safari/537.36"
192.168.33.143 - - [08/Oct/2018:12:57:40 -0400] "GET /wp-content/plugins/authorizer/css/authorizer-public.css?ver=2.8.0 HTTP/1.1" 200 307 "http://dev.avessoc.org.ve/avessoc-registro-paciente/?preview=true" "Mozilla/5.0 (Windows NT 6.1; Win64; x64) AppleWebKit/537.36 (KHTML, like Gecko) Chrome/69.0.3497.100 Safari/537.36"
192.168.33.143 - - [08/Oct/2018:12:57:40 -0400] "GET /wp-content/plugins/pirate-forms/public/js/custom-spam.js?ver=4.9.8 HTTP/1.1" 200 833 "http://dev.avessoc.org.ve/avessoc-registro-paciente/?preview=true" "Mozilla/5.0 (Windows NT 6.1; Win64; x64) AppleWebKit/537.36 (KHTML, like Gecko) Chrome/69.0.3497.100 Safari/537.36"
192.168.33.143 - - [08/Oct/2018:12:57:40 -0400] "GET /wp-content/plugins/authorizer/js/authorizer-public.js?ver=2.8.0 HTTP/1.1" 200 804 "http://dev.avessoc.org.ve/avessoc-registro-paciente/?preview=true" "Mozilla/5.0 (Windows NT 6.1; Win64; x64) AppleWebKit/537.36 (KHTML, like Gecko) Chrome/69.0.3497.100 Safari/537.36"
192.168.33.143 - - [08/Oct/2018:12:57:40 -0400] "GET /wp-content/plugins/wordfence/js/admin.ajaxWatcher.1533058343.js?ver=7.1.10 HTTP/1.1" 200 5998 "http://dev.avessoc.org.ve/avessoc-registro-paciente/?preview=true" "Mozilla/5.0 (Windows NT 6.1; Win64; x64) AppleWebKit/537.36 (KHTML, like Gecko) Chrome/69.0.3497.100 Safari/537.36"
192.168.33.143 - - [08/Oct/2018:12:57:40 -0400] "GET /wp-includes/js/jquery/jquery-migrate.min.js?ver=1.4.1 HTTP/1.1" 200 4349 "http://dev.avessoc.org.ve/avessoc-registro-paciente/?preview=true" "Mozilla/5.0 (Windows NT 6.1; Win64; x64) AppleWebKit/537.36 (KHTML, like Gecko) Chrome/69.0.3497.100 Safari/537.36"
192.168.33.143 - - [08/Oct/2018:12:57:40 -0400] "GET /wp-content/uploads/2017/06/cropped-Logo-Avessoc-peque.png HTTP/1.1" 200 30212 "http://dev.avessoc.org.ve/avessoc-registro-paciente/?preview=true" "Mozilla/5.0 (Windows NT 6.1; Win64; x64) AppleWebKit/537.36 (KHTML, like Gecko) Chrome/69.0.3497.100 Safari/537.36"
192.168.33.143 - - [08/Oct/2018:12:57:40 -0400] "GET /wp-includes/js/wp-emoji-release.min.js?ver=4.9.8 HTTP/1.1" 200 4717 "http://dev.avessoc.org.ve/avessoc-registro-paciente/?preview=true" "Mozilla/5.0 (Windows NT 6.1; Win64; x64) AppleWebKit/537.36 (KHTML, like Gecko) Chrome/69.0.3497.100 Safari/537.36"
192.168.33.143 - - [08/Oct/2018:12:57:40 -0400] "GET /wp-includes/js/jquery/jquery.js?ver=1.12.4 HTTP/1.1" 200 34102 "http://dev.avessoc.org.ve/avessoc-registro-paciente/?preview=true" "Mozilla/5.0 (Windows NT 6.1; Win64; x64) AppleWebKit/537.36 (KHTML, like Gecko) Chrome/69.0.3497.100 Safari/537.36"
192.168.33.143 - - [08/Oct/2018:12:57:40 -0400] "GET /wp-content/themes/hestia/style.css HTTP/1.1" 200 29509 "http://dev.avessoc.org.ve/avessoc-registro-paciente/?preview=true" "Mozilla/5.0 (Windows NT 6.1; Win64; x64) AppleWebKit/537.36 (KHTML, like Gecko) Chrome/69.0.3497.100 Safari/537.36"
192.168.33.143 - - [08/Oct/2018:12:57:40 -0400] "GET /wp-content/plugins/elementor/assets/lib/font-awesome/fonts/fontawesome-webfont.woff2?v=4.7.0 HTTP/1.1" 200 77411 "http://dev.avessoc.org.ve/wp-content/plugins/elementor/assets/lib/font-awesome/css/font-awesome.min.css?ver=4.7.0" "Mozilla/5.0 (Windows NT 6.1; Win64; x64) AppleWebKit/537.36 (KHTML, like Gecko) Chrome/69.0.3497.100 Safari/537.36"
192.168.33.143 - - [08/Oct/2018:12:57:45 -0400] "GET /wp-content/uploads/2017/06/cropped-Logo-Avessoc-ico-32x32.png HTTP/1.1" 200 5109 "http://dev.avessoc.org.ve/avessoc-registro-paciente/?preview=true" "Mozilla/5.0 (Windows NT 6.1; Win64; x64) AppleWebKit/537.36 (KHTML, like Gecko) Chrome/69.0.3497.100 Safari/537.36"
200.2.12.146 - - [08/Oct/2018:12:57:46 -0400] "POST /wp-admin/admin-ajax.php?_fs_blog_admin=true HTTP/1.1" 200 523 "http://dev.avessoc.org.ve/wp-admin/admin.php?page=smart-slider-3&nextendcontroller=sliders&nextendaction=embed" "Mozilla/5.0 (X11; Linux x86_64; rv:62.0) Gecko/20100101 Firefox/62.0"
192.168.33.143 - - [08/Oct/2018:12:57:47 -0400] "POST /wp-admin/admin-ajax.php?_fs_blog_admin=true HTTP/1.1" 200 669 "http://dev.avessoc.org.ve/wp-admin/post.php?post=2344&action=edit" "Mozilla/5.0 (Windows NT 6.1; Win64; x64) AppleWebKit/537.36 (KHTML, like Gecko) Chrome/69.0.3497.100 Safari/537.36"
192.168.33.143 - - [08/Oct/2018:12:57:48 -0400] "GET /avessoc-registro-paciente/ HTTP/1.1" 200 35100 "http://dev.avessoc.org.ve/avessoc-registro-paciente/?preview=true" "Mozilla/5.0 (Windows NT 6.1; Win64; x64) AppleWebKit/537.36 (KHTML, like Gecko) Chrome/69.0.3497.100 Safari/537.36"
192.168.33.143 - - [08/Oct/2018:12:57:50 -0400] "GET /wp-content/uploads/siteorigin-widgets/sow-social-media-buttons-atom-19ea6aa25a47.css?ver=4.9.8 HTTP/1.1" 304 137 "http://dev.avessoc.org.ve/avessoc-registro-paciente/" "Mozilla/5.0 (Windows NT 6.1; Win64; x64) AppleWebKit/537.36 (KHTML, like Gecko) Chrome/69.0.3497.100 Safari/537.36"
192.168.33.143 - - [08/Oct/2018:12:57:54 -0400] "GET /avessor-buscar-pacientes/ HTTP/1.1" 200 10049 "http://dev.avessoc.org.ve/avessoc-registro-paciente/" "Mozilla/5.0 (Windows NT 6.1; Win64; x64) AppleWebKit/537.36 (KHTML, like Gecko) Chrome/69.0.3497.100 Safari/537.36"
192.168.33.143 - - [08/Oct/2018:12:57:56 -0400] "GET /wp-content/plugins/elementor/assets/lib/animations/animations.min.css?ver=2.1.6 HTTP/1.1" 200 2913 "http://dev.avessoc.org.ve/avessor-buscar-pacientes/" "Mozilla/5.0 (Windows NT 6.1; Win64; x64) AppleWebKit/537.36 (KHTML, like Gecko) Chrome/69.0.3497.100 Safari/537.36"
192.168.33.143 - - [08/Oct/2018:12:57:56 -0400] "GET /wp-content/plugins/elementor/assets/css/frontend.min.css?ver=2.1.6 HTTP/1.1" 200 12040 "http://dev.avessoc.org.ve/avessor-buscar-pacientes/" "Mozilla/5.0 (Windows NT 6.1; Win64; x64) AppleWebKit/537.36 (KHTML, like Gecko) Chrome/69.0.3497.100 Safari/537.36"
192.168.33.143 - - [08/Oct/2018:12:57:56 -0400] "GET /wp-content/plugins/addons-for-elementor/assets/css/icomoon.css?ver=2.3.3 HTTP/1.1" 200 2423 "http://dev.avessoc.org.ve/avessor-buscar-pacientes/" "Mozilla/5.0 (Windows NT 6.1; Win64; x64) AppleWebKit/537.36 (KHTML, like Gecko) Chrome/69.0.3497.100 Safari/537.36"
192.168.33.143 - - [08/Oct/2018:12:57:56 -0400] "GET /wp-content/plugins/addons-for-elementor/assets/css/sliders.css?ver=2.3.3 HTTP/1.1" 200 6242 "http://dev.avessoc.org.ve/avessor-buscar-pacientes/" "Mozilla/5.0 (Windows NT 6.1; Win64; x64) AppleWebKit/537.36 (KHTML, like Gecko) Chrome/69.0.3497.100 Safari/537.36"
192.168.33.143 - - [08/Oct/2018:12:57:56 -0400] "GET /wp-content/plugins/addons-for-elementor/assets/css/lae-frontend.css?ver=2.3.3 HTTP/1.1" 200 3750 "http://dev.avessoc.org.ve/avessor-buscar-pacientes/" "Mozilla/5.0 (Windows NT 6.1; Win64; x64) AppleWebKit/537.36 (KHTML, like Gecko) Chrome/69.0.3497.100 Safari/537.36"
192.168.33.143 - - [08/Oct/2018:12:57:56 -0400] "GET /wp-content/plugins/addons-for-elementor/assets/css/animate.css?ver=2.3.3 HTTP/1.1" 200 18011 "http://dev.avessoc.org.ve/avessor-buscar-pacientes/" "Mozilla/5.0 (Windows NT 6.1; Win64; x64) AppleWebKit/537.36 (KHTML, like Gecko) Chrome/69.0.3497.100 Safari/537.36"
192.168.33.143 - - [08/Oct/2018:12:57:56 -0400] "GET /wp-content/plugins/addons-for-elementor/assets/css/lae-widgets.css?ver=2.3.3 HTTP/1.1" 200 7062 "http://dev.avessoc.org.ve/avessor-buscar-pacientes/" "Mozilla/5.0 (Windows NT 6.1; Win64; x64) AppleWebKit/537.36 (KHTML, like Gecko) Chrome/69.0.3497.100 Safari/537.36"
192.168.33.143 - - [08/Oct/2018:12:57:56 -0400] "GET /wp-content/uploads/elementor/css/global.css?ver=1534281169 HTTP/1.1" 200 950 "http://dev.avessoc.org.ve/avessor-buscar-pacientes/" "Mozilla/5.0 (Windows NT 6.1; Win64; x64) AppleWebKit/537.36 (KHTML, like Gecko) Chrome/69.0.3497.100 Safari/537.36"
192.168.33.143 - - [08/Oct/2018:12:58:08 -0400] "GET /avessoc-registro-patrocinante/ HTTP/1.1" 200 10261 "http://dev.avessoc.org.ve/avessor-buscar-pacientes/" "Mozilla/5.0 (Windows NT 6.1; Win64; x64) AppleWebKit/537.36 (KHTML, like Gecko) Chrome/69.0.3497.100 Safari/537.36"
192.168.33.143 - - [08/Oct/2018:12:58:18 -0400] "GET /avessos-buscar-patrocinante/ HTTP/1.1" 200 10295 "http://dev.avessoc.org.ve/avessoc-registro-patrocinante/" "Mozilla/5.0 (Windows NT 6.1; Win64; x64) AppleWebKit/537.36 (KHTML, like Gecko) Chrome/69.0.3497.100 Safari/537.36"
192.168.33.143 - - [08/Oct/2018:12:58:19 -0400] "GET /wp-content/themes/hestia-child/page-templates/icons/ic-borrar.png HTTP/1.1" 304 137 "http://dev.avessoc.org.ve/avessos-buscar-patrocinante/" "Mozilla/5.0 (Windows NT 6.1; Win64; x64) AppleWebKit/537.36 (KHTML, like Gecko) Chrome/69.0.3497.100 Safari/537.36"
192.168.33.143 - - [08/Oct/2018:12:58:29 -0400] "GET /wp-content/uploads/siteorigin-widgets/sow-social-media-buttons-atom-364c9c75be49.css?ver=4.9.8 HTTP/1.1" 304 138 "http://dev.avessoc.org.ve/avessoc-registro-centro-de-salud/" "Mozilla/5.0 (Windows NT 6.1; Win64; x64) AppleWebKit/537.36 (KHTML, like Gecko) Chrome/69.0.3497.100 Safari/537.36"
192.168.33.143 - - [08/Oct/2018:12:58:27 -0400] "GET /avessoc-registro-centro-de-salud/ HTTP/1.1" 404 47371 "http://dev.avessoc.org.ve/avessos-buscar-patrocinante/" "Mozilla/5.0 (Windows NT 6.1; Win64; x64) AppleWebKit/537.36 (KHTML, like Gecko) Chrome/69.0.3497.100 Safari/537.36"
192.168.33.143 - - [08/Oct/2018:12:58:29 -0400] "GET /wp-content/themes/hestia/js/bootstrap.min.js HTTP/1.1" 404 47414 "http://dev.avessoc.org.ve/avessoc-registro-centro-de-salud/" "Mozilla/5.0 (Windows NT 6.1; Win64; x64) AppleWebKit/537.36 (KHTML, like Gecko) Chrome/69.0.3497.100 Safari/537.36"
192.168.33.143 - - [08/Oct/2018:12:58:32 -0400] "POST /wp-admin/admin-ajax.php?_fs_blog_admin=true HTTP/1.1" 200 593 "http://dev.avessoc.org.ve/wp-admin/admin.php?page=smart-slider-3&nextendcontroller=sliders&nextendaction=embed" "Mozilla/5.0 (Windows NT 6.1; Win64; x64) AppleWebKit/537.36 (KHTML, like Gecko) Chrome/69.0.3497.100 Safari/537.36"
192.168.33.143 - - [08/Oct/2018:12:58:34 -0400] "GET /wp-content/themes/hestia/js/bootstrap.min.js HTTP/1.1" 404 47414 "http://dev.avessoc.org.ve/avessoc-registro-centro-de-salud/" "Mozilla/5.0 (Windows NT 6.1; Win64; x64) AppleWebKit/537.36 (KHTML, like Gecko) Chrome/69.0.3497.100 Safari/537.36"
192.168.33.143 - - [08/Oct/2018:12:58:37 -0400] "POST /wp-admin/admin-ajax.php?_fs_blog_admin=true HTTP/1.1" 200 618 "http://dev.avessoc.org.ve/wp-admin/admin.php?page=smart-slider-3&nextendcontroller=sliders&nextendaction=embed" "Mozilla/5.0 (Windows NT 6.1; Win64; x64) AppleWebKit/537.36 (KHTML, like Gecko) Chrome/69.0.3497.100 Safari/537.36"
200.2.9.202 - - [08/Oct/2018:12:58:52 -0400] "POST /wp-admin/admin-ajax.php?_fs_blog_admin=true HTTP/1.1" 200 619 "http://dev.avessoc.org.ve/wp-admin/theme-editor.php?file=page-templates%2Ftemplate-search-sponsor.php&theme=hestia-child" "Mozilla/5.0 (Windows NT 10.0; Win64; x64) AppleWebKit/537.36 (KHTML, like Gecko) Chrome/69.0.3497.100 Safari/537.36"
192.168.33.143 - - [08/Oct/2018:12:59:31 -0400] "POST /wp-admin/admin-ajax.php?_fs_blog_admin=true HTTP/1.1" 200 670 "http://dev.avessoc.org.ve/wp-admin/post.php?post=2468&action=edit" "Mozilla/5.0 (Windows NT 6.1; Win64; x64) AppleWebKit/537.36 (KHTML, like Gecko) Chrome/69.0.3497.100 Safari/537.36"
200.2.12.146 - - [08/Oct/2018:12:59:46 -0400] "POST /wp-admin/admin-ajax.php?_fs_blog_admin=true HTTP/1.1" 200 523 "http://dev.avessoc.org.ve/wp-admin/admin.php?page=smart-slider-3&nextendcontroller=sliders&nextendaction=embed" "Mozilla/5.0 (X11; Linux x86_64; rv:62.0) Gecko/20100101 Firefox/62.0"
192.168.33.143 - - [08/Oct/2018:12:59:48 -0400] "POST /wp-admin/admin-ajax.php?_fs_blog_admin=true HTTP/1.1" 200 670 "http://dev.avessoc.org.ve/wp-admin/post.php?post=2344&action=edit" "Mozilla/5.0 (Windows NT 6.1; Win64; x64) AppleWebKit/537.36 (KHTML, like Gecko) Chrome/69.0.3497.100 Safari/537.36"
192.168.33.143 - - [08/Oct/2018:13:00:27 -0400] "POST /wp-admin/admin-ajax.php?_fs_blog_admin=true HTTP/1.1" 200 670 "http://dev.avessoc.org.ve/wp-admin/post.php?post=2344&action=edit" "Mozilla/5.0 (Windows NT 6.1; Win64; x64) AppleWebKit/537.36 (KHTML, like Gecko) Chrome/69.0.3497.100 Safari/537.36"
192.168.33.143 - - [08/Oct/2018:13:00:27 -0400] "POST /wp-admin/admin-ajax.php?_fs_blog_admin=true HTTP/1.1" 200 594 "http://dev.avessoc.org.ve/wp-admin/admin.php?page=smart-slider-3&nextendcontroller=sliders&nextendaction=embed" "Mozilla/5.0 (Windows NT 6.1; Win64; x64) AppleWebKit/537.36 (KHTML, like Gecko) Chrome/69.0.3497.100 Safari/537.36"
192.168.33.143 - - [08/Oct/2018:13:00:30 -0400] "POST /wp-admin/admin-ajax.php?_fs_blog_admin=true HTTP/1.1" 200 669 "http://dev.avessoc.org.ve/wp-admin/post.php?post=2468&action=edit" "Mozilla/5.0 (Windows NT 6.1; Win64; x64) AppleWebKit/537.36 (KHTML, like Gecko) Chrome/69.0.3497.100 Safari/537.36"
192.168.33.143 - - [08/Oct/2018:13:00:30 -0400] "POST /wp-admin/admin-ajax.php?_fs_blog_admin=true HTTP/1.1" 200 618 "http://dev.avessoc.org.ve/wp-admin/admin.php?page=smart-slider-3&nextendcontroller=sliders&nextendaction=embed" "Mozilla/5.0 (Windows NT 6.1; Win64; x64) AppleWebKit/537.36 (KHTML, like Gecko) Chrome/69.0.3497.100 Safari/537.36"
192.168.33.143 - - [08/Oct/2018:13:00:38 -0400] "POST /wp-admin/admin-ajax.php HTTP/1.1" 200 612 "http://dev.avessoc.org.ve/wp-admin/post.php?post=2468&action=edit" "Mozilla/5.0 (Windows NT 6.1; Win64; x64) AppleWebKit/537.36 (KHTML, like Gecko) Chrome/69.0.3497.100 Safari/537.36"
192.168.33.143 - - [08/Oct/2018:13:00:38 -0400] "POST /wp-admin/admin-ajax.php?_fs_blog_admin=true HTTP/1.1" 200 617 "http://dev.avessoc.org.ve/wp-admin/edit.php?s=avessoc&post_status=all&post_type=page&action=-1&m=0&paged=1&action2=-1" "Mozilla/5.0 (Windows NT 6.1; Win64; x64) AppleWebKit/537.36 (KHTML, like Gecko) Chrome/69.0.3497.100 Safari/537.36"
192.168.33.143 - - [08/Oct/2018:13:00:42 -0400] "POST /wp-admin/admin-ajax.php?_fs_blog_admin=true HTTP/1.1" 200 669 "http://dev.avessoc.org.ve/wp-admin/post.php?post=2344&action=edit" "Mozilla/5.0 (Windows NT 6.1; Win64; x64) AppleWebKit/537.36 (KHTML, like Gecko) Chrome/69.0.3497.100 Safari/537.36"
192.168.33.143 - - [08/Oct/2018:13:00:45 -0400] "GET /wp-admin/post.php?post=2466&action=edit HTTP/1.1" 200 63649 "http://dev.avessoc.org.ve/wp-admin/edit.php?s=avessoc&post_status=all&post_type=page&action=-1&m=0&paged=1&action2=-1" "Mozilla/5.0 (Windows NT 6.1; Win64; x64) AppleWebKit/537.36 (KHTML, like Gecko) Chrome/69.0.3497.100 Safari/537.36"
192.168.33.143 - - [08/Oct/2018:13:00:49 -0400] "GET /wp-admin/admin.php?page=smart-slider-3&nextendcontroller=sliders&nextendaction=embed HTTP/1.1" 200 37562 "http://dev.avessoc.org.ve/wp-admin/post.php?post=2466&action=edit" "Mozilla/5.0 (Windows NT 6.1; Win64; x64) AppleWebKit/537.36 (KHTML, like Gecko) Chrome/69.0.3497.100 Safari/537.36"
200.2.9.202 - - [08/Oct/2018:13:00:52 -0400] "POST /wp-admin/admin-ajax.php?_fs_blog_admin=true HTTP/1.1" 200 619 "http://dev.avessoc.org.ve/wp-admin/theme-editor.php?file=page-templates%2Ftemplate-search-sponsor.php&theme=hestia-child" "Mozilla/5.0 (Windows NT 10.0; Win64; x64) AppleWebKit/537.36 (KHTML, like Gecko) Chrome/69.0.3497.100 Safari/537.36"
192.168.33.143 - - [08/Oct/2018:13:00:58 -0400] "POST /wp-admin/post.php HTTP/1.1" 302 459 "http://dev.avessoc.org.ve/wp-admin/post.php?post=2466&action=edit" "Mozilla/5.0 (Windows NT 6.1; Win64; x64) AppleWebKit/537.36 (KHTML, like Gecko) Chrome/69.0.3497.100 Safari/537.36"
192.168.33.143 - - [08/Oct/2018:13:01:00 -0400] "GET /?page_id=2466&preview=true HTTP/1.1" 200 33957 "http://dev.avessoc.org.ve/wp-admin/post.php?post=2466&action=edit" "Mozilla/5.0 (Windows NT 6.1; Win64; x64) AppleWebKit/537.36 (KHTML, like Gecko) Chrome/69.0.3497.100 Safari/537.36"
192.168.33.143 - - [08/Oct/2018:13:01:03 -0400] "GET /wp-content/themes/hestia-child/css/new-styles.css?ver=1.0.0 HTTP/1.1" 304 137 "http://dev.avessoc.org.ve/?page_id=2466&preview=true" "Mozilla/5.0 (Windows NT 6.1; Win64; x64) AppleWebKit/537.36 (KHTML, like Gecko) Chrome/69.0.3497.100 Safari/537.36"
192.168.33.143 - - [08/Oct/2018:13:01:05 -0400] "POST /wp-admin/admin-ajax.php?_fs_blog_admin=true HTTP/1.1" 200 669 "http://dev.avessoc.org.ve/wp-admin/post.php?post=2466&action=edit" "Mozilla/5.0 (Windows NT 6.1; Win64; x64) AppleWebKit/537.36 (KHTML, like Gecko) Chrome/69.0.3497.100 Safari/537.36"
192.168.33.143 - - [08/Oct/2018:13:01:20 -0400] "POST /wp-admin/admin-ajax.php?_fs_blog_admin=true HTTP/1.1" 200 670 "http://dev.avessoc.org.ve/wp-admin/post.php?post=2466&action=edit" "Mozilla/5.0 (Windows NT 6.1; Win64; x64) AppleWebKit/537.36 (KHTML, like Gecko) Chrome/69.0.3497.100 Safari/537.36"
192.168.33.143 - - [08/Oct/2018:13:01:22 -0400] "POST /wp-admin/post.php HTTP/1.1" 302 590 "http://dev.avessoc.org.ve/wp-admin/post.php?post=2466&action=edit" "Mozilla/5.0 (Windows NT 6.1; Win64; x64) AppleWebKit/537.36 (KHTML, like Gecko) Chrome/69.0.3497.100 Safari/537.36"
192.168.33.143 - - [08/Oct/2018:13:01:24 -0400] "GET /wp-admin/post.php?post=2466&action=edit&message=6 HTTP/1.1" 200 64090 "http://dev.avessoc.org.ve/wp-admin/post.php?post=2466&action=edit" "Mozilla/5.0 (Windows NT 6.1; Win64; x64) AppleWebKit/537.36 (KHTML, like Gecko) Chrome/69.0.3497.100 Safari/537.36"
192.168.33.143 - - [08/Oct/2018:13:01:28 -0400] "GET /wp-admin/admin-ajax.php?action=oembed-cache&post=2466&_fs_blog_admin=true HTTP/1.1" 200 517 "http://dev.avessoc.org.ve/wp-admin/post.php?post=2466&action=edit" "Mozilla/5.0 (Windows NT 6.1; Win64; x64) AppleWebKit/537.36 (KHTML, like Gecko) Chrome/69.0.3497.100 Safari/537.36"
192.168.33.143 - - [08/Oct/2018:13:01:28 -0400] "GET /wp-admin/admin.php?page=smart-slider-3&nextendcontroller=sliders&nextendaction=embed HTTP/1.1" 200 37563 "http://dev.avessoc.org.ve/wp-admin/post.php?post=2466&action=edit" "Mozilla/5.0 (Windows NT 6.1; Win64; x64) AppleWebKit/537.36 (KHTML, like Gecko) Chrome/69.0.3497.100 Safari/537.36"
192.168.33.143 - - [08/Oct/2018:13:01:33 -0400] "POST /wp-admin/admin-ajax.php?_fs_blog_admin=true HTTP/1.1" 200 593 "http://dev.avessoc.org.ve/wp-admin/admin.php?page=smart-slider-3&nextendcontroller=sliders&nextendaction=embed" "Mozilla/5.0 (Windows NT 6.1; Win64; x64) AppleWebKit/537.36 (KHTML, like Gecko) Chrome/69.0.3497.100 Safari/537.36"
192.168.33.143 - - [08/Oct/2018:13:01:33 -0400] "POST /wp-admin/admin-ajax.php?_fs_blog_admin=true HTTP/1.1" 200 669 "http://dev.avessoc.org.ve/wp-admin/post.php?post=2344&action=edit" "Mozilla/5.0 (Windows NT 6.1; Win64; x64) AppleWebKit/537.36 (KHTML, like Gecko) Chrome/69.0.3497.100 Safari/537.36"
192.168.33.143 - - [08/Oct/2018:13:01:43 -0400] "GET /avessoc-search-mdcenters/ HTTP/1.1" 200 9726 "http://dev.avessoc.org.ve/?page_id=2466&preview=true" "Mozilla/5.0 (Windows NT 6.1; Win64; x64) AppleWebKit/537.36 (KHTML, like Gecko) Chrome/69.0.3497.100 Safari/537.36"
192.168.33.143 - - [08/Oct/2018:13:01:43 -0400] "POST /wp-admin/admin-ajax.php?_fs_blog_admin=true HTTP/1.1" 200 670 "http://dev.avessoc.org.ve/wp-admin/post.php?post=2466&action=edit" "Mozilla/5.0 (Windows NT 6.1; Win64; x64) AppleWebKit/537.36 (KHTML, like Gecko) Chrome/69.0.3497.100 Safari/537.36"
200.2.12.146 - - [08/Oct/2018:13:01:46 -0400] "POST /wp-admin/admin-ajax.php?_fs_blog_admin=true HTTP/1.1" 200 523 "http://dev.avessoc.org.ve/wp-admin/admin.php?page=smart-slider-3&nextendcontroller=sliders&nextendaction=embed" "Mozilla/5.0 (X11; Linux x86_64; rv:62.0) Gecko/20100101 Firefox/62.0"
192.168.33.143 - - [08/Oct/2018:13:01:49 -0400] "POST /wp-admin/admin-ajax.php?_fs_blog_admin=true HTTP/1.1" 200 669 "http://dev.avessoc.org.ve/wp-admin/post.php?post=2344&action=edit" "Mozilla/5.0 (Windows NT 6.1; Win64; x64) AppleWebKit/537.36 (KHTML, like Gecko) Chrome/69.0.3497.100 Safari/537.36"
192.168.33.143 - - [08/Oct/2018:13:01:54 -0400] "GET /avessoc-registro-centro-de-salud/ HTTP/1.1" 200 32707 "http://dev.avessoc.org.ve/avessoc-search-mdcenters/" "Mozilla/5.0 (Windows NT 6.1; Win64; x64) AppleWebKit/537.36 (KHTML, like Gecko) Chrome/69.0.3497.100 Safari/537.36"
192.168.33.143 - - [08/Oct/2018:13:02:08 -0400] "GET /avessoc-registrar-examenes-centros/ HTTP/1.1" 200 10421 "http://dev.avessoc.org.ve/avessoc-registro-centro-de-salud/" "Mozilla/5.0 (Windows NT 6.1; Win64; x64) AppleWebKit/537.36 (KHTML, like Gecko) Chrome/69.0.3497.100 Safari/537.36"
192.168.33.143 - - [08/Oct/2018:13:02:25 -0400] "GET /avessoc-agregar-nuevo-examen/ HTTP/1.1" 404 47355 "http://dev.avessoc.org.ve/avessoc-registrar-examenes-centros/" "Mozilla/5.0 (Windows NT 6.1; Win64; x64) AppleWebKit/537.36 (KHTML, like Gecko) Chrome/69.0.3497.100 Safari/537.36"
192.168.33.143 - - [08/Oct/2018:13:02:26 -0400] "GET /wp-content/themes/hestia/js/bootstrap.min.js HTTP/1.1" 404 47415 "http://dev.avessoc.org.ve/avessoc-agregar-nuevo-examen/" "Mozilla/5.0 (Windows NT 6.1; Win64; x64) AppleWebKit/537.36 (KHTML, like Gecko) Chrome/69.0.3497.100 Safari/537.36"
192.168.33.143 - - [08/Oct/2018:13:02:31 -0400] "POST /wp-admin/admin-ajax.php?_fs_blog_admin=true HTTP/1.1" 200 618 "http://dev.avessoc.org.ve/wp-admin/admin.php?page=smart-slider-3&nextendcontroller=sliders&nextendaction=embed" "Mozilla/5.0 (Windows NT 6.1; Win64; x64) AppleWebKit/537.36 (KHTML, like Gecko) Chrome/69.0.3497.100 Safari/537.36"
192.168.33.143 - - [08/Oct/2018:13:02:34 -0400] "POST /wp-admin/admin-ajax.php?_fs_blog_admin=true HTTP/1.1" 200 593 "http://dev.avessoc.org.ve/wp-admin/admin.php?page=smart-slider-3&nextendcontroller=sliders&nextendaction=embed" "Mozilla/5.0 (Windows NT 6.1; Win64; x64) AppleWebKit/537.36 (KHTML, like Gecko) Chrome/69.0.3497.100 Safari/537.36"
192.168.33.143 - - [08/Oct/2018:13:02:38 -0400] "GET /wp-content/themes/hestia/js/bootstrap.min.js HTTP/1.1" 404 47414 "http://dev.avessoc.org.ve/avessoc-agregar-nuevo-examen/" "Mozilla/5.0 (Windows NT 6.1; Win64; x64) AppleWebKit/537.36 (KHTML, like Gecko) Chrome/69.0.3497.100 Safari/537.36"
200.2.9.202 - - [08/Oct/2018:13:02:52 -0400] "POST /wp-admin/admin-ajax.php?_fs_blog_admin=true HTTP/1.1" 200 619 "http://dev.avessoc.org.ve/wp-admin/theme-editor.php?file=page-templates%2Ftemplate-search-sponsor.php&theme=hestia-child" "Mozilla/5.0 (Windows NT 10.0; Win64; x64) AppleWebKit/537.36 (KHTML, like Gecko) Chrome/69.0.3497.100 Safari/537.36"
192.168.33.143 - - [08/Oct/2018:13:03:35 -0400] "GET /avessor-buscar-pacientes/ HTTP/1.1" 200 10050 "http://dev.avessoc.org.ve/avessoc-registrar-examenes-centros/" "Mozilla/5.0 (Windows NT 6.1; Win64; x64) AppleWebKit/537.36 (KHTML, like Gecko) Chrome/69.0.3497.100 Safari/537.36"
192.168.33.143 - - [08/Oct/2018:13:03:36 -0400] "GET /wp-content/themes/hestia-child/css/new-styles.css?ver=1.0.0 HTTP/1.1" 304 137 "http://dev.avessoc.org.ve/avessor-buscar-pacientes/" "Mozilla/5.0 (Windows NT 6.1; Win64; x64) AppleWebKit/537.36 (KHTML, like Gecko) Chrome/69.0.3497.100 Safari/537.36"
192.168.33.143 - - [08/Oct/2018:13:03:43 -0400] "POST /wp-admin/admin-ajax.php?_fs_blog_admin=true HTTP/1.1" 200 670 "http://dev.avessoc.org.ve/wp-admin/post.php?post=2466&action=edit" "Mozilla/5.0 (Windows NT 6.1; Win64; x64) AppleWebKit/537.36 (KHTML, like Gecko) Chrome/69.0.3497.100 Safari/537.36"
200.2.12.146 - - [08/Oct/2018:13:03:46 -0400] "POST /wp-admin/admin-ajax.php?_fs_blog_admin=true HTTP/1.1" 200 523 "http://dev.avessoc.org.ve/wp-admin/admin.php?page=smart-slider-3&nextendcontroller=sliders&nextendaction=embed" "Mozilla/5.0 (X11; Linux x86_64; rv:62.0) Gecko/20100101 Firefox/62.0"
192.168.33.143 - - [08/Oct/2018:13:03:50 -0400] "POST /wp-admin/admin-ajax.php?_fs_blog_admin=true HTTP/1.1" 200 670 "http://dev.avessoc.org.ve/wp-admin/post.php?post=2344&action=edit" "Mozilla/5.0 (Windows NT 6.1; Win64; x64) AppleWebKit/537.36 (KHTML, like Gecko) Chrome/69.0.3497.100 Safari/537.36"
192.168.33.143 - - [08/Oct/2018:13:04:32 -0400] "POST /wp-admin/admin-ajax.php?_fs_blog_admin=true HTTP/1.1" 200 618 "http://dev.avessoc.org.ve/wp-admin/admin.php?page=smart-slider-3&nextendcontroller=sliders&nextendaction=embed" "Mozilla/5.0 (Windows NT 6.1; Win64; x64) AppleWebKit/537.36 (KHTML, like Gecko) Chrome/69.0.3497.100 Safari/537.36"
192.168.33.143 - - [08/Oct/2018:13:04:34 -0400] "POST /wp-admin/admin-ajax.php?_fs_blog_admin=true HTTP/1.1" 200 593 "http://dev.avessoc.org.ve/wp-admin/admin.php?page=smart-slider-3&nextendcontroller=sliders&nextendaction=embed" "Mozilla/5.0 (Windows NT 6.1; Win64; x64) AppleWebKit/537.36 (KHTML, like Gecko) Chrome/69.0.3497.100 Safari/537.36"
192.168.33.143 - - [08/Oct/2018:13:05:43 -0400] "POST /wp-admin/admin-ajax.php?_fs_blog_admin=true HTTP/1.1" 200 670 "http://dev.avessoc.org.ve/wp-admin/post.php?post=2466&action=edit" "Mozilla/5.0 (Windows NT 6.1; Win64; x64) AppleWebKit/537.36 (KHTML, like Gecko) Chrome/69.0.3497.100 Safari/537.36"
200.2.12.146 - - [08/Oct/2018:13:05:46 -0400] "POST /wp-admin/admin-ajax.php?_fs_blog_admin=true HTTP/1.1" 200 523 "http://dev.avessoc.org.ve/wp-admin/admin.php?page=smart-slider-3&nextendcontroller=sliders&nextendaction=embed" "Mozilla/5.0 (X11; Linux x86_64; rv:62.0) Gecko/20100101 Firefox/62.0"
192.168.33.143 - - [08/Oct/2018:13:05:51 -0400] "POST /wp-admin/admin-ajax.php?_fs_blog_admin=true HTTP/1.1" 200 670 "http://dev.avessoc.org.ve/wp-admin/post.php?post=2344&action=edit" "Mozilla/5.0 (Windows NT 6.1; Win64; x64) AppleWebKit/537.36 (KHTML, like Gecko) Chrome/69.0.3497.100 Safari/537.36"
192.168.33.143 - - [08/Oct/2018:13:06:33 -0400] "POST /wp-admin/admin-ajax.php?_fs_blog_admin=true HTTP/1.1" 200 618 "http://dev.avessoc.org.ve/wp-admin/admin.php?page=smart-slider-3&nextendcontroller=sliders&nextendaction=embed" "Mozilla/5.0 (Windows NT 6.1; Win64; x64) AppleWebKit/537.36 (KHTML, like Gecko) Chrome/69.0.3497.100 Safari/537.36"
192.168.33.143 - - [08/Oct/2018:13:06:35 -0400] "POST /wp-admin/admin-ajax.php?_fs_blog_admin=true HTTP/1.1" 200 593 "http://dev.avessoc.org.ve/wp-admin/admin.php?page=smart-slider-3&nextendcontroller=sliders&nextendaction=embed" "Mozilla/5.0 (Windows NT 6.1; Win64; x64) AppleWebKit/537.36 (KHTML, like Gecko) Chrome/69.0.3497.100 Safari/537.36"
192.168.33.143 - - [08/Oct/2018:13:07:37 -0400] "GET /avessoc-nueva-preorden/?id_pac=3 HTTP/1.1" 200 11532 "http://dev.avessoc.org.ve/avessor-buscar-pacientes/" "Mozilla/5.0 (Windows NT 6.1; Win64; x64) AppleWebKit/537.36 (KHTML, like Gecko) Chrome/69.0.3497.100 Safari/537.36"
192.168.33.143 - - [08/Oct/2018:13:07:39 -0400] "GET /wp-content/themes/hestia-child/css/new-styles.css?ver=1.0.0 HTTP/1.1" 304 137 "http://dev.avessoc.org.ve/avessoc-nueva-preorden/?id_pac=3" "Mozilla/5.0 (Windows NT 6.1; Win64; x64) AppleWebKit/537.36 (KHTML, like Gecko) Chrome/69.0.3497.100 Safari/537.36"
192.168.33.143 - - [08/Oct/2018:13:07:43 -0400] "POST /wp-admin/admin-ajax.php?_fs_blog_admin=true HTTP/1.1" 200 669 "http://dev.avessoc.org.ve/wp-admin/post.php?post=2466&action=edit" "Mozilla/5.0 (Windows NT 6.1; Win64; x64) AppleWebKit/537.36 (KHTML, like Gecko) Chrome/69.0.3497.100 Safari/537.36"
200.2.12.146 - - [08/Oct/2018:13:07:46 -0400] "POST /wp-admin/admin-ajax.php?_fs_blog_admin=true HTTP/1.1" 200 523 "http://dev.avessoc.org.ve/wp-admin/admin.php?page=smart-slider-3&nextendcontroller=sliders&nextendaction=embed" "Mozilla/5.0 (X11; Linux x86_64; rv:62.0) Gecko/20100101 Firefox/62.0"
192.168.33.143 - - [08/Oct/2018:13:07:52 -0400] "POST /wp-admin/admin-ajax.php?_fs_blog_admin=true HTTP/1.1" 200 670 "http://dev.avessoc.org.ve/wp-admin/post.php?post=2344&action=edit" "Mozilla/5.0 (Windows NT 6.1; Win64; x64) AppleWebKit/537.36 (KHTML, like Gecko) Chrome/69.0.3497.100 Safari/537.36"
192.168.33.143 - - [08/Oct/2018:13:08:34 -0400] "POST /wp-admin/admin-ajax.php?_fs_blog_admin=true HTTP/1.1" 200 618 "http://dev.avessoc.org.ve/wp-admin/admin.php?page=smart-slider-3&nextendcontroller=sliders&nextendaction=embed" "Mozilla/5.0 (Windows NT 6.1; Win64; x64) AppleWebKit/537.36 (KHTML, like Gecko) Chrome/69.0.3497.100 Safari/537.36"
192.168.33.143 - - [08/Oct/2018:13:08:36 -0400] "POST /wp-admin/admin-ajax.php?_fs_blog_admin=true HTTP/1.1" 200 593 "http://dev.avessoc.org.ve/wp-admin/admin.php?page=smart-slider-3&nextendcontroller=sliders&nextendaction=embed" "Mozilla/5.0 (Windows NT 6.1; Win64; x64) AppleWebKit/537.36 (KHTML, like Gecko) Chrome/69.0.3497.100 Safari/537.36"
192.168.33.143 - - [08/Oct/2018:13:09:43 -0400] "POST /wp-admin/admin-ajax.php?_fs_blog_admin=true HTTP/1.1" 200 670 "http://dev.avessoc.org.ve/wp-admin/post.php?post=2466&action=edit" "Mozilla/5.0 (Windows NT 6.1; Win64; x64) AppleWebKit/537.36 (KHTML, like Gecko) Chrome/69.0.3497.100 Safari/537.36"
200.2.12.146 - - [08/Oct/2018:13:09:46 -0400] "POST /wp-admin/admin-ajax.php?_fs_blog_admin=true HTTP/1.1" 200 523 "http://dev.avessoc.org.ve/wp-admin/admin.php?page=smart-slider-3&nextendcontroller=sliders&nextendaction=embed" "Mozilla/5.0 (X11; Linux x86_64; rv:62.0) Gecko/20100101 Firefox/62.0"
192.168.33.143 - - [08/Oct/2018:13:09:52 -0400] "POST /wp-admin/admin-ajax.php?_fs_blog_admin=true HTTP/1.1" 200 670 "http://dev.avessoc.org.ve/wp-admin/post.php?post=2344&action=edit" "Mozilla/5.0 (Windows NT 6.1; Win64; x64) AppleWebKit/537.36 (KHTML, like Gecko) Chrome/69.0.3497.100 Safari/537.36"
192.168.33.143 - - [08/Oct/2018:13:10:35 -0400] "POST /wp-admin/admin-ajax.php?_fs_blog_admin=true HTTP/1.1" 200 618 "http://dev.avessoc.org.ve/wp-admin/admin.php?page=smart-slider-3&nextendcontroller=sliders&nextendaction=embed" "Mozilla/5.0 (Windows NT 6.1; Win64; x64) AppleWebKit/537.36 (KHTML, like Gecko) Chrome/69.0.3497.100 Safari/537.36"
192.168.33.143 - - [08/Oct/2018:13:10:37 -0400] "POST /wp-admin/admin-ajax.php?_fs_blog_admin=true HTTP/1.1" 200 593 "http://dev.avessoc.org.ve/wp-admin/admin.php?page=smart-slider-3&nextendcontroller=sliders&nextendaction=embed" "Mozilla/5.0 (Windows NT 6.1; Win64; x64) AppleWebKit/537.36 (KHTML, like Gecko) Chrome/69.0.3497.100 Safari/537.36"
192.168.33.143 - - [08/Oct/2018:13:11:44 -0400] "POST /wp-admin/admin-ajax.php?_fs_blog_admin=true HTTP/1.1" 200 670 "http://dev.avessoc.org.ve/wp-admin/post.php?post=2466&action=edit" "Mozilla/5.0 (Windows NT 6.1; Win64; x64) AppleWebKit/537.36 (KHTML, like Gecko) Chrome/69.0.3497.100 Safari/537.36"
200.2.12.146 - - [08/Oct/2018:13:11:46 -0400] "POST /wp-admin/admin-ajax.php?_fs_blog_admin=true HTTP/1.1" 200 523 "http://dev.avessoc.org.ve/wp-admin/admin.php?page=smart-slider-3&nextendcontroller=sliders&nextendaction=embed" "Mozilla/5.0 (X11; Linux x86_64; rv:62.0) Gecko/20100101 Firefox/62.0"
192.168.33.143 - - [08/Oct/2018:13:12:15 -0400] "POST /wp-admin/admin-ajax.php?_fs_blog_admin=true HTTP/1.1" 200 618 "http://dev.avessoc.org.ve/wp-admin/admin.php?page=smart-slider-3&nextendcontroller=sliders&nextendaction=embed" "Mozilla/5.0 (Windows NT 6.1; Win64; x64) AppleWebKit/537.36 (KHTML, like Gecko) Chrome/69.0.3497.100 Safari/537.36"
192.168.33.143 - - [08/Oct/2018:13:12:15 -0400] "POST /wp-admin/admin-ajax.php?_fs_blog_admin=true HTTP/1.1" 200 670 "http://dev.avessoc.org.ve/wp-admin/post.php?post=2466&action=edit" "Mozilla/5.0 (Windows NT 6.1; Win64; x64) AppleWebKit/537.36 (KHTML, like Gecko) Chrome/69.0.3497.100 Safari/537.36"
192.168.33.143 - - [08/Oct/2018:13:12:30 -0400] "POST /wp-admin/admin-ajax.php?_fs_blog_admin=true HTTP/1.1" 200 670 "http://dev.avessoc.org.ve/wp-admin/post.php?post=2466&action=edit" "Mozilla/5.0 (Windows NT 6.1; Win64; x64) AppleWebKit/537.36 (KHTML, like Gecko) Chrome/69.0.3497.100 Safari/537.36"
192.168.33.143 - - [08/Oct/2018:13:12:45 -0400] "GET /phpmyadmin/ HTTP/1.1" 200 4256 "-" "Mozilla/5.0 (Windows NT 6.1; Win64; x64) AppleWebKit/537.36 (KHTML, like Gecko) Chrome/69.0.3497.100 Safari/537.36"
192.168.33.143 - - [08/Oct/2018:13:12:45 -0400] "POST /wp-admin/admin-ajax.php?_fs_blog_admin=true HTTP/1.1" 200 670 "http://dev.avessoc.org.ve/wp-admin/post.php?post=2466&action=edit" "Mozilla/5.0 (Windows NT 6.1; Win64; x64) AppleWebKit/537.36 (KHTML, like Gecko) Chrome/69.0.3497.100 Safari/537.36"
192.168.33.143 - - [08/Oct/2018:13:12:47 -0400] "GET /phpmyadmin/phpmyadmin.css.php?nocache=4362314655ltr HTTP/1.1" 304 256 "http://dev.avessoc.org.ve/phpmyadmin/" "Mozilla/5.0 (Windows NT 6.1; Win64; x64) AppleWebKit/537.36 (KHTML, like Gecko) Chrome/69.0.3497.100 Safari/537.36"
192.168.33.143 - - [08/Oct/2018:13:12:47 -0400] "GET /phpmyadmin/js/messages.php?lang=es&db=&token=f2fa0a6f30e10dc63bda82664a345e6e&v=4.5.4.1deb2ubuntu2 HTTP/1.1" 200 9980 "http://dev.avessoc.org.ve/phpmyadmin/" "Mozilla/5.0 (Windows NT 6.1; Win64; x64) AppleWebKit/537.36 (KHTML, like Gecko) Chrome/69.0.3497.100 Safari/537.36"
192.168.33.143 - - [08/Oct/2018:13:12:47 -0400] "GET /phpmyadmin/js/whitelist.php?lang=es&db=&token=f2fa0a6f30e10dc63bda82664a345e6e&v=4.5.4.1deb2ubuntu2 HTTP/1.1" 200 931 "http://dev.avessoc.org.ve/phpmyadmin/" "Mozilla/5.0 (Windows NT 6.1; Win64; x64) AppleWebKit/537.36 (KHTML, like Gecko) Chrome/69.0.3497.100 Safari/537.36"
192.168.33.143 - - [08/Oct/2018:13:12:47 -0400] "GET /phpmyadmin/js/get_scripts.js.php?scripts%5B%5D=common.js&scripts%5B%5D=config.js&scripts%5B%5D=page_settings.js&scripts%5B%5D=codemirror/lib/codemirror.js&scripts%5B%5D=codemirror/mode/sql/sql.js&scripts%5B%5D=codemirror/addon/runmode/runmode.js&scripts%5B%5D=codemirror/addon/hint/show-hint.js&scripts%5B%5D=codemirror/addon/hint/sql-hint.js&scripts%5B%5D=codemirror/addon/lint/lint.js&scripts%5B%5D=codemirror/addon/lint/sql-lint.js&scripts%5B%5D=console.js&v=4.5.4.1deb2ubuntu2 HTTP/1.1" 304 257 "http://dev.avessoc.org.ve/phpmyadmin/" "Mozilla/5.0 (Windows NT 6.1; Win64; x64) AppleWebKit/537.36 (KHTML, like Gecko) Chrome/69.0.3497.100 Safari/537.36"
192.168.33.143 - - [08/Oct/2018:13:12:47 -0400] "GET /phpmyadmin/js/get_scripts.js.php?scripts%5B%5D=jquery/jquery-1.11.1.min.js&scripts%5B%5D=sprintf.js&scripts%5B%5D=ajax.js&scripts%5B%5D=keyhandler.js&scripts%5B%5D=jquery/jquery-ui-1.11.2.min.js&scripts%5B%5D=jquery/jquery.cookie.js&scripts%5B%5D=jquery/jquery.mousewheel.js&scripts%5B%5D=jquery/jquery.event.drag-2.2.js&scripts%5B%5D=jquery/jquery-ui-timepicker-addon.js&scripts%5B%5D=jquery/jquery.ba-hashchange-1.3.js&scripts%5B%5D=jquery/jquery.debounce-1.0.5.js&scripts%5B%5D=menu-resizer.js&scripts%5B%5D=cross_framing_protection.js&scripts%5B%5D=rte.js&scripts%5B%5D=tracekit/tracekit.js&scripts%5B%5D=error_report.js&scripts%5B%5D=doclinks.js&scripts%5B%5D=functions.js&scripts%5B%5D=navigation.js&scripts%5B%5D=indexes.js&v=4.5.4.1deb2ubuntu2 HTTP/1.1" 304 257 "http://dev.avessoc.org.ve/phpmyadmin/" "Mozilla/5.0 (Windows NT 6.1; Win64; x64) AppleWebKit/537.36 (KHTML, like Gecko) Chrome/69.0.3497.100 Safari/537.36"
192.168.33.143 - - [08/Oct/2018:13:12:47 -0400] "GET /phpmyadmin/js/get_image.js.php?theme=pmahomme&v=4.5.4.1deb2ubuntu2 HTTP/1.1" 304 257 "http://dev.avessoc.org.ve/phpmyadmin/" "Mozilla/5.0 (Windows NT 6.1; Win64; x64) AppleWebKit/537.36 (KHTML, like Gecko) Chrome/69.0.3497.100 Safari/537.36"
192.168.33.143 - - [08/Oct/2018:13:13:15 -0400] "POST /wp-admin/admin-ajax.php?_fs_blog_admin=true HTTP/1.1" 200 618 "http://dev.avessoc.org.ve/wp-admin/admin.php?page=smart-slider-3&nextendcontroller=sliders&nextendaction=embed" "Mozilla/5.0 (Windows NT 6.1; Win64; x64) AppleWebKit/537.36 (KHTML, like Gecko) Chrome/69.0.3497.100 Safari/537.36"
200.2.12.146 - - [08/Oct/2018:13:13:46 -0400] "POST /wp-admin/admin-ajax.php?_fs_blog_admin=true HTTP/1.1" 200 523 "http://dev.avessoc.org.ve/wp-admin/admin.php?page=smart-slider-3&nextendcontroller=sliders&nextendaction=embed" "Mozilla/5.0 (X11; Linux x86_64; rv:62.0) Gecko/20100101 Firefox/62.0"
192.168.33.143 - - [08/Oct/2018:13:14:45 -0400] "POST /wp-admin/admin-ajax.php?_fs_blog_admin=true HTTP/1.1" 200 670 "http://dev.avessoc.org.ve/wp-admin/post.php?post=2466&action=edit" "Mozilla/5.0 (Windows NT 6.1; Win64; x64) AppleWebKit/537.36 (KHTML, like Gecko) Chrome/69.0.3497.100 Safari/537.36"
192.168.33.143 - - [08/Oct/2018:13:15:15 -0400] "POST /wp-admin/admin-ajax.php?_fs_blog_admin=true HTTP/1.1" 200 618 "http://dev.avessoc.org.ve/wp-admin/admin.php?page=smart-slider-3&nextendcontroller=sliders&nextendaction=embed" "Mozilla/5.0 (Windows NT 6.1; Win64; x64) AppleWebKit/537.36 (KHTML, like Gecko) Chrome/69.0.3497.100 Safari/537.36"
200.2.12.146 - - [08/Oct/2018:13:15:46 -0400] "POST /wp-admin/admin-ajax.php?_fs_blog_admin=true HTTP/1.1" 200 523 "http://dev.avessoc.org.ve/wp-admin/admin.php?page=smart-slider-3&nextendcontroller=sliders&nextendaction=embed" "Mozilla/5.0 (X11; Linux x86_64; rv:62.0) Gecko/20100101 Firefox/62.0"
192.168.33.143 - - [08/Oct/2018:13:16:45 -0400] "POST /wp-admin/admin-ajax.php?_fs_blog_admin=true HTTP/1.1" 200 670 "http://dev.avessoc.org.ve/wp-admin/post.php?post=2466&action=edit" "Mozilla/5.0 (Windows NT 6.1; Win64; x64) AppleWebKit/537.36 (KHTML, like Gecko) Chrome/69.0.3497.100 Safari/537.36"
192.168.33.143 - - [08/Oct/2018:13:17:16 -0400] "POST /wp-admin/admin-ajax.php?_fs_blog_admin=true HTTP/1.1" 200 618 "http://dev.avessoc.org.ve/wp-admin/admin.php?page=smart-slider-3&nextendcontroller=sliders&nextendaction=embed" "Mozilla/5.0 (Windows NT 6.1; Win64; x64) AppleWebKit/537.36 (KHTML, like Gecko) Chrome/69.0.3497.100 Safari/537.36"
200.2.12.146 - - [08/Oct/2018:13:17:46 -0400] "POST /wp-admin/admin-ajax.php?_fs_blog_admin=true HTTP/1.1" 200 523 "http://dev.avessoc.org.ve/wp-admin/admin.php?page=smart-slider-3&nextendcontroller=sliders&nextendaction=embed" "Mozilla/5.0 (X11; Linux x86_64; rv:62.0) Gecko/20100101 Firefox/62.0"
192.168.33.143 - - [08/Oct/2018:13:18:46 -0400] "POST /wp-admin/admin-ajax.php?_fs_blog_admin=true HTTP/1.1" 200 670 "http://dev.avessoc.org.ve/wp-admin/post.php?post=2466&action=edit" "Mozilla/5.0 (Windows NT 6.1; Win64; x64) AppleWebKit/537.36 (KHTML, like Gecko) Chrome/69.0.3497.100 Safari/537.36"
192.168.33.143 - - [08/Oct/2018:13:18:48 -0400] "POST /phpmyadmin/index.php HTTP/1.1" 302 939 "http://dev.avessoc.org.ve/phpmyadmin/" "Mozilla/5.0 (Windows NT 6.1; Win64; x64) AppleWebKit/537.36 (KHTML, like Gecko) Chrome/69.0.3497.100 Safari/537.36"
192.168.33.143 - - [08/Oct/2018:13:18:48 -0400] "GET /phpmyadmin/index.php?token=f2fa0a6f30e10dc63bda82664a345e6e HTTP/1.1" 200 8376 "http://dev.avessoc.org.ve/phpmyadmin/" "Mozilla/5.0 (Windows NT 6.1; Win64; x64) AppleWebKit/537.36 (KHTML, like Gecko) Chrome/69.0.3497.100 Safari/537.36"
192.168.33.143 - - [08/Oct/2018:13:18:49 -0400] "POST /phpmyadmin/index.php HTTP/1.1" 302 938 "http://dev.avessoc.org.ve/phpmyadmin/" "Mozilla/5.0 (Windows NT 6.1; Win64; x64) AppleWebKit/537.36 (KHTML, like Gecko) Chrome/69.0.3497.100 Safari/537.36"
192.168.33.143 - - [08/Oct/2018:13:18:49 -0400] "GET /phpmyadmin/index.php?token=f2fa0a6f30e10dc63bda82664a345e6e HTTP/1.1" 200 14905 "http://dev.avessoc.org.ve/phpmyadmin/" "Mozilla/5.0 (Windows NT 6.1; Win64; x64) AppleWebKit/537.36 (KHTML, like Gecko) Chrome/69.0.3497.100 Safari/537.36"
192.168.33.143 - - [08/Oct/2018:13:18:50 -0400] "GET /phpmyadmin/phpmyadmin.css.php?nocache=5901333784ltr HTTP/1.1" 200 20548 "http://dev.avessoc.org.ve/phpmyadmin/index.php?token=f2fa0a6f30e10dc63bda82664a345e6e" "Mozilla/5.0 (Windows NT 6.1; Win64; x64) AppleWebKit/537.36 (KHTML, like Gecko) Chrome/69.0.3497.100 Safari/537.36"
192.168.33.143 - - [08/Oct/2018:13:18:50 -0400] "POST /phpmyadmin/db_structure.php?ajax_request=1&favorite_table=1&sync_favorite_tables=1&token=f2fa0a6f30e10dc63bda82664a345e6e HTTP/1.1" 200 1047 "http://dev.avessoc.org.ve/phpmyadmin/index.php?token=f2fa0a6f30e10dc63bda82664a345e6e" "Mozilla/5.0 (Windows NT 6.1; Win64; x64) AppleWebKit/537.36 (KHTML, like Gecko) Chrome/69.0.3497.100 Safari/537.36"
192.168.33.143 - - [08/Oct/2018:13:19:04 -0400] "GET /phpmyadmin/db_structure.php?server=1&db=c6_devwpavessoc&token=f2fa0a6f30e10dc63bda82664a345e6e&ajax_request=true&ajax_page_request=true&_nocache=1539019134805677097 HTTP/1.1" 200 18229 "http://dev.avessoc.org.ve/phpmyadmin/index.php?token=f2fa0a6f30e10dc63bda82664a345e6e" "Mozilla/5.0 (Windows NT 6.1; Win64; x64) AppleWebKit/537.36 (KHTML, like Gecko) Chrome/69.0.3497.100 Safari/537.36"
192.168.33.143 - - [08/Oct/2018:13:19:05 -0400] "GET /phpmyadmin/js/get_scripts.js.php?scripts%5B%5D=db_structure.js&scripts%5B%5D=tbl_change.js&call_done=1&v=4.5.4.1deb2ubuntu2 HTTP/1.1" 304 257 "http://dev.avessoc.org.ve/phpmyadmin/db_structure.php?server=1&db=c6_devwpavessoc&token=f2fa0a6f30e10dc63bda82664a345e6e" "Mozilla/5.0 (Windows NT 6.1; Win64; x64) AppleWebKit/537.36 (KHTML, like Gecko) Chrome/69.0.3497.100 Safari/537.36"
192.168.33.143 - - [08/Oct/2018:13:19:05 -0400] "GET /phpmyadmin/navigation.php?ajax_request=1&token=f2fa0a6f30e10dc63bda82664a345e6e&aPath=cm9vdA%3D%3D.YzZfZGV2d3BhdmVzc29j&vPath=cm9vdA%3D%3D.YzY%3D.ZGV2d3BhdmVzc29j&pos=0&pos2_name=&pos2_value=&searchClause=&searchClause2=&_nocache=1539019135787957288 HTTP/1.1" 200 4792 "http://dev.avessoc.org.ve/phpmyadmin/db_structure.php?server=1&db=c6_devwpavessoc&token=f2fa0a6f30e10dc63bda82664a345e6e" "Mozilla/5.0 (Windows NT 6.1; Win64; x64) AppleWebKit/537.36 (KHTML, like Gecko) Chrome/69.0.3497.100 Safari/537.36"
192.168.33.143 - - [08/Oct/2018:13:19:06 -0400] "POST /phpmyadmin/navigation.php?ajax_request=1&token=f2fa0a6f30e10dc63bda82664a345e6e HTTP/1.1" 200 2923 "http://dev.avessoc.org.ve/phpmyadmin/db_structure.php?server=1&db=c6_devwpavessoc&token=f2fa0a6f30e10dc63bda82664a345e6e" "Mozilla/5.0 (Windows NT 6.1; Win64; x64) AppleWebKit/537.36 (KHTML, like Gecko) Chrome/69.0.3497.100 Safari/537.36"
192.168.33.143 - - [08/Oct/2018:13:19:06 -0400] "GET /phpmyadmin/navigation.php?ajax_request=1&token=f2fa0a6f30e10dc63bda82664a345e6e&aPath=cm9vdA%3D%3D.YzZfZGV2d3BhdmVzc29j&vPath=cm9vdA%3D%3D.YzY%3D.ZGV2d3BhdmVzc29j&pos=0&pos2_name=&pos2_value=&searchClause=&searchClause2=&_nocache=1539019137006149796 HTTP/1.1" 200 4792 "http://dev.avessoc.org.ve/phpmyadmin/db_structure.php?server=1&db=c6_devwpavessoc&token=f2fa0a6f30e10dc63bda82664a345e6e" "Mozilla/5.0 (Windows NT 6.1; Win64; x64) AppleWebKit/537.36 (KHTML, like Gecko) Chrome/69.0.3497.100 Safari/537.36"
192.168.33.143 - - [08/Oct/2018:13:19:10 -0400] "GET /phpmyadmin/db_sql.php?db=c6_devwpavessoc&token=f2fa0a6f30e10dc63bda82664a345e6e&ajax_request=true&ajax_page_request=true&_nocache=153901914095699312 HTTP/1.1" 200 5323 "http://dev.avessoc.org.ve/phpmyadmin/db_structure.php?server=1&db=c6_devwpavessoc&token=f2fa0a6f30e10dc63bda82664a345e6e" "Mozilla/5.0 (Windows NT 6.1; Win64; x64) AppleWebKit/537.36 (KHTML, like Gecko) Chrome/69.0.3497.100 Safari/537.36"
192.168.33.143 - - [08/Oct/2018:13:19:11 -0400] "GET /phpmyadmin/js/get_scripts.js.php?scripts%5B%5D=makegrid.js&scripts%5B%5D=jquery/jquery.uitablefilter.js&scripts%5B%5D=sql.js&call_done=1&v=4.5.4.1deb2ubuntu2 HTTP/1.1" 200 26995 "http://dev.avessoc.org.ve/phpmyadmin/db_sql.php?db=c6_devwpavessoc&token=f2fa0a6f30e10dc63bda82664a345e6e" "Mozilla/5.0 (Windows NT 6.1; Win64; x64) AppleWebKit/537.36 (KHTML, like Gecko) Chrome/69.0.3497.100 Safari/537.36"
192.168.33.143 - - [08/Oct/2018:13:19:14 -0400] "POST /phpmyadmin/db_sql_autocomplete.php HTTP/1.1" 200 9218 "http://dev.avessoc.org.ve/phpmyadmin/db_sql.php?db=c6_devwpavessoc&token=f2fa0a6f30e10dc63bda82664a345e6e" "Mozilla/5.0 (Windows NT 6.1; Win64; x64) AppleWebKit/537.36 (KHTML, like Gecko) Chrome/69.0.3497.100 Safari/537.36"
192.168.33.143 - - [08/Oct/2018:13:19:15 -0400] "POST /phpmyadmin/lint.php HTTP/1.1" 200 1040 "http://dev.avessoc.org.ve/phpmyadmin/db_sql.php?db=c6_devwpavessoc&token=f2fa0a6f30e10dc63bda82664a345e6e" "Mozilla/5.0 (Windows NT 6.1; Win64; x64) AppleWebKit/537.36 (KHTML, like Gecko) Chrome/69.0.3497.100 Safari/537.36"
192.168.33.143 - - [08/Oct/2018:13:19:15 -0400] "POST /phpmyadmin/lint.php HTTP/1.1" 200 1045 "http://dev.avessoc.org.ve/phpmyadmin/db_sql.php?db=c6_devwpavessoc&token=f2fa0a6f30e10dc63bda82664a345e6e" "Mozilla/5.0 (Windows NT 6.1; Win64; x64) AppleWebKit/537.36 (KHTML, like Gecko) Chrome/69.0.3497.100 Safari/537.36"
192.168.33.143 - - [08/Oct/2018:13:19:16 -0400] "POST /phpmyadmin/lint.php HTTP/1.1" 200 1047 "http://dev.avessoc.org.ve/phpmyadmin/db_sql.php?db=c6_devwpavessoc&token=f2fa0a6f30e10dc63bda82664a345e6e" "Mozilla/5.0 (Windows NT 6.1; Win64; x64) AppleWebKit/537.36 (KHTML, like Gecko) Chrome/69.0.3497.100 Safari/537.36"
192.168.33.143 - - [08/Oct/2018:13:19:18 -0400] "POST /phpmyadmin/lint.php HTTP/1.1" 200 1035 "http://dev.avessoc.org.ve/phpmyadmin/db_sql.php?db=c6_devwpavessoc&token=f2fa0a6f30e10dc63bda82664a345e6e" "Mozilla/5.0 (Windows NT 6.1; Win64; x64) AppleWebKit/537.36 (KHTML, like Gecko) Chrome/69.0.3497.100 Safari/537.36"
192.168.33.143 - - [08/Oct/2018:13:19:17 -0400] "POST /wp-admin/admin-ajax.php?_fs_blog_admin=true HTTP/1.1" 200 617 "http://dev.avessoc.org.ve/wp-admin/admin.php?page=smart-slider-3&nextendcontroller=sliders&nextendaction=embed" "Mozilla/5.0 (Windows NT 6.1; Win64; x64) AppleWebKit/537.36 (KHTML, like Gecko) Chrome/69.0.3497.100 Safari/537.36"
192.168.33.143 - - [08/Oct/2018:13:19:20 -0400] "POST /phpmyadmin/lint.php HTTP/1.1" 200 1036 "http://dev.avessoc.org.ve/phpmyadmin/db_sql.php?db=c6_devwpavessoc&token=f2fa0a6f30e10dc63bda82664a345e6e" "Mozilla/5.0 (Windows NT 6.1; Win64; x64) AppleWebKit/537.36 (KHTML, like Gecko) Chrome/69.0.3497.100 Safari/537.36"
192.168.33.143 - - [08/Oct/2018:13:19:27 -0400] "POST /phpmyadmin/lint.php HTTP/1.1" 200 924 "http://dev.avessoc.org.ve/phpmyadmin/db_sql.php?db=c6_devwpavessoc&token=f2fa0a6f30e10dc63bda82664a345e6e" "Mozilla/5.0 (Windows NT 6.1; Win64; x64) AppleWebKit/537.36 (KHTML, like Gecko) Chrome/69.0.3497.100 Safari/537.36"
192.168.33.143 - - [08/Oct/2018:13:19:27 -0400] "POST /phpmyadmin/lint.php HTTP/1.1" 200 919 "http://dev.avessoc.org.ve/phpmyadmin/db_sql.php?db=c6_devwpavessoc&token=f2fa0a6f30e10dc63bda82664a345e6e" "Mozilla/5.0 (Windows NT 6.1; Win64; x64) AppleWebKit/537.36 (KHTML, like Gecko) Chrome/69.0.3497.100 Safari/537.36"
192.168.33.143 - - [08/Oct/2018:13:19:28 -0400] "POST /phpmyadmin/lint.php HTTP/1.1" 200 923 "http://dev.avessoc.org.ve/phpmyadmin/db_sql.php?db=c6_devwpavessoc&token=f2fa0a6f30e10dc63bda82664a345e6e" "Mozilla/5.0 (Windows NT 6.1; Win64; x64) AppleWebKit/537.36 (KHTML, like Gecko) Chrome/69.0.3497.100 Safari/537.36"
192.168.33.143 - - [08/Oct/2018:13:19:29 -0400] "POST /phpmyadmin/lint.php HTTP/1.1" 200 923 "http://dev.avessoc.org.ve/phpmyadmin/db_sql.php?db=c6_devwpavessoc&token=f2fa0a6f30e10dc63bda82664a345e6e" "Mozilla/5.0 (Windows NT 6.1; Win64; x64) AppleWebKit/537.36 (KHTML, like Gecko) Chrome/69.0.3497.100 Safari/537.36"
192.168.33.143 - - [08/Oct/2018:13:19:30 -0400] "POST /phpmyadmin/lint.php HTTP/1.1" 200 923 "http://dev.avessoc.org.ve/phpmyadmin/db_sql.php?db=c6_devwpavessoc&token=f2fa0a6f30e10dc63bda82664a345e6e" "Mozilla/5.0 (Windows NT 6.1; Win64; x64) AppleWebKit/537.36 (KHTML, like Gecko) Chrome/69.0.3497.100 Safari/537.36"
192.168.33.143 - - [08/Oct/2018:13:19:34 -0400] "POST /phpmyadmin/lint.php HTTP/1.1" 200 919 "http://dev.avessoc.org.ve/phpmyadmin/db_sql.php?db=c6_devwpavessoc&token=f2fa0a6f30e10dc63bda82664a345e6e" "Mozilla/5.0 (Windows NT 6.1; Win64; x64) AppleWebKit/537.36 (KHTML, like Gecko) Chrome/69.0.3497.100 Safari/537.36"
192.168.33.143 - - [08/Oct/2018:13:19:35 -0400] "POST /phpmyadmin/lint.php HTTP/1.1" 200 1034 "http://dev.avessoc.org.ve/phpmyadmin/db_sql.php?db=c6_devwpavessoc&token=f2fa0a6f30e10dc63bda82664a345e6e" "Mozilla/5.0 (Windows NT 6.1; Win64; x64) AppleWebKit/537.36 (KHTML, like Gecko) Chrome/69.0.3497.100 Safari/537.36"
